Component: ARM Compiler 5.06 update 6 (build 750) Tool: armlink [4d35ed]

==============================================================================

Section Cross References

    startup_fm33lc0xx.o(STACK) refers (Special) to heapauxi.o(.text) for __use_two_region_memory
    startup_fm33lc0xx.o(HEAP) refers (Special) to heapauxi.o(.text) for __use_two_region_memory
    startup_fm33lc0xx.o(RESET) refers (Special) to heapauxi.o(.text) for __use_two_region_memory
    startup_fm33lc0xx.o(RESET) refers to startup_fm33lc0xx.o(STACK) for __initial_sp
    startup_fm33lc0xx.o(RESET) refers to startup_fm33lc0xx.o(.text) for Reset_Handler
    startup_fm33lc0xx.o(RESET) refers to myuart.o(i.UART0_IRQHandler) for UART0_IRQHandler
    startup_fm33lc0xx.o(RESET) refers to mf_config.o(i.HFDET_IRQHandler) for HFDET_IRQHandler
    startup_fm33lc0xx.o(.text) refers (Special) to heapauxi.o(.text) for __use_two_region_memory
    startup_fm33lc0xx.o(.text) refers to system_fm33lc0xx.o(i.SystemInit) for SystemInit
    startup_fm33lc0xx.o(.text) refers to __main.o(!!!main) for __main
    startup_fm33lc0xx.o(.text) refers to startup_fm33lc0xx.o(HEAP) for Heap_Mem
    startup_fm33lc0xx.o(.text) refers to startup_fm33lc0xx.o(STACK) for Stack_Mem
    mf_config.o(i.MF_ATIM_Channel1_Init) refers to fm33lc0xx_fl_gpio.o(i.FL_GPIO_Init) for FL_GPIO_Init
    mf_config.o(i.MF_ATIM_Channel1_Init) refers to fm33lc0xx_fl_atim.o(i.FL_ATIM_OC_Init) for FL_ATIM_OC_Init
    mf_config.o(i.MF_ATIM_Channel2_Init) refers to fm33lc0xx_fl_gpio.o(i.FL_GPIO_Init) for FL_GPIO_Init
    mf_config.o(i.MF_ATIM_Channel2_Init) refers to fm33lc0xx_fl_atim.o(i.FL_ATIM_OC_Init) for FL_ATIM_OC_Init
    mf_config.o(i.MF_ATIM_Channel3_Init) refers to fm33lc0xx_fl_gpio.o(i.FL_GPIO_Init) for FL_GPIO_Init
    mf_config.o(i.MF_ATIM_Channel3_Init) refers to fm33lc0xx_fl_atim.o(i.FL_ATIM_OC_Init) for FL_ATIM_OC_Init
    mf_config.o(i.MF_ATIM_TimerBase_Init) refers to fm33lc0xx_fl_atim.o(i.FL_ATIM_Init) for FL_ATIM_Init
    mf_config.o(i.MF_Clock_Init) refers to system_fm33lc0xx.o(i.SystemCoreClockUpdate) for SystemCoreClockUpdate
    mf_config.o(i.MF_Config_Init) refers to mf_config.o(i.MF_ATIM_TimerBase_Init) for MF_ATIM_TimerBase_Init
    mf_config.o(i.MF_Config_Init) refers to mf_config.o(i.MF_ATIM_Channel1_Init) for MF_ATIM_Channel1_Init
    mf_config.o(i.MF_Config_Init) refers to mf_config.o(i.MF_ATIM_Channel2_Init) for MF_ATIM_Channel2_Init
    mf_config.o(i.MF_Config_Init) refers to mf_config.o(i.MF_ATIM_Channel3_Init) for MF_ATIM_Channel3_Init
    mf_config.o(i.MF_Config_Init) refers to mf_config.o(i.MF_I2C_MASTER_Init) for MF_I2C_MASTER_Init
    mf_config.o(i.MF_Config_Init) refers to mf_config.o(i.MF_UART0_Init) for MF_UART0_Init
    mf_config.o(i.MF_I2C_MASTER_Init) refers to fm33lc0xx_fl_gpio.o(i.FL_GPIO_Init) for FL_GPIO_Init
    mf_config.o(i.MF_I2C_MASTER_Init) refers to fm33lc0xx_fl_i2c.o(i.FL_I2C_MasterMode_Init) for FL_I2C_MasterMode_Init
    mf_config.o(i.MF_UART0_Init) refers to fm33lc0xx_fl_gpio.o(i.FL_GPIO_Init) for FL_GPIO_Init
    mf_config.o(i.MF_UART0_Init) refers to fm33lc0xx_fl_uart.o(i.FL_UART_Init) for FL_UART_Init
    main.o(i.main) refers to fm33lc0xx_fl.o(i.FL_Init) for FL_Init
    main.o(i.main) refers to mf_config.o(i.MF_Clock_Init) for MF_Clock_Init
    main.o(i.main) refers to mf_config.o(i.MF_Config_Init) for MF_Config_Init
    main.o(i.main) refers to myuart.o(i.Serial_SendString) for Serial_SendString
    main.o(i.main) refers to foc_kenal.o(i.SetPhaseVoltage) for SetPhaseVoltage
    main.o(i.main) refers to f2d.o(.text) for __aeabi_f2d
    main.o(i.main) refers to daddsub.o(.text) for __aeabi_dadd
    main.o(i.main) refers to d2f.o(.text) for __aeabi_d2f
    myuart.o(i.Serial_SendArray) refers to myuart.o(i.Send_Byte) for Send_Byte
    myuart.o(i.Serial_SendNumber) refers to myuart.o(i.Serial_Pow) for Serial_Pow
    myuart.o(i.Serial_SendNumber) refers to aeabi_sdiv.o(.text) for __aeabi_uidivmod
    myuart.o(i.Serial_SendNumber) refers to myuart.o(i.Send_Byte) for Send_Byte
    myuart.o(i.Serial_SendString) refers to myuart.o(i.Send_Byte) for Send_Byte
    myuart.o(i.UART0_IRQHandler) refers to myuart.o(.data) for RxData
    foc_kenal.o(i.SetPhaseVoltage) refers to f2d.o(.text) for __aeabi_f2d
    foc_kenal.o(i.SetPhaseVoltage) refers to sin.o(i.sin) for sin
    foc_kenal.o(i.SetPhaseVoltage) refers to dmul.o(.text) for __aeabi_dmul
    foc_kenal.o(i.SetPhaseVoltage) refers to cos.o(i.cos) for cos
    foc_kenal.o(i.SetPhaseVoltage) refers to daddsub.o(.text) for __aeabi_dsub
    foc_kenal.o(i.SetPhaseVoltage) refers to d2f.o(.text) for __aeabi_d2f
    foc_kenal.o(i.SetPhaseVoltage) refers to fmul.o(x$fpl$fmul) for __aeabi_fmul
    foc_kenal.o(i.SetPhaseVoltage) refers to faddsub.o(x$fpl$fadd) for __aeabi_fadd
    foc_kenal.o(i.SetPhaseVoltage) refers to sqrt.o(i.sqrt) for sqrt
    foc_kenal.o(i.SetPhaseVoltage) refers to ddiv.o(.text) for __aeabi_ddiv
[...]
    Removing fm33lc0xx_fl_lpuart.o(.revsh_text), (4 bytes).
    Removing fm33lc0xx_fl_lpuart.o(i.FL_LPUART_DeInit), (172 bytes).
    Removing fm33lc0xx_fl_lpuart.o(i.FL_LPUART_Init), (632 bytes).
    Removing fm33lc0xx_fl_lpuart.o(i.FL_LPUART_StructInit), (24 bytes).
    Removing fm33lc0xx_fl_lpuart.o(i.FL_RCC_DisableGroup1OperationClock), (16 bytes).
    Removing fm33lc0xx_fl_lpuart.o(i.FL_RCC_EnableGroup1OperationClock), (16 bytes).
    Removing fm33lc0xx_fl_lpuart.o(i.FL_RCC_EnableGroup3BusClock), (16 bytes).
    Removing fm33lc0xx_fl_lpuart.o(i.FL_RCC_IsEnabledGroup3BusClock), (24 bytes).
    Removing fm33lc0xx_fl_lpuart.o(i.FL_RCC_RCMF_Enable), (20 bytes).
    Removing fm33lc0xx_fl_atim.o(.rev16_text), (4 bytes).
    Removing fm33lc0xx_fl_atim.o(.revsh_text), (4 bytes).
    Removing fm33lc0xx_fl_atim.o(i.FL_ATIM_BDTR_Init), (568 bytes).
    Removing fm33lc0xx_fl_atim.o(i.FL_ATIM_BDTR_StructInit), (34 bytes).
    Removing fm33lc0xx_fl_atim.o(i.FL_ATIM_DeInit), (124 bytes).
    Removing fm33lc0xx_fl_atim.o(i.FL_ATIM_ETRStructInit), (12 bytes).
    Removing fm33lc0xx_fl_atim.o(i.FL_ATIM_ETR_Init), (368 bytes).
    Removing fm33lc0xx_fl_atim.o(i.FL_ATIM_IC_Init), (490 bytes).
    Removing fm33lc0xx_fl_atim.o(i.FL_ATIM_IC_StructInit), (18 bytes).
    Removing fm33lc0xx_fl_atim.o(i.FL_ATIM_OC_StructInit), (24 bytes).
    Removing fm33lc0xx_fl_atim.o(i.FL_ATIM_SetSlaveMode), (12 bytes).
    Removing fm33lc0xx_fl_atim.o(i.FL_ATIM_SlaveModeStructInit), (14 bytes).
    Removing fm33lc0xx_fl_atim.o(i.FL_ATIM_SlaveMode_Init), (276 bytes).
    Removing fm33lc0xx_fl_atim.o(i.FL_ATIM_StructInit), (28 bytes).
    Removing fm33lc0xx_fl_uart.o(.rev16_text), (4 bytes).
    Removing fm33lc0xx_fl_uart.o(.revsh_text), (4 bytes).
    Removing fm33lc0xx_fl_uart.o(i.FL_RCC_DisableGroup1OperationClock), (16 bytes).
    Removing fm33lc0xx_fl_uart.o(i.FL_RCC_DisableGroup3BusClock), (16 bytes).
    Removing fm33lc0xx_fl_uart.o(i.FL_RCC_DisableResetAPB1Peripheral), (16 bytes).
    Removing fm33lc0xx_fl_uart.o(i.FL_RCC_DisableResetAPB2Peripheral), (16 bytes).
    Removing fm33lc0xx_fl_uart.o(i.FL_RCC_EnableResetAPB1Peripheral), (16 bytes).
    Removing fm33lc0xx_fl_uart.o(i.FL_RCC_EnableResetAPB2Peripheral), (16 bytes).
    Removing fm33lc0xx_fl_uart.o(i.FL_UART_DeInit), (216 bytes).
    Removing fm33lc0xx_fl_uart.o(i.FL_UART_InfraRed_Init), (528 bytes).
    Removing fm33lc0xx_fl_uart.o(i.FL_UART_InfraRed_StructInit), (20 bytes).
    Removing fm33lc0xx_fl_uart.o(i.FL_UART_StructInit), (28 bytes).
    Removing fm33lc0xx_fl_comp.o(.rev16_text), (4 bytes).
    Removing fm33lc0xx_fl_comp.o(.revsh_text), (4 bytes).
    Removing fm33lc0xx_fl_comp.o(i.FL_COMP_DeInit), (80 bytes).
    Removing fm33lc0xx_fl_comp.o(i.FL_COMP_Init), (488 bytes).
    Removing fm33lc0xx_fl_comp.o(i.FL_COMP_StructInit), (16 bytes).
    Removing fm33lc0xx_fl_opa.o(.rev16_text), (4 bytes).
    Removing fm33lc0xx_fl_opa.o(.revsh_text), (4 bytes).
    Removing fm33lc0xx_fl_opa.o(i.FL_OPA_DeInit), (116 bytes).
    Removing fm33lc0xx_fl_opa.o(i.FL_OPA_Init), (460 bytes).
    Removing fm33lc0xx_fl_opa.o(i.FL_OPA_StructInit), (18 bytes).
    Removing fm33lc0xx_fl_aes.o(.rev16_text), (4 bytes).
    Removing fm33lc0xx_fl_aes.o(.revsh_text), (4 bytes).
    Removing fm33lc0xx_fl_aes.o(i.FL_AES_DeInit), (76 bytes).
    Removing fm33lc0xx_fl_aes.o(i.FL_AES_Init), (320 bytes).
    Removing fm33lc0xx_fl_aes.o(i.FL_AES_StructInit), (12 bytes).

280 unused section(s) (total 23562 bytes) removed from the image.

==============================================================================

Image Symbol Table

    Local Symbols

    Symbol Name                              Value     Ov Type        Size  Object(Section)

    RESET                                    0x00000000   Section      192  startup_fm33lc0xx.o(RESET)
    ../Drivers/CMSIS/Device/FM/FM33xx/Source/Templates/ARM/startup_fm33lc0xx.s 0x00000000   Number         0  startup_fm33lc0xx.o ABSOLUTE
    ../Drivers/CMSIS/Device/FM/FM33xx/Source/system_fm33lc0xx.c 0x00000000   Number         0  system_fm33lc0xx.o ABSOLUTE
    ../Drivers/FM33LC0xx_FL_Driver/Src/fm33lc0xx_fl.c 0x00000000   Number         0  fm33lc0xx_fl.o ABSOLUTE
    ../Drivers/FM33LC0xx_FL_Driver/Src/fm33lc0xx_fl_adc.c 0x00000000   Number         0  fm33lc0xx_fl_adc.o ABSOLUTE
    ../Drivers/FM33LC0xx_FL_Driver/Src/fm33lc0xx_fl_aes.c 0x00000000   Number         0  fm33lc0xx_fl_aes.o ABSOLUTE
    ../Drivers/FM33LC0xx_FL_Driver/Src/fm33lc0xx_fl_atim.c 0x00000000   Number         0  fm33lc0xx_fl_atim.o ABSOLUTE
    ../Drivers/FM33LC0xx_FL_Driver/Src/fm33lc0xx_fl_bstim32.c 0x00000000   Number         0  fm33lc0xx_fl_bstim32.o ABSOLUTE
    ../Drivers/FM33LC0xx_FL_Driver/Src/fm33lc0xx_fl_comp.c 0x00000000   Number         0  fm33lc0xx_fl_comp.o ABSOLUTE
    ../Drivers/FM33LC0xx_FL_Driver/Src/fm33lc0xx_fl_crc.c 0x00000000   Number         0  fm33lc0xx_fl_crc.o ABSOLUTE
    ../Drivers/FM33LC0xx_FL_Driver/Src/fm33lc0xx_fl_divas.c 0x00000000   Number         0  fm33lc0xx_fl_divas.o ABSOLUTE
    ../Drivers/FM33LC0xx_FL_Driver/Src/fm33lc0xx_fl_dma.c 0x00000000   Number         0  fm33lc0xx_fl_dma.o ABSOLUTE
    ../Drivers/FM33LC0xx_FL_Driver/Src/fm33lc0xx_fl_exti.c 0x00000000   Number         0  fm33lc0xx_fl_exti.o ABSOLUTE
    ../Drivers/FM33LC0xx_FL_Driver/Src/fm33lc0xx_fl_flash.c 0x00000000   Number         0  fm33lc0xx_fl_flash.o ABSOLUTE
    ../Drivers/FM33LC0xx_FL_Driver/Src/fm33lc0xx_fl_gpio.c 0x00000000   Number         0  fm33lc0xx_fl_gpio.o ABSOLUTE
    ../Drivers/FM33LC0xx_FL_Driver/Src/fm33lc0xx_fl_gptim.c 0x00000000   Number         0  fm33lc0xx_fl_gptim.o ABSOLUTE
    ../Drivers/FM33LC0xx_FL_Driver/Src/fm33lc0xx_fl_i2c.c 0x00000000   Number         0  fm33lc0xx_fl_i2c.o ABSOLUTE
    ../Drivers/FM33LC0xx_FL_Driver/Src/fm33lc0xx_fl_iwdt.c 0x00000000   Number         0  fm33lc0xx_fl_iwdt.o ABSOLUTE
    ../Drivers/FM33LC0xx_FL_Driver/Src/fm33lc0xx_fl_lcd.c 0x00000000   Number         0  fm33lc0xx_fl_lcd.o ABSOLUTE
    ../Drivers/FM33LC0xx_FL_Driver/Src/fm33lc0xx_fl_lptim32.c 0x00000000   Number         0  fm33lc0xx_fl_lptim32.o ABSOLUTE
    ../Drivers/FM33LC0xx_FL_Driver/Src/fm33lc0xx_fl_lpuart.c 0x00000000   Number         0  fm33lc0xx_fl_lpuart.o ABSOLUTE
    ../Drivers/FM33LC0xx_FL_Driver/Src/fm33lc0xx_fl_opa.c 0x00000000   Number         0  fm33lc0xx_fl_opa.o ABSOLUTE
    ../Drivers/FM33LC0xx_FL_Driver/Src/fm33lc0xx_fl_pmu.c 0x00000000   Number         0  fm33lc0xx_fl_pmu.o ABSOLUTE
    ../Drivers/FM33LC0xx_FL_Driver/Src/fm33lc0xx_fl_rcc.c 0x00000000   Number         0  fm33lc0xx_fl_rcc.o ABSOLUTE
    ../Drivers/FM33LC0xx_FL_Driver/Src/fm33lc0xx_fl_rng.c 0x00000000   Number         0  fm33lc0xx_fl_rng.o ABSOLUTE
    ../Drivers/FM33LC0xx_FL_Driver/Src/fm33lc0xx_fl_rtc.c 0x00000000   Number         0  fm33lc0xx_fl_rtc.o ABSOLUTE
    ../Drivers/FM33LC0xx_FL_Driver/Src/fm33lc0xx_fl_spi.c 0x00000000   Number         0  fm33lc0xx_fl_spi.o ABSOLUTE
    ../Drivers/FM33LC0xx_FL_Driver/Src/fm33lc0xx_fl_svd.c 0x00000000   Number         0  fm33lc0xx_fl_svd.o ABSOLUTE
    ../Drivers/FM33LC0xx_FL_Driver/Src/fm33lc0xx_fl_u7816.c 0x00000000   Number         0  fm33lc0xx_fl_u7816.o ABSOLUTE
    ../Drivers/FM33LC0xx_FL_Driver/Src/fm33lc0xx_fl_uart.c 0x00000000   Number         0  fm33lc0xx_fl_uart.o ABSOLUTE
    ../Drivers/FM33LC0xx_FL_Driver/Src/fm33lc0xx_fl_wwdt.c 0x00000000   Number         0  fm33lc0xx_fl_wwdt.o ABSOLUTE
    ../MF-config/Src/mf_config.c             0x00000000   Number         0  mf_config.o ABSOLUTE
    ../Src/main.c                            0x00000000   Number         0  main.o ABSOLUTE
    ../clib/angel/boardlib.s                 0x00000000   Number         0  boardinit1.o ABSOLUTE
    ../clib/angel/boardlib.s                 0x00000000   Number         0  boardshut.o ABSOLUTE
    ../clib/angel/boardlib.s                 0x00000000   Number         0  boardinit3.o ABSOLUTE
    ../clib/angel/boardlib.s                 0x00000000   Number         0  boardinit2.o ABSOLUTE
    ../clib/angel/handlers.s                 0x00000000   Number         0  __scatter_copy.o ABSOLUTE
    ../clib/angel/handlers.s                 0x00000000   Number         0  __scatter_zi.o ABSOLUTE
    ../clib/angel/kernel.s                   0x00000000   Number         0  rtexit2.o ABSOLUTE
    ../clib/angel/kernel.s                   0x00000000   Number         0  __rtentry4.o ABSOLUTE
    ../clib/angel/kernel.s                   0x00000000   Number         0  __rtentry2.o ABSOLUTE
    ../clib/angel/kernel.s                   0x00000000   Number         0  rtexit.o ABSOLUTE
    ../clib/angel/kernel.s                   0x00000000   Number         0  __rtentry.o ABSOLUTE
    ../clib/angel/rt.s                       0x00000000   Number         0  rt_errno_addr_intlibspace.o ABSOLUTE
    ../clib/angel/rt.s                       0x00000000   Number         0  rt_errno_addr.o ABSOLUTE
    ../clib/angel/rt.s                       0x00000000   Number         0  rt_div0.o ABSOLUTE
    ../clib/angel/rt.s                       0x00000000   Number         0  rt_raise.o ABSOLUTE
    ../clib/angel/rt.s                       0x00000000   Number         0  aeabi_idiv0_sigfpe.o ABSOLUTE
    ../clib/angel/rt.s                       0x00000000   Number         0  aeabi_idiv0.o ABSOLUTE
    ../clib/angel/scatterp.s                 0x00000000   Number         0  __scatter.o ABSOLUTE
    ../clib/angel/startup.s                  0x00000000   Number         0  __main.o ABSOLUTE
    ../clib/angel/sys.s                      0x00000000   Number         0  libspace.o ABSOLUTE
    ../clib/angel/sys.s                      0x00000000   Number         0  tempstk.o ABSOLUTE
    ../clib/angel/sys.s                      0x00000000   Number         0  use_no_semi.o ABSOLUTE
    ../clib/angel/sys.s                      0x00000000   Number         0  indicate_semi.o ABSOLUTE
    ../clib/angel/sys.s                      0x00000000   Number         0  sys_stackheap_outer.o ABSOLUTE
    ../clib/angel/sysapp.c                   0x00000000   Number         0  sys_command.o ABSOLUTE
    ../clib/angel/sysapp.c                   0x00000000   Number         0  sys_exit.o ABSOLUTE
    ../clib/angel/sysapp.c                   0x00000000   Number         0  sys_wrch.o ABSOLUTE
    ../clib/armsys.c                         0x00000000   Number         0  argv_veneer.o ABSOLUTE
    ../clib/armsys.c                         0x00000000   Number         0  no_argv.o ABSOLUTE
    ../clib/armsys.c                         0x00000000   Number         0  _get_argv_nomalloc.o ABSOLUTE
    ../clib/division.s                       0x00000000   Number         0  aeabi_sdiv.o ABSOLUTE
    ../clib/division.s                       0x00000000   Number         0  aeabi_sdiv_div0.o ABSOLUTE
    ../clib/fenv.c                           0x00000000   Number         0  _rserrno.o ABSOLUTE
    ../clib/heapalloc.c                      0x00000000   Number         0  hrguard.o ABSOLUTE
    ../clib/heapaux.c                        0x00000000   Number         0  heapauxi.o ABSOLUTE
    ../clib/libinit.s                        0x00000000   Number         0  libinit2.o ABSOLUTE
    ../clib/libinit.s                        0x00000000   Number         0  libinit.o ABSOLUTE
    ../clib/libinit.s                        0x00000000   Number         0  libshutdown2.o ABSOLUTE
    ../clib/libinit.s                        0x00000000   Number         0  libshutdown.o ABSOLUTE
    ../clib/memcpset.c                       0x00000000   Number         0  rt_memclr.o ABSOLUTE
    ../clib/signal.c                         0x00000000   Number         0  __raise.o ABSOLUTE
    ../clib/signal.c                         0x00000000   Number         0  defsig_rtmem_outer.o ABSOLUTE
    ../clib/signal.c                         0x00000000   Number         0  defsig_rtmem_formal.o ABSOLUTE
    ../clib/signal.c                         0x00000000   Number         0  defsig_stak_inner.o ABSOLUTE
    ../clib/signal.c                         0x00000000   Number         0  defsig_pvfn_inner.o ABSOLUTE
    ../clib/signal.c                         0x00000000   Number         0  defsig_cppl_inner.o ABSOLUTE
    ../clib/signal.c                         0x00000000   Number         0  defsig_abrt_inner.o ABSOLUTE
    ../clib/signal.c                         0x00000000   Number         0  defsig_rtred_inner.o ABSOLUTE
    ../clib/signal.c                         0x00000000   Number         0  defsig_exit.o ABSOLUTE
    ../clib/signal.c                         0x00000000   Number         0  defsig_rtmem_inner.o ABSOLUTE
    ../clib/signal.c                         0x00000000   Number         0  defsig_segv_inner.o ABSOLUTE
    ../clib/signal.c                         0x00000000   Number         0  defsig_other.o ABSOLUTE
    ../clib/signal.c                         0x00000000   Number         0  defsig_fpe_inner.o ABSOLUTE
    ../clib/signal.c                         0x00000000   Number         0  defsig_fpe_formal.o ABSOLUTE
    ../clib/signal.c                         0x00000000   Number         0  defsig_fpe_outer.o ABSOLUTE
    ../clib/signal.c                         0x00000000   Number         0  defsig_general.o ABSOLUTE
    ../clib/signal.s                         0x00000000   Number         0  defsig.o ABSOLUTE
    ../clib/stdlib.c                         0x00000000   Number         0  exit.o ABSOLUTE
    ../fplib/cfplib/cmpret.c                 0x00000000   Number         0  cmpret.o ABSOLUTE
    ../fplib/cfplib/d2f.c                    0x00000000   Number         0  d2f.o ABSOLUTE
    ../fplib/cfplib/daddsub.c                0x00000000   Number         0  daddsub.o ABSOLUTE
    ../fplib/cfplib/dcmpin.c                 0x00000000   Number         0  dcmpin.o ABSOLUTE
    ../fplib/cfplib/ddiv.c                   0x00000000   Number         0  ddiv.o ABSOLUTE
    ../fplib/cfplib/dmul.c                   0x00000000   Number         0  dmul.o ABSOLUTE
    ../fplib/cfplib/drem.c                   0x00000000   Number         0  drem.o ABSOLUTE
    ../fplib/cfplib/dsqrt.c                  0x00000000   Number         0  dsqrt.o ABSOLUTE
    ../fplib/cfplib/f2d.c                    0x00000000   Number         0  f2d.o ABSOLUTE
    ../fplib/cfplib/fcmpin.c                 0x00000000   Number         0  fcmpin.o ABSOLUTE
    ../fplib/cfplib/fdiv.c                   0x00000000   Number         0  fdiv.o ABSOLUTE
    ../fplib/cfplib/ffix.c                   0x00000000   Number         0  dfixui.o ABSOLUTE
    ../fplib/cfplib/ffix.c                   0x00000000   Number         0  ffixui.o ABSOLUTE
    ../fplib/cfplib/ffix.c                   0x00000000   Number         0  dfixi.o ABSOLUTE
    ../fplib/cfplib/fflt.c                   0x00000000   Number         0  fflti.o ABSOLUTE
    ../fplib/cfplib/fflt.c                   0x00000000   Number         0  dflti.o ABSOLUTE
    ../fplib/cfplib/fpinit.c                 0x00000000   Number         0  fpinit.o ABSOLUTE
    ../fplib/cfplib/nan2.c                   0x00000000   Number         0  dnan2.o ABSOLUTE
    ../fplib/cfplib/nan2.c                   0x00000000   Number         0  fnan2.o ABSOLUTE
    ../fplib/cfplib/retnan.c                 0x00000000   Number         0  retnan.o ABSOLUTE
    ../fplib/cfplib/scalbn.c                 0x00000000   Number         0  dscalbn.o ABSOLUTE
    ../fplib/dleqf6m.s                       0x00000000   Number         0  dlef.o ABSOLUTE
    ../fplib/drleqf6m.s                      0x00000000   Number         0  drlef.o ABSOLUTE
    ../fplib/faddsub6m.s                     0x00000000   Number         0  faddsub.o ABSOLUTE
    ../fplib/fleqf6m.s                       0x00000000   Number         0  flef.o ABSOLUTE
    ../fplib/fmul6m.s                        0x00000000   Number         0  fmul.o ABSOLUTE
    ../fplib/frleqf6m.s                      0x00000000   Number         0  frlef.o ABSOLUTE
    ../fplib/usenofp.s                       0x00000000   Number         0  usenofp.o ABSOLUTE
    ../mathlib/cos.c                         0x00000000   Number         0  cos.o ABSOLUTE
    ../mathlib/cos.c                         0x00000000   Number         0  cos_x.o ABSOLUTE
    ../mathlib/cos_i.c                       0x00000000   Number         0  cos_i.o ABSOLUTE
    ../mathlib/dunder.c                      0x00000000   Number         0  dunder.o ABSOLUTE
    ../mathlib/fmod.c                        0x00000000   Number         0  fmod_x.o ABSOLUTE
    ../mathlib/fmod.c                        0x00000000   Number         0  fmod.o ABSOLUTE
    ../mathlib/fpclassify.c                  0x00000000   Number         0  fpclassify.o ABSOLUTE
    ../mathlib/poly.c                        0x00000000   Number         0  poly.o ABSOLUTE
    ../mathlib/rred.c                        0x00000000   Number         0  rred.o ABSOLUTE
    ../mathlib/sin.c                         0x00000000   Number         0  sin.o ABSOLUTE
    ../mathlib/sin.c                         0x00000000   Number         0  sin_x.o ABSOLUTE
    ../mathlib/sin_i.c                       0x00000000   Number         0  sin_i.o ABSOLUTE
    ../mathlib/sin_i.c                       0x00000000   Number         0  sin_i_x.o ABSOLUTE
    ../mathlib/sqrt.c                        0x00000000   Number         0  sqrt_x.o ABSOLUTE
    ../mathlib/sqrt.c                        0x00000000   Number         0  sqrt.o ABSOLUTE
    ..\Drivers\CMSIS\Device\FM\FM33xx\Source\system_fm33lc0xx.c 0x00000000   Number         0  system_fm33lc0xx.o ABSOLUTE
    ..\Drivers\FM33LC0xx_FL_Driver\Src\fm33lc0xx_fl.c 0x00000000   Number         0  fm33lc0xx_fl.o ABSOLUTE
    ..\Drivers\FM33LC0xx_FL_Driver\Src\fm33lc0xx_fl_adc.c 0x00000000   Number         0  fm33lc0xx_fl_adc.o ABSOLUTE
    ..\Drivers\FM33LC0xx_FL_Driver\Src\fm33lc0xx_fl_aes.c 0x00000000   Number         0  fm33lc0xx_fl_aes.o ABSOLUTE
    ..\Drivers\FM33LC0xx_FL_Driver\Src\fm33lc0xx_fl_atim.c 0x00000000   Number         0  fm33lc0xx_fl_atim.o ABSOLUTE
    ..\Drivers\FM33LC0xx_FL_Driver\Src\fm33lc0xx_fl_bstim32.c 0x00000000   Number         0  fm33lc0xx_fl_bstim32.o ABSOLUTE
    ..\Drivers\FM33LC0xx_FL_Driver\Src\fm33lc0xx_fl_comp.c 0x00000000   Number         0  fm33lc0xx_fl_comp.o ABSOLUTE
    ..\Drivers\FM33LC0xx_FL_Driver\Src\fm33lc0xx_fl_crc.c 0x00000000   Number         0  fm33lc0xx_fl_crc.o ABSOLUTE
    ..\Drivers\FM33LC0xx_FL_Driver\Src\fm33lc0xx_fl_divas.c 0x00000000   Number         0  fm33lc0xx_fl_divas.o ABSOLUTE
    ..\Drivers\FM33LC0xx_FL_Driver\Src\fm33lc0xx_fl_dma.c 0x00000000   Number         0  fm33lc0xx_fl_dma.o ABSOLUTE
    ..\Drivers\FM33LC0xx_FL_Driver\Src\fm33lc0xx_fl_exti.c 0x00000000   Number         0  fm33lc0xx_fl_exti.o ABSOLUTE
    ..\Drivers\FM33LC0xx_FL_Driver\Src\fm33lc0xx_fl_flash.c 0x00000000   Number         0  fm33lc0xx_fl_flash.o ABSOLUTE
    ..\Drivers\FM33LC0xx_FL_Driver\Src\fm33lc0xx_fl_gpio.c 0x00000000   Number         0  fm33lc0xx_fl_gpio.o ABSOLUTE
    ..\Drivers\FM33LC0xx_FL_Driver\Src\fm33lc0xx_fl_gptim.c 0x00000000   Number         0  fm33lc0xx_fl_gptim.o ABSOLUTE
    ..\Drivers\FM33LC0xx_FL_Driver\Src\fm33lc0xx_fl_i2c.c 0x00000000   Number         0  fm33lc0xx_fl_i2c.o ABSOLUTE
    ..\Drivers\FM33LC0xx_FL_Driver\Src\fm33lc0xx_fl_iwdt.c 0x00000000   Number         0  fm33lc0xx_fl_iwdt.o ABSOLUTE
    ..\Drivers\FM33LC0xx_FL_Driver\Src\fm33lc0xx_fl_lcd.c 0x00000000   Number         0  fm33lc0xx_fl_lcd.o ABSOLUTE
    ..\Drivers\FM33LC0xx_FL_Driver\Src\fm33lc0xx_fl_lptim32.c 0x00000000   Number         0  fm33lc0xx_fl_lptim32.o ABSOLUTE
    ..\Drivers\FM33LC0xx_FL_Driver\Src\fm33lc0xx_fl_lpuart.c 0x00000000   Number         0  fm33lc0xx_fl_lpuart.o ABSOLUTE
    ..\Drivers\FM33LC0xx_FL_Driver\Src\fm33lc0xx_fl_opa.c 0x00000000   Number         0  fm33lc0xx_fl_opa.o ABSOLUTE
    ..\Drivers\FM33LC0xx_FL_Driver\Src\fm33lc0xx_fl_pmu.c 0x00000000   Number         0  fm33lc0xx_fl_pmu.o ABSOLUTE
    ..\Drivers\FM33LC0xx_FL_Driver\Src\fm33lc0xx_fl_rcc.c 0x00000000   Number         0  fm33lc0xx_fl_rcc.o ABSOLUTE
    ..\Drivers\FM33LC0xx_FL_Driver\Src\fm33lc0xx_fl_rng.c 0x00000000   Number         0  fm33lc0xx_fl_rng.o ABSOLUTE
    ..\Drivers\FM33LC0xx_FL_Driver\Src\fm33lc0xx_fl_rtc.c 0x00000000   Number         0  fm33lc0xx_fl_rtc.o ABSOLUTE
    ..\Drivers\FM33LC0xx_FL_Driver\Src\fm33lc0xx_fl_spi.c 0x00000000   Number         0  fm33lc0xx_fl_spi.o ABSOLUTE
    ..\Drivers\FM33LC0xx_FL_Driver\Src\fm33lc0xx_fl_svd.c 0x00000000   Number         0  fm33lc0xx_fl_svd.o ABSOLUTE
    ..\Drivers\FM33LC0xx_FL_Driver\Src\fm33lc0xx_fl_u7816.c 0x00000000   Number         0  fm33lc0xx_fl_u7816.o ABSOLUTE
    ..\Drivers\FM33LC0xx_FL_Driver\Src\fm33lc0xx_fl_uart.c 0x00000000   Number         0  fm33lc0xx_fl_uart.o ABSOLUTE
    ..\Drivers\FM33LC0xx_FL_Driver\Src\fm33lc0xx_fl_wwdt.c 0x00000000   Number         0  fm33lc0xx_fl_wwdt.o ABSOLUTE
    ..\MF-config\Src\mf_config.c             0x00000000   Number         0  mf_config.o ABSOLUTE
    ..\Src\FOC_kenal.c                       0x00000000   Number         0  foc_kenal.o ABSOLUTE
    ..\Src\MyUART.c                          0x00000000   Number         0  myuart.o ABSOLUTE
    ..\Src\main.c                            0x00000000   Number         0  main.o ABSOLUTE
    ..\\Src\\FOC_kenal.c                     0x00000000   Number         0  foc_kenal.o ABSOLUTE
    ..\\Src\\MyUART.c                        0x00000000   Number         0  myuart.o ABSOLUTE
    dc.s                                     0x00000000   Number         0  dc.o ABSOLUTE
    !!!main                                  0x000000c0   Section        8  __main.o(!!!main)
    !!!scatter                               0x000000c8   Section       60  __scatter.o(!!!scatter)
    !!handler_copy                           0x00000104   Section       26  __scatter_copy.o(!!handler_copy)
    !!handler_zi                             0x00000120   Section       28  __scatter_zi.o(!!handler_zi)
    .ARM.Collect$$libinit$$00000000          0x0000013c   Section        2  libinit.o(.ARM.Collect$$libinit$$00000000)
    .ARM.Collect$$libinit$$00000002          0x0000013e   Section        0  libinit2.o(.ARM.Collect$$libinit$$00000002)
    .ARM.Collect$$libinit$$00000004          0x0000013e   Section        0  libinit2.o(.ARM.Collect$$libinit$$00000004)
    .ARM.Collect$$libinit$$0000000A          0x0000013e   Section        0  libinit2.o(.ARM.Collect$$libinit$$0000000A)
    .ARM.Collect$$libinit$$0000000C          0x0000013e   Section        0  libinit2.o(.ARM.Collect$$libinit$$0000000C)
    .ARM.Collect$$libinit$$0000000E          0x0000013e   Section        0  libinit2.o(.ARM.Collect$$libinit$$0000000E)
    .ARM.Collect$$libinit$$00000011          0x0000013e   Section        0  libinit2.o(.ARM.Collect$$libinit$$00000011)
    .ARM.Collect$$libinit$$00000013          0x0000013e   Section        0  libinit2.o(.ARM.Collect$$libinit$$00000013)
    .ARM.Collect$$libinit$$00000015          0x0000013e   Section        0  libinit2.o(.ARM.Collect$$libinit$$00000015)
    .ARM.Collect$$libinit$$00000017          0x0000013e   Section        0  libinit2.o(.ARM.Collect$$libinit$$00000017)
    .ARM.Collect$$libinit$$00000019          0x0000013e   Section        0  libinit2.o(.ARM.Collect$$libinit$$00000019)
    .ARM.Collect$$libinit$$0000001B          0x0000013e   Section        0  libinit2.o(.ARM.Collect$$libinit$$0000001B)
    .ARM.Collect$$libinit$$0000001D          0x0000013e   Section        0  libinit2.o(.ARM.Collect$$libinit$$0000001D)
    .ARM.Collect$$libinit$$0000001F          0x0000013e   Section        0  libinit2.o(.ARM.Collect$$libinit$$0000001F)
    .ARM.Collect$$libinit$$00000021          0x0000013e   Section        0  libinit2.o(.ARM.Collect$$libinit$$00000021)
    .ARM.Collect$$libinit$$00000023          0x0000013e   Section        0  libinit2.o(.ARM.Collect$$libinit$$00000023)
    .ARM.Collect$$libinit$$00000025          0x0000013e   Section        0  libinit2.o(.ARM.Collect$$libinit$$00000025)
    .ARM.Collect$$libinit$$0000002C          0x0000013e   Section        0  libinit2.o(.ARM.Collect$$libinit$$0000002C)
    .ARM.Collect$$libinit$$0000002E          0x0000013e   Section        0  libinit2.o(.ARM.Collect$$libinit$$0000002E)
    .ARM.Collect$$libinit$$00000030          0x0000013e   Section        0  libinit2.o(.ARM.Collect$$libinit$$00000030)
    .ARM.Collect$$libinit$$00000032          0x0000013e   Section        0  libinit2.o(.ARM.Collect$$libinit$$00000032)
    .ARM.Collect$$libinit$$00000033          0x0000013e   Section        2  libinit2.o(.ARM.Collect$$libinit$$00000033)
    .ARM.Collect$$libshutdown$$00000000      0x00000140   Section        2  libshutdown.o(.ARM.Collect$$libshutdown$$00000000)
    .ARM.Collect$$libshutdown$$00000002      0x00000142   Section        0  libshutdown2.o(.ARM.Collect$$libshutdown$$00000002)
    .ARM.Collect$$libshutdown$$00000004      0x00000142   Section        0  libshutdown2.o(.ARM.Collect$$libshutdown$$00000004)
    .ARM.Collect$$libshutdown$$00000007      0x00000142   Section        0  libshutdown2.o(.ARM.Collect$$libshutdown$$00000007)
    .ARM.Collect$$libshutdown$$0000000A      0x00000142   Section        0  libshutdown2.o(.ARM.Collect$$libshutdown$$0000000A)
    .ARM.Collect$$libshutdown$$0000000C      0x00000142   Section        0  libshutdown2.o(.ARM.Collect$$libshutdown$$0000000C)
    .ARM.Collect$$libshutdown$$0000000F      0x00000142   Section        0  libshutdown2.o(.ARM.Collect$$libshutdown$$0000000F)
    .ARM.Collect$$libshutdown$$00000010      0x00000142   Section        2  libshutdown2.o(.ARM.Collect$$libshutdown$$00000010)
    .ARM.Collect$$rtentry$$00000000          0x00000144   Section        0  __rtentry.o(.ARM.Collect$$rtentry$$00000000)
    .ARM.Collect$$rtentry$$00000002          0x00000144   Section        0  __rtentry2.o(.ARM.Collect$$rtentry$$00000002)
    .ARM.Collect$$rtentry$$00000004          0x00000144   Section        6  __rtentry4.o(.ARM.Collect$$rtentry$$00000004)
    .ARM.Collect$$rtentry$$00000009          0x0000014a   Section        0  __rtentry2.o(.ARM.Collect$$rtentry$$00000009)
    .ARM.Collect$$rtentry$$0000000A          0x0000014a   Section        4  __rtentry2.o(.ARM.Collect$$rtentry$$0000000A)
    .ARM.Collect$$rtentry$$0000000C          0x0000014e   Section        0  __rtentry2.o(.ARM.Collect$$rtentry$$0000000C)
    .ARM.Collect$$rtentry$$0000000D          0x0000014e   Section        8  __rtentry2.o(.ARM.Collect$$rtentry$$0000000D)
    .ARM.Collect$$rtexit$$00000000           0x00000156   Section        2  rtexit.o(.ARM.Collect$$rtexit$$00000000)
    .ARM.Collect$$rtexit$$00000002           0x00000158   Section        0  rtexit2.o(.ARM.Collect$$rtexit$$00000002)
    .ARM.Collect$$rtexit$$00000003           0x00000158   Section        4  rtexit2.o(.ARM.Collect$$rtexit$$00000003)
    .ARM.Collect$$rtexit$$00000004           0x0000015c   Section        6  rtexit2.o(.ARM.Collect$$rtexit$$00000004)
    .text                                    0x00000164   Section       56  startup_fm33lc0xx.o(.text)
    .text                                    0x0000019c   Section      346  aeabi_sdiv.o(.text)
    .text                                    0x000002f6   Section        0  heapauxi.o(.text)
    .text                                    0x000002fc   Section        0  d2f.o(.text)
    .text                                    0x00000378   Section        0  daddsub.o(.text)
    _dadd1                                   0x00000379   Thumb Code   290  daddsub.o(.text)
    _dsub1                                   0x0000049b   Thumb Code   470  daddsub.o(.text)
    .text                                    0x000006d0   Section        0  ddiv.o(.text)
    .text                                    0x00000b18   Section        0  dfixi.o(.text)
    .text                                    0x00000b84   Section        0  dfixui.o(.text)
    .text                                    0x00000bcc   Section        0  dflti.o(.text)
    .text                                    0x00000c24   Section        0  dmul.o(.text)
    .text                                    0x00000e6c   Section        0  f2d.o(.text)
    .text                                    0x00000ec0   Section        0  fdiv.o(.text)
    .text                                    0x00001020   Section        0  ffixui.o(.text)
    .text                                    0x00001050   Section        0  _rserrno.o(.text)
    .text                                    0x00001068   Section        0  dcmpin.o(.text)
    .text                                    0x000010f8   Section        0  drem.o(.text)
    .text                                    0x00001278   Section        0  dsqrt.o(.text)
    .text                                    0x00001378   Section        0  fcmpin.o(.text)
    .text                                    0x000013dc   Section        8  rt_errno_addr_intlibspace.o(.text)
    .text                                    0x000013e4   Section        0  cmpret.o(.text)
    .text                                    0x00001414   Section        0  dnan2.o(.text)
    .text                                    0x00001428   Section        0  dscalbn.o(.text)
    .text                                    0x00001488   Section        0  fnan2.o(.text)
    .text                                    0x00001498   Section        8  libspace.o(.text)
    .text                                    0x000014a0   Section       62  sys_stackheap_outer.o(.text)
    .text                                    0x000014de   Section        0  exit.o(.text)
    .text                                    0x000014ee   Section        0  retnan.o(.text)
    .text                                    0x0000154c   Section        0  sys_exit.o(.text)
    .text                                    0x00001558   Section        2  use_no_semi.o(.text)
    .text                                    0x0000155a   Section        0  indicate_semi.o(.text)
    i.FL_ATIM_CC_SetChannelMode              0x0000155a   Section        0  fm33lc0xx_fl_atim.o(i.FL_ATIM_CC_SetChannelMode)
    FL_ATIM_CC_SetChannelMode                0x0000155b   Thumb Code    54  fm33lc0xx_fl_atim.o(i.FL_ATIM_CC_SetChannelMode)
    i.FL_ATIM_GenerateUpdateEvent            0x00001590   Section        0  fm33lc0xx_fl_atim.o(i.FL_ATIM_GenerateUpdateEvent)
    FL_ATIM_GenerateUpdateEvent              0x00001591   Thumb Code    10  fm33lc0xx_fl_atim.o(i.FL_ATIM_GenerateUpdateEvent)
    i.FL_ATIM_Init                           0x0000159c   Section        0  fm33lc0xx_fl_atim.o(i.FL_ATIM_Init)
    i.FL_ATIM_IsActiveFlag_Update            0x00001738   Section        0  fm33lc0xx_fl_atim.o(i.FL_ATIM_IsActiveFlag_Update)
    FL_ATIM_IsActiveFlag_Update              0x00001739   Thumb Code    16  fm33lc0xx_fl_atim.o(i.FL_ATIM_IsActiveFlag_Update)
    i.FL_ATIM_OC_DisableChannel              0x00001748   Section        0  fm33lc0xx_fl_atim.o(i.FL_ATIM_OC_DisableChannel)
    FL_ATIM_OC_DisableChannel                0x00001749   Thumb Code    16  fm33lc0xx_fl_atim.o(i.FL_ATIM_OC_DisableChannel)
    i.FL_ATIM_OC_DisableReverseChannel       0x00001758   Section        0  fm33lc0xx_fl_atim.o(i.FL_ATIM_OC_DisableReverseChannel)
    FL_ATIM_OC_DisableReverseChannel         0x00001759   Thumb Code    16  fm33lc0xx_fl_atim.o(i.FL_ATIM_OC_DisableReverseChannel)
    i.FL_ATIM_OC_Init                        0x00001768   Section        0  fm33lc0xx_fl_atim.o(i.FL_ATIM_OC_Init)
    i.FL_ATIM_SetCounterAlignedMode          0x00001998   Section        0  fm33lc0xx_fl_atim.o(i.FL_ATIM_SetCounterAlignedMode)
    FL_ATIM_SetCounterAlignedMode            0x00001999   Thumb Code    12  fm33lc0xx_fl_atim.o(i.FL_ATIM_SetCounterAlignedMode)
    i.FL_ATIM_WriteCompareCH1                0x000019a4   Section        0  foc_kenal.o(i.FL_ATIM_WriteCompareCH1)
    FL_ATIM_WriteCompareCH1                  0x000019a5   Thumb Code    12  foc_kenal.o(i.FL_ATIM_WriteCompareCH1)
    i.FL_DelayInit                           0x000019b0   Section        0  fm33lc0xx_fl.o(i.FL_DelayInit)
    i.FL_GPIO_DisablePinAnalogSwitch         0x000019d0   Section        0  fm33lc0xx_fl_gpio.o(i.FL_GPIO_DisablePinAnalogSwitch)
    FL_GPIO_DisablePinAnalogSwitch           0x000019d1   Thumb Code    10  fm33lc0xx_fl_gpio.o(i.FL_GPIO_DisablePinAnalogSwitch)
    i.FL_GPIO_DisablePinInput                0x000019da   Section        0  fm33lc0xx_fl_gpio.o(i.FL_GPIO_DisablePinInput)
    FL_GPIO_DisablePinInput                  0x000019db   Thumb Code    10  fm33lc0xx_fl_gpio.o(i.FL_GPIO_DisablePinInput)
    i.FL_GPIO_DisablePinOpenDrain            0x000019e4   Section        0  fm33lc0xx_fl_gpio.o(i.FL_GPIO_DisablePinOpenDrain)
    FL_GPIO_DisablePinOpenDrain              0x000019e5   Thumb Code    10  fm33lc0xx_fl_gpio.o(i.FL_GPIO_DisablePinOpenDrain)
    i.FL_GPIO_DisablePinPullup               0x000019ee   Section        0  fm33lc0xx_fl_gpio.o(i.FL_GPIO_DisablePinPullup)
    FL_GPIO_DisablePinPullup                 0x000019ef   Thumb Code    10  fm33lc0xx_fl_gpio.o(i.FL_GPIO_DisablePinPullup)
    i.FL_GPIO_DisablePinRemap                0x000019f8   Section        0  fm33lc0xx_fl_gpio.o(i.FL_GPIO_DisablePinRemap)
    FL_GPIO_DisablePinRemap                  0x000019f9   Thumb Code    10  fm33lc0xx_fl_gpio.o(i.FL_GPIO_DisablePinRemap)
    i.FL_GPIO_Init                           0x00001a04   Section        0  fm33lc0xx_fl_gpio.o(i.FL_GPIO_Init)
    i.FL_GPIO_SetPinMode                     0x00001bb4   Section        0  fm33lc0xx_fl_gpio.o(i.FL_GPIO_SetPinMode)
    FL_GPIO_SetPinMode                       0x00001bb5   Thumb Code    26  fm33lc0xx_fl_gpio.o(i.FL_GPIO_SetPinMode)
    i.FL_I2C_MasterMode_Init                 0x00001bd0   Section        0  fm33lc0xx_fl_i2c.o(i.FL_I2C_MasterMode_Init)
    i.FL_Init                                0x00001d3c   Section        0  fm33lc0xx_fl.o(i.FL_Init)
    i.FL_RCC_EnableGroup1OperationClock      0x00001d44   Section        0  fm33lc0xx_fl_atim.o(i.FL_RCC_EnableGroup1OperationClock)
    FL_RCC_EnableGroup1OperationClock        0x00001d45   Thumb Code    12  fm33lc0xx_fl_atim.o(i.FL_RCC_EnableGroup1OperationClock)
    i.FL_RCC_EnableGroup1OperationClock      0x00001d54   Section        0  fm33lc0xx_fl_uart.o(i.FL_RCC_EnableGroup1OperationClock)
    FL_RCC_EnableGroup1OperationClock        0x00001d55   Thumb Code    12  fm33lc0xx_fl_uart.o(i.FL_RCC_EnableGroup1OperationClock)
    i.FL_RCC_EnableGroup3BusClock            0x00001d64   Section        0  fm33lc0xx_fl_i2c.o(i.FL_RCC_EnableGroup3BusClock)
    FL_RCC_EnableGroup3BusClock              0x00001d65   Thumb Code    12  fm33lc0xx_fl_i2c.o(i.FL_RCC_EnableGroup3BusClock)
    i.FL_RCC_EnableGroup3BusClock            0x00001d74   Section        0  fm33lc0xx_fl_uart.o(i.FL_RCC_EnableGroup3BusClock)
    FL_RCC_EnableGroup3BusClock              0x00001d75   Thumb Code    12  fm33lc0xx_fl_uart.o(i.FL_RCC_EnableGroup3BusClock)
    i.FL_RCC_EnableGroup4BusClock            0x00001d84   Section        0  fm33lc0xx_fl_atim.o(i.FL_RCC_EnableGroup4BusClock)
    FL_RCC_EnableGroup4BusClock              0x00001d85   Thumb Code    12  fm33lc0xx_fl_atim.o(i.FL_RCC_EnableGroup4BusClock)
    i.FL_RCC_GetAHBClockFreq                 0x00001d94   Section        0  fm33lc0xx_fl_rcc.o(i.FL_RCC_GetAHBClockFreq)
    i.FL_RCC_GetAPB1ClockFreq                0x00001e0c   Section        0  fm33lc0xx_fl_rcc.o(i.FL_RCC_GetAPB1ClockFreq)
    i.FL_RCC_GetAPB2ClockFreq                0x00001e84   Section        0  fm33lc0xx_fl_rcc.o(i.FL_RCC_GetAPB2ClockFreq)
    i.FL_RCC_GetPLLClockFreq                 0x00001efc   Section        0  fm33lc0xx_fl_rcc.o(i.FL_RCC_GetPLLClockFreq)
    i.FL_RCC_GetRCHFClockFreq                0x00001fa8   Section        0  fm33lc0xx_fl_rcc.o(i.FL_RCC_GetRCHFClockFreq)
    i.FL_RCC_GetRCMFClockFreq                0x00001fec   Section        0  fm33lc0xx_fl_rcc.o(i.FL_RCC_GetRCMFClockFreq)
    i.FL_RCC_GetSystemClockFreq              0x0000203c   Section        0  fm33lc0xx_fl_rcc.o(i.FL_RCC_GetSystemClockFreq)
    i.FL_RCC_GetUSBClockFreqToSysclk         0x000020a8   Section        0  fm33lc0xx_fl_rcc.o(i.FL_RCC_GetUSBClockFreqToSysclk)
    i.FL_UART_Init                           0x000020cc   Section        0  fm33lc0xx_fl_uart.o(i.FL_UART_Init)
    i.HFDET_IRQHandler                       0x00002374   Section        0  mf_config.o(i.HFDET_IRQHandler)
    i.MF_ATIM_Channel1_Init                  0x000023a4   Section        0  mf_config.o(i.MF_ATIM_Channel1_Init)
    i.MF_ATIM_Channel2_Init                  0x00002410   Section        0  mf_config.o(i.MF_ATIM_Channel2_Init)
    i.MF_ATIM_Channel3_Init                  0x0000247c   Section        0  mf_config.o(i.MF_ATIM_Channel3_Init)
    i.MF_ATIM_TimerBase_Init                 0x000024e8   Section        0  mf_config.o(i.MF_ATIM_TimerBase_Init)
    i.MF_Clock_Init                          0x00002518   Section        0  mf_config.o(i.MF_Clock_Init)
    i.MF_Config_Init                         0x00002638   Section        0  mf_config.o(i.MF_Config_Init)
    i.MF_I2C_MASTER_Init                     0x0000265c   Section        0  mf_config.o(i.MF_I2C_MASTER_Init)
    i.MF_UART0_Init                          0x000026b8   Section        0  mf_config.o(i.MF_UART0_Init)
    i.OCConfig                               0x00002720   Section        0  fm33lc0xx_fl_atim.o(i.OCConfig)
    OCConfig                                 0x00002721   Thumb Code   472  fm33lc0xx_fl_atim.o(i.OCConfig)
    i.Send_Byte                              0x000028f8   Section        0  myuart.o(i.Send_Byte)
    i.Serial_SendString                      0x00002924   Section        0  myuart.o(i.Serial_SendString)
    i.SetPhaseVoltage                        0x00002940   Section        0  foc_kenal.o(i.SetPhaseVoltage)
    i.SystemCoreClockUpdate                  0x00002dcc   Section        0  system_fm33lc0xx.o(i.SystemCoreClockUpdate)
    i.SystemInit                             0x00002f5c   Section        0  system_fm33lc0xx.o(i.SystemInit)
    i.SystemPLLClockUpdate                   0x00003080   Section        0  system_fm33lc0xx.o(i.SystemPLLClockUpdate)
    SystemPLLClockUpdate                     0x00003081   Thumb Code   174  system_fm33lc0xx.o(i.SystemPLLClockUpdate)
    i.UART0_IRQHandler                       0x00003144   Section        0  myuart.o(i.UART0_IRQHandler)
    i.__ARM_common_ll_muluu                  0x000031b8   Section        0  rred.o(i.__ARM_common_ll_muluu)
    i.__ARM_common_switch8                   0x000031ea   Section        0  foc_kenal.o(i.__ARM_common_switch8)
    i.__ARM_fpclassify                       0x00003208   Section        0  fpclassify.o(i.__ARM_fpclassify)
    i.__ieee754_rem_pio2                     0x00003234   Section        0  rred.o(i.__ieee754_rem_pio2)
    i.__kernel_cos                           0x000035d0   Section        0  cos_i.o(i.__kernel_cos)
    i.__kernel_poly                          0x000036c4   Section        0  poly.o(i.__kernel_poly)
    i.__kernel_sin                           0x00003770   Section        0  sin_i.o(i.__kernel_sin)
    i.__mathlib_dbl_infnan                   0x0000385c   Section        0  dunder.o(i.__mathlib_dbl_infnan)
    i.__mathlib_dbl_invalid                  0x00003866   Section        0  dunder.o(i.__mathlib_dbl_invalid)
    i.__mathlib_dbl_underflow                0x00003878   Section        0  dunder.o(i.__mathlib_dbl_underflow)
    i._normalizeAngle                        0x0000388c   Section        0  foc_kenal.o(i._normalizeAngle)
    i.cos                                    0x000038dc   Section        0  cos.o(i.cos)
    i.fmod                                   0x00003974   Section        0  fmod.o(i.fmod)
    i.main                                   0x00003a08   Section        0  main.o(i.main)
    i.sin                                    0x00003a80   Section        0  sin.o(i.sin)
    i.sqrt                                   0x00003b1c   Section        0  sqrt.o(i.sqrt)
    x$fpl$dleqf                              0x00003b64   Section      100  dlef.o(x$fpl$dleqf)
    x$fpl$drleqf                             0x00003bc8   Section      104  drlef.o(x$fpl$drleqf)
    x$fpl$fadd                               0x00003c30   Section      140  faddsub.o(x$fpl$fadd)
    _fadd1                                   0x00003c3d   Thumb Code     0  faddsub.o(x$fpl$fadd)
    x$fpl$fmul                               0x00003cbc   Section      176  fmul.o(x$fpl$fmul)
    x$fpl$frleqf                             0x00003d6c   Section       88  frlef.o(x$fpl$frleqf)
    x$fpl$fsub                               0x00003dc4   Section      208  faddsub.o(x$fpl$fsub)
    _fsub1                                   0x00003dd1   Thumb Code     0  faddsub.o(x$fpl$fsub)
    .constdata                               0x00003e94   Section      128  ddiv.o(.constdata)
    x$fpl$usenofp                            0x00003e94   Section        0  usenofp.o(x$fpl$usenofp)
    ddiv_reciptbl                            0x00003e94   Data         128  ddiv.o(.constdata)
    .constdata                               0x00003f14   Section       64  fdiv.o(.constdata)
    fdiv_tab                                 0x00003f14   Data          64  fdiv.o(.constdata)
    .constdata                               0x00003f58   Section       48  cos_i.o(.constdata)
    C                                        0x00003f58   Data          48  cos_i.o(.constdata)
    .constdata                               0x00003f88   Section      200  rred.o(.constdata)
    pio2s                                    0x00003f88   Data          48  rred.o(.constdata)
    twooverpi                                0x00003fb8   Data         152  rred.o(.constdata)
    .constdata                               0x00004050   Section       40  sin_i.o(.constdata)
    S                                        0x00004050   Data          40  sin_i.o(.constdata)
    .data                                    0x20000000   Section        1  myuart.o(.data)
    .data                                    0x20000004   Section        4  foc_kenal.o(.data)
    .data                                    0x20000008   Section       12  system_fm33lc0xx.o(.data)
    .bss                                     0x20000014   Section       96  libspace.o(.bss)
    HEAP                                     0x20000078   Section     2048  startup_fm33lc0xx.o(HEAP)
    Heap_Mem                                 0x20000078   Data        2048  startup_fm33lc0xx.o(HEAP)
    STACK                                    0x20000878   Section     2048  startup_fm33lc0xx.o(STACK)
    Stack_Mem                                0x20000878   Data        2048  startup_fm33lc0xx.o(STACK)
    __initial_sp                             0x20001078   Data           0  startup_fm33lc0xx.o(STACK)

    Global Symbols

    Symbol Name                              Value     Ov Type        Size  Object(Section)

    BuildAttributes$$THM_ISAv3M$S$PE$A:L22$X:L11$S22$IEEE1$IW$USESV6$~STKCKD$USESV7$~SHL$OTIME$ROPI$IEEEX$EBA8$UX$STANDARDLIB$REQ8$PRES8$EABIv2 0x00000000   Number         0  anon$$obj.o ABSOLUTE
    __ARM_use_no_argv                        0x00000000   Number         0  main.o ABSOLUTE
    __Vectors                                0x00000000   Data           4  startup_fm33lc0xx.o(RESET)
    __ARM_exceptions_init                     - Undefined Weak Reference
    __alloca_initialize                       - Undefined Weak Reference
    __arm_preinit_                            - Undefined Weak Reference
    __cpp_initialize__aeabi_                  - Undefined Weak Reference
    __cxa_finalize                            - Undefined Weak Reference
    __rt_locale                               - Undefined Weak Reference
    __sigvec_lookup                           - Undefined Weak Reference
    _atexit_init                              - Undefined Weak Reference
    _call_atexit_fns                          - Undefined Weak Reference
    _clock_init                               - Undefined Weak Reference
    _fp_trap_init                             - Undefined Weak Reference
    _fp_trap_shutdown                         - Undefined Weak Reference
    _get_lc_collate                           - Undefined Weak Reference
    _get_lc_ctype                             - Undefined Weak Reference
    _get_lc_monetary                          - Undefined Weak Reference
    _get_lc_numeric                           - Undefined Weak Reference
    _get_lc_time                              - Undefined Weak Reference
    _getenv_init                              - Undefined Weak Reference
    _handle_redirection                       - Undefined Weak Reference
    _init_alloc                               - Undefined Weak Reference
    _init_user_alloc                          - Undefined Weak Reference
    _initio                                   - Undefined Weak Reference
    _rand_init                                - Undefined Weak Reference
    _signal_finish                            - Undefined Weak Reference
    _signal_init                              - Undefined Weak Reference
    _terminate_alloc                          - Undefined Weak Reference
    _terminate_user_alloc                     - Undefined Weak Reference
    _terminateio                              - Undefined Weak Reference
    __Vectors_End                            0x000000c0   Data           0  startup_fm33lc0xx.o(RESET)
    __Vectors_Size                           0x000000c0   Number         0  startup_fm33lc0xx.o ABSOLUTE
    __main                                   0x000000c1   Thumb Code     8  __main.o(!!!main)
    __scatterload                            0x000000c9   Thumb Code     0  __scatter.o(!!!scatter)
    __scatterload_rt2                        0x000000c9   Thumb Code    52  __scatter.o(!!!scatter)
    __scatterload_rt2_thumb_only             0x000000c9   Thumb Code     0  __scatter.o(!!!scatter)
    __scatterload_null                       0x000000d9   Thumb Code     0  __scatter.o(!!!scatter)
    __scatterload_copy                       0x00000105   Thumb Code    26  __scatter_copy.o(!!handler_copy)
    __scatterload_zeroinit                   0x00000121   Thumb Code    28  __scatter_zi.o(!!handler_zi)
    __rt_lib_init                            0x0000013d   Thumb Code     0  libinit.o(.ARM.Collect$$libinit$$00000000)
    __rt_lib_init_alloca_1                   0x0000013f   Thumb Code     0  libinit2.o(.ARM.Collect$$libinit$$0000002E)
    __rt_lib_init_argv_1                     0x0000013f   Thumb Code     0  libinit2.o(.ARM.Collect$$libinit$$0000002C)
    __rt_lib_init_atexit_1                   0x0000013f   Thumb Code     0  libinit2.o(.ARM.Collect$$libinit$$0000001B)
    __rt_lib_init_clock_1                    0x0000013f   Thumb Code     0  libinit2.o(.ARM.Collect$$libinit$$00000021)
    __rt_lib_init_cpp_1                      0x0000013f   Thumb Code     0  libinit2.o(.ARM.Collect$$libinit$$00000032)
    __rt_lib_init_exceptions_1               0x0000013f   Thumb Code     0  libinit2.o(.ARM.Collect$$libinit$$00000030)
    __rt_lib_init_fp_1                       0x0000013f   Thumb Code     0  libinit2.o(.ARM.Collect$$libinit$$00000002)
    __rt_lib_init_fp_trap_1                  0x0000013f   Thumb Code     0  libinit2.o(.ARM.Collect$$libinit$$0000001F)
    __rt_lib_init_getenv_1                   0x0000013f   Thumb Code     0  libinit2.o(.ARM.Collect$$libinit$$00000023)
    __rt_lib_init_heap_1                     0x0000013f   Thumb Code     0  libinit2.o(.ARM.Collect$$libinit$$0000000A)
    __rt_lib_init_lc_collate_1               0x0000013f   Thumb Code     0  libinit2.o(.ARM.Collect$$libinit$$00000011)
    __rt_lib_init_lc_ctype_1                 0x0000013f   Thumb Code     0  libinit2.o(.ARM.Collect$$libinit$$00000013)
    __rt_lib_init_lc_monetary_1              0x0000013f   Thumb Code     0  libinit2.o(.ARM.Collect$$libinit$$00000015)
    __rt_lib_init_lc_numeric_1               0x0000013f   Thumb Code     0  libinit2.o(.ARM.Collect$$libinit$$00000017)
    __rt_lib_init_lc_time_1                  0x0000013f   Thumb Code     0  libinit2.o(.ARM.Collect$$libinit$$00000019)
    __rt_lib_init_preinit_1                  0x0000013f   Thumb Code     0  libinit2.o(.ARM.Collect$$libinit$$00000004)
    __rt_lib_init_rand_1                     0x0000013f   Thumb Code     0  libinit2.o(.ARM.Collect$$libinit$$0000000E)
    __rt_lib_init_return                     0x0000013f   Thumb Code     0  libinit2.o(.ARM.Collect$$libinit$$00000033)
    __rt_lib_init_signal_1                   0x0000013f   Thumb Code     0  libinit2.o(.ARM.Collect$$libinit$$0000001D)
    __rt_lib_init_stdio_1                    0x0000013f   Thumb Code     0  libinit2.o(.ARM.Collect$$libinit$$00000025)
    __rt_lib_init_user_alloc_1               0x0000013f   Thumb Code     0  libinit2.o(.ARM.Collect$$libinit$$0000000C)
    __rt_lib_shutdown                        0x00000141   Thumb Code     0  libshutdown.o(.ARM.Collect$$libshutdown$$00000000)
    __rt_lib_shutdown_cpp_1                  0x00000143   Thumb Code     0  libshutdown2.o(.ARM.Collect$$libshutdown$$00000002)
    __rt_lib_shutdown_fp_trap_1              0x00000143   Thumb Code     0  libshutdown2.o(.ARM.Collect$$libshutdown$$00000007)
    __rt_lib_shutdown_heap_1                 0x00000143   Thumb Code     0  libshutdown2.o(.ARM.Collect$$libshutdown$$0000000F)
    __rt_lib_shutdown_return                 0x00000143   Thumb Code     0  libshutdown2.o(.ARM.Collect$$libshutdown$$00000010)
    __rt_lib_shutdown_signal_1               0x00000143   Thumb Code     0  libshutdown2.o(.ARM.Collect$$libshutdown$$0000000A)
    __rt_lib_shutdown_stdio_1                0x00000143   Thumb Code     0  libshutdown2.o(.ARM.Collect$$libshutdown$$00000004)
    __rt_lib_shutdown_user_alloc_1           0x00000143   Thumb Code     0  libshutdown2.o(.ARM.Collect$$libshutdown$$0000000C)
    __rt_entry                               0x00000145   Thumb Code     0  __rtentry.o(.ARM.Collect$$rtentry$$00000000)
    __rt_entry_presh_1                       0x00000145   Thumb Code     0  __rtentry2.o(.ARM.Collect$$rtentry$$00000002)
    __rt_entry_sh                            0x00000145   Thumb Code     0  __rtentry4.o(.ARM.Collect$$rtentry$$00000004)
    __rt_entry_li                            0x0000014b   Thumb Code     0  __rtentry2.o(.ARM.Collect$$rtentry$$0000000A)
    __rt_entry_postsh_1                      0x0000014b   Thumb Code     0  __rtentry2.o(.ARM.Collect$$rtentry$$00000009)
    __rt_entry_main                          0x0000014f   Thumb Code     0  __rtentry2.o(.ARM.Collect$$rtentry$$0000000D)
    __rt_entry_postli_1                      0x0000014f   Thumb Code     0  __rtentry2.o(.ARM.Collect$$rtentry$$0000000C)
    __rt_exit                                0x00000157   Thumb Code     0  rtexit.o(.ARM.Collect$$rtexit$$00000000)
    __rt_exit_ls                             0x00000159   Thumb Code     0  rtexit2.o(.ARM.Collect$$rtexit$$00000003)
    __rt_exit_prels_1                        0x00000159   Thumb Code     0  rtexit2.o(.ARM.Collect$$rtexit$$00000002)
    __rt_exit_exit                           0x0000015d   Thumb Code     0  rtexit2.o(.ARM.Collect$$rtexit$$00000004)
    Reset_Handler                            0x00000165   Thumb Code     8  startup_fm33lc0xx.o(.text)
    NMI_Handler                              0x0000016d   Thumb Code     2  startup_fm33lc0xx.o(.text)
    HardFault_Handler                        0x0000016f   Thumb Code     2  startup_fm33lc0xx.o(.text)
    SVC_Handler                              0x00000171   Thumb Code     2  startup_fm33lc0xx.o(.text)
    PendSV_Handler                           0x00000173   Thumb Code     2  startup_fm33lc0xx.o(.text)
    SysTick_Handler                          0x00000175   Thumb Code     2  startup_fm33lc0xx.o(.text)
    ADC_IRQHandler                           0x00000177   Thumb Code     0  startup_fm33lc0xx.o(.text)
    AES_IRQHandler                           0x00000177   Thumb Code     0  startup_fm33lc0xx.o(.text)
    ATIM_IRQHandler                          0x00000177   Thumb Code     0  startup_fm33lc0xx.o(.text)
    BSTIM_IRQHandler                         0x00000177   Thumb Code     0  startup_fm33lc0xx.o(.text)
    COMPx_IRQHandler                         0x00000177   Thumb Code     0  startup_fm33lc0xx.o(.text)
    DMA_IRQHandler                           0x00000177   Thumb Code     0  startup_fm33lc0xx.o(.text)
    FLASH_IRQHandler                         0x00000177   Thumb Code     0  startup_fm33lc0xx.o(.text)
    GPIO_IRQHandler                          0x00000177   Thumb Code     0  startup_fm33lc0xx.o(.text)
    GPTIM0_IRQHandler                        0x00000177   Thumb Code     0  startup_fm33lc0xx.o(.text)
    GPTIM1_IRQHandler                        0x00000177   Thumb Code     0  startup_fm33lc0xx.o(.text)
    I2C_IRQHandler                           0x00000177   Thumb Code     0  startup_fm33lc0xx.o(.text)
    IWDT_IRQHandler                          0x00000177   Thumb Code     0  startup_fm33lc0xx.o(.text)
    LCD_IRQHandler                           0x00000177   Thumb Code     0  startup_fm33lc0xx.o(.text)
    LFDET_IRQHandler                         0x00000177   Thumb Code     0  startup_fm33lc0xx.o(.text)
    LPTIM_IRQHandler                         0x00000177   Thumb Code     0  startup_fm33lc0xx.o(.text)
    LPUART0_IRQHandler                       0x00000177   Thumb Code     0  startup_fm33lc0xx.o(.text)
    LPUART1_IRQHandler                       0x00000177   Thumb Code     0  startup_fm33lc0xx.o(.text)
    OPAx_IRQHandler                          0x00000177   Thumb Code     0  startup_fm33lc0xx.o(.text)
    RTC_IRQHandler                           0x00000177   Thumb Code     0  startup_fm33lc0xx.o(.text)
    SPI1_IRQHandler                          0x00000177   Thumb Code     0  startup_fm33lc0xx.o(.text)
    SPI2_IRQHandler                          0x00000177   Thumb Code     0  startup_fm33lc0xx.o(.text)
    SVD_IRQHandler                           0x00000177   Thumb Code     0  startup_fm33lc0xx.o(.text)
    U7816_IRQHandler                         0x00000177   Thumb Code     0  startup_fm33lc0xx.o(.text)
    UART1_IRQHandler                         0x00000177   Thumb Code     0  startup_fm33lc0xx.o(.text)
    UART4_IRQHandler                         0x00000177   Thumb Code     0  startup_fm33lc0xx.o(.text)
    UART5_IRQHandler                         0x00000177   Thumb Code     0  startup_fm33lc0xx.o(.text)
    USB_IRQHandler                           0x00000177   Thumb Code     0  startup_fm33lc0xx.o(.text)
    VREF_IRQHandler                          0x00000177   Thumb Code     0  startup_fm33lc0xx.o(.text)
    WKUP_IRQHandler                          0x00000177   Thumb Code     0  startup_fm33lc0xx.o(.text)
    WWDT_IRQHandler                          0x00000177   Thumb Code     0  startup_fm33lc0xx.o(.text)
    __user_initial_stackheap                 0x00000179   Thumb Code     0  startup_fm33lc0xx.o(.text)
    __aeabi_uidiv                            0x0000019d   Thumb Code     0  aeabi_sdiv.o(.text)
    __aeabi_uidivmod                         0x0000019d   Thumb Code    20  aeabi_sdiv.o(.text)
    __aeabi_idiv                             0x000001b1   Thumb Code     0  aeabi_sdiv.o(.text)
    __aeabi_idivmod                          0x000001b1   Thumb Code   326  aeabi_sdiv.o(.text)
    __use_two_region_memory                  0x000002f7   Thumb Code     2  heapauxi.o(.text)
    __rt_heap_escrow$2region                 0x000002f9   Thumb Code     2  heapauxi.o(.text)
    __rt_heap_expand$2region                 0x000002fb   Thumb Code     2  heapauxi.o(.text)
    __aeabi_d2f                              0x000002fd   Thumb Code     0  d2f.o(.text)
    _d2f                                     0x000002fd   Thumb Code   120  d2f.o(.text)
    __aeabi_dadd                             0x00000671   Thumb Code     0  daddsub.o(.text)
    _dadd                                    0x00000671   Thumb Code    26  daddsub.o(.text)
    __aeabi_dsub                             0x0000068b   Thumb Code     0  daddsub.o(.text)
    _dsub                                    0x0000068b   Thumb Code    22  daddsub.o(.text)
    __aeabi_drsub                            0x000006a1   Thumb Code     0  daddsub.o(.text)
    _drsb                                    0x000006a1   Thumb Code    28  daddsub.o(.text)
    __aeabi_ddiv                             0x000006d1   Thumb Code     0  ddiv.o(.text)
    _ddiv                                    0x000006d1   Thumb Code  1072  ddiv.o(.text)
    _drdiv                                   0x00000b01   Thumb Code    20  ddiv.o(.text)
    __aeabi_d2iz                             0x00000b19   Thumb Code     0  dfixi.o(.text)
    _dfix                                    0x00000b19   Thumb Code    98  dfixi.o(.text)
    __aeabi_d2uiz                            0x00000b85   Thumb Code     0  dfixui.o(.text)
    _dfixu                                   0x00000b85   Thumb Code    68  dfixui.o(.text)
    __aeabi_i2d_normalise                    0x00000bcd   Thumb Code    66  dflti.o(.text)
    __aeabi_i2d                              0x00000c0f   Thumb Code    16  dflti.o(.text)
    _dflt                                    0x00000c0f   Thumb Code     0  dflti.o(.text)
    __aeabi_ui2d                             0x00000c1f   Thumb Code     6  dflti.o(.text)
    _dfltu                                   0x00000c1f   Thumb Code     0  dflti.o(.text)
    __aeabi_dmul                             0x00000c25   Thumb Code     0  dmul.o(.text)
    _dmul                                    0x00000c25   Thumb Code   558  dmul.o(.text)
    __aeabi_f2d                              0x00000e6d   Thumb Code     0  f2d.o(.text)
    _f2d                                     0x00000e6d   Thumb Code    80  f2d.o(.text)
    __aeabi_fdiv                             0x00000ec1   Thumb Code     0  fdiv.o(.text)
    _fdiv                                    0x00000ec1   Thumb Code   334  fdiv.o(.text)
    _frdiv                                   0x0000100f   Thumb Code     8  fdiv.o(.text)
    __aeabi_f2uiz                            0x00001021   Thumb Code     0  ffixui.o(.text)
    _ffixu                                   0x00001021   Thumb Code    48  ffixui.o(.text)
    __read_errno                             0x00001051   Thumb Code    10  _rserrno.o(.text)
    __set_errno                              0x0000105b   Thumb Code    12  _rserrno.o(.text)
    __fpl_dcmp_InfNaN                        0x00001069   Thumb Code   140  dcmpin.o(.text)
    _drem                                    0x000010f9   Thumb Code   368  drem.o(.text)
    _dsqrt                                   0x00001279   Thumb Code   248  dsqrt.o(.text)
    __fpl_fcmp_InfNaN                        0x00001379   Thumb Code    96  fcmpin.o(.text)
    __aeabi_errno_addr                       0x000013dd   Thumb Code     8  rt_errno_addr_intlibspace.o(.text)
    __errno$intlibspace                      0x000013dd   Thumb Code     0  rt_errno_addr_intlibspace.o(.text)
    __rt_errno_addr$intlibspace              0x000013dd   Thumb Code     0  rt_errno_addr_intlibspace.o(.text)
    __fpl_cmpreturn                          0x000013e5   Thumb Code    46  cmpret.o(.text)
    __fpl_dcheck_NaN2                        0x00001415   Thumb Code    14  dnan2.o(.text)
    __ARM_scalbn                             0x00001429   Thumb Code    84  dscalbn.o(.text)
    __fpl_fcheck_NaN2                        0x00001489   Thumb Code    10  fnan2.o(.text)
    __user_libspace                          0x00001499   Thumb Code     8  libspace.o(.text)
    __user_perproc_libspace                  0x00001499   Thumb Code     0  libspace.o(.text)
    __user_perthread_libspace                0x00001499   Thumb Code     0  libspace.o(.text)
    __user_setup_stackheap                   0x000014a1   Thumb Code    62  sys_stackheap_outer.o(.text)
    exit                                     0x000014df   Thumb Code    16  exit.o(.text)
    __fpl_return_NaN                         0x000014ef   Thumb Code    94  retnan.o(.text)
    _sys_exit                                0x0000154d   Thumb Code     8  sys_exit.o(.text)
    __I$use$semihosting                      0x00001559   Thumb Code     0  use_no_semi.o(.text)
    __use_no_semihosting_swi                 0x00001559   Thumb Code     2  use_no_semi.o(.text)
    __semihosting_library_function           0x0000155b   Thumb Code     0  indicate_semi.o(.text)
    FL_ATIM_Init                             0x0000159d   Thumb Code   404  fm33lc0xx_fl_atim.o(i.FL_ATIM_Init)
    FL_ATIM_OC_Init                          0x00001769   Thumb Code   556  fm33lc0xx_fl_atim.o(i.FL_ATIM_OC_Init)
    FL_DelayInit                             0x000019b1   Thumb Code    26  fm33lc0xx_fl.o(i.FL_DelayInit)
    FL_GPIO_Init                             0x00001a05   Thumb Code   418  fm33lc0xx_fl_gpio.o(i.FL_GPIO_Init)
    FL_I2C_MasterMode_Init                   0x00001bd1   Thumb Code   344  fm33lc0xx_fl_i2c.o(i.FL_I2C_MasterMode_Init)
    FL_Init                                  0x00001d3d   Thumb Code     8  fm33lc0xx_fl.o(i.FL_Init)
    FL_RCC_GetAHBClockFreq                   0x00001d95   Thumb Code   114  fm33lc0xx_fl_rcc.o(i.FL_RCC_GetAHBClockFreq)
    FL_RCC_GetAPB1ClockFreq                  0x00001e0d   Thumb Code   114  fm33lc0xx_fl_rcc.o(i.FL_RCC_GetAPB1ClockFreq)
    FL_RCC_GetAPB2ClockFreq                  0x00001e85   Thumb Code   114  fm33lc0xx_fl_rcc.o(i.FL_RCC_GetAPB2ClockFreq)
    FL_RCC_GetPLLClockFreq                   0x00001efd   Thumb Code   162  fm33lc0xx_fl_rcc.o(i.FL_RCC_GetPLLClockFreq)
    FL_RCC_GetRCHFClockFreq                  0x00001fa9   Thumb Code    52  fm33lc0xx_fl_rcc.o(i.FL_RCC_GetRCHFClockFreq)
    FL_RCC_GetRCMFClockFreq                  0x00001fed   Thumb Code    60  fm33lc0xx_fl_rcc.o(i.FL_RCC_GetRCMFClockFreq)
    FL_RCC_GetSystemClockFreq                0x0000203d   Thumb Code    94  fm33lc0xx_fl_rcc.o(i.FL_RCC_GetSystemClockFreq)
    FL_RCC_GetUSBClockFreqToSysclk           0x000020a9   Thumb Code    22  fm33lc0xx_fl_rcc.o(i.FL_RCC_GetUSBClockFreqToSysclk)
    FL_UART_Init                             0x000020cd   Thumb Code   660  fm33lc0xx_fl_uart.o(i.FL_UART_Init)
    HFDET_IRQHandler                         0x00002375   Thumb Code    44  mf_config.o(i.HFDET_IRQHandler)
    MF_ATIM_Channel1_Init                    0x000023a5   Thumb Code    98  mf_config.o(i.MF_ATIM_Channel1_Init)
    MF_ATIM_Channel2_Init                    0x00002411   Thumb Code    98  mf_config.o(i.MF_ATIM_Channel2_Init)
    MF_ATIM_Channel3_Init                    0x0000247d   Thumb Code   100  mf_config.o(i.MF_ATIM_Channel3_Init)
    MF_ATIM_TimerBase_Init                   0x000024e9   Thumb Code    42  mf_config.o(i.MF_ATIM_TimerBase_Init)
    MF_Clock_Init                            0x00002519   Thumb Code   280  mf_config.o(i.MF_Clock_Init)
    MF_Config_Init                           0x00002639   Thumb Code    34  mf_config.o(i.MF_Config_Init)
    MF_I2C_MASTER_Init                       0x0000265d   Thumb Code    78  mf_config.o(i.MF_I2C_MASTER_Init)
    MF_UART0_Init                            0x000026b9   Thumb Code    94  mf_config.o(i.MF_UART0_Init)
    Send_Byte                                0x000028f9   Thumb Code    38  myuart.o(i.Send_Byte)
    Serial_SendString                        0x00002925   Thumb Code    26  myuart.o(i.Serial_SendString)
    SetPhaseVoltage                          0x00002941   Thumb Code  1102  foc_kenal.o(i.SetPhaseVoltage)
    SystemCoreClockUpdate                    0x00002dcd   Thumb Code   348  system_fm33lc0xx.o(i.SystemCoreClockUpdate)
    SystemInit                               0x00002f5d   Thumb Code   270  system_fm33lc0xx.o(i.SystemInit)
    UART0_IRQHandler                         0x00003145   Thumb Code   106  myuart.o(i.UART0_IRQHandler)
    __ARM_common_ll_muluu                    0x000031b9   Thumb Code    50  rred.o(i.__ARM_common_ll_muluu)
    __ARM_common_switch8                     0x000031eb   Thumb Code    28  foc_kenal.o(i.__ARM_common_switch8)
    __ARM_fpclassify                         0x00003209   Thumb Code    40  fpclassify.o(i.__ARM_fpclassify)
    __ieee754_rem_pio2                       0x00003235   Thumb Code   838  rred.o(i.__ieee754_rem_pio2)
    __kernel_cos                             0x000035d1   Thumb Code   224  cos_i.o(i.__kernel_cos)
    __kernel_poly                            0x000036c5   Thumb Code   172  poly.o(i.__kernel_poly)
    __kernel_sin                             0x00003771   Thumb Code   222  sin_i.o(i.__kernel_sin)
    __mathlib_dbl_infnan                     0x0000385d   Thumb Code    10  dunder.o(i.__mathlib_dbl_infnan)
    __mathlib_dbl_invalid                    0x00003867   Thumb Code    16  dunder.o(i.__mathlib_dbl_invalid)
    __mathlib_dbl_underflow                  0x00003879   Thumb Code    14  dunder.o(i.__mathlib_dbl_underflow)
    _normalizeAngle                          0x0000388d   Thumb Code    70  foc_kenal.o(i._normalizeAngle)
    cos                                      0x000038dd   Thumb Code   142  cos.o(i.cos)
    fmod                                     0x00003975   Thumb Code   144  fmod.o(i.fmod)
    main                                     0x00003a09   Thumb Code    96  main.o(i.main)
    sin                                      0x00003a81   Thumb Code   146  sin.o(i.sin)
    sqrt                                     0x00003b1d   Thumb Code    66  sqrt.o(i.sqrt)
    __aeabi_cdcmple                          0x00003b65   Thumb Code     0  dlef.o(x$fpl$dleqf)
    _dcmple                                  0x00003b65   Thumb Code    94  dlef.o(x$fpl$dleqf)
    __aeabi_cdrcmple                         0x00003bc9   Thumb Code     0  drlef.o(x$fpl$drleqf)
    _drcmple                                 0x00003bc9   Thumb Code   100  drlef.o(x$fpl$drleqf)
    __aeabi_fadd                             0x00003c31   Thumb Code     0  faddsub.o(x$fpl$fadd)
    _fadd                                    0x00003c31   Thumb Code   134  faddsub.o(x$fpl$fadd)
    __aeabi_fmul                             0x00003cbd   Thumb Code     0  fmul.o(x$fpl$fmul)
    _fmul                                    0x00003cbd   Thumb Code   172  fmul.o(x$fpl$fmul)
    __aeabi_cfrcmple                         0x00003d6d   Thumb Code     0  frlef.o(x$fpl$frleqf)
    _frcmple                                 0x00003d6d   Thumb Code    84  frlef.o(x$fpl$frleqf)
    __aeabi_fsub                             0x00003dc5   Thumb Code     0  faddsub.o(x$fpl$fsub)
    _fsub                                    0x00003dc5   Thumb Code   204  faddsub.o(x$fpl$fsub)
    __I$use$fp                               0x00003e94   Number         0  usenofp.o(x$fpl$usenofp)
    Region$$Table$$Base                      0x00004078   Number         0  anon$$obj.o(Region$$Table)
    Region$$Table$$Limit                     0x00004098   Number         0  anon$$obj.o(Region$$Table)
    RxData                                   0x20000000   Data           1  myuart.o(.data)
    voltage_power                            0x20000004   Data           4  foc_kenal.o(.data)
    XTLFClock                                0x20000008   Data           4  system_fm33lc0xx.o(.data)
    XTHFClock                                0x2000000c   Data           4  system_fm33lc0xx.o(.data)
    SystemCoreClock                          0x20000010   Data           4  system_fm33lc0xx.o(.data)
    __libspace_start                         0x20000014   Data          96  libspace.o(.bss)
    __temporary_stack_top$libspace           0x20000074   Data           0  libspace.o(.bss)



==============================================================================

Memory Map of the image

  Image Entry point : 0x000000c1

  Load Region LR_IROM1 (Base: 0x00000000, Size: 0x000040ac, Max: 0x00040000, ABSOLUTE)

    Execution Region ER_IROM1 (Exec base: 0x00000000, Load base: 0x00000000, Size: 0x00004098, Max: 0x00040000, ABSOLUTE)

    Exec Addr    Load Addr    Size         Type   Attr      Idx    E Section Name        Object

    0x00000000   0x00000000   0x000000c0   Data   RO            3    RESET               startup_fm33lc0xx.o
    0x000000c0   0x000000c0   0x00000008   Code   RO         2321  * !!!main             c_p.l(__main.o)
    0x000000c8   0x000000c8   0x0000003c   Code   RO         2622    !!!scatter          c_p.l(__scatter.o)
    0x00000104   0x00000104   0x0000001a   Code   RO         2624    !!handler_copy      c_p.l(__scatter_copy.o)
    0x0000011e   0x0000011e   0x00000002   PAD
    0x00000120   0x00000120   0x0000001c   Code   RO         2626    !!handler_zi        c_p.l(__scatter_zi.o)
    0x0000013c   0x0000013c   0x00000002   Code   RO         2492    .ARM.Collect$$libinit$$00000000  c_p.l(libinit.o)
    0x0000013e   0x0000013e   0x00000000   Code   RO         2505    .ARM.Collect$$libinit$$00000002  c_p.l(libinit2.o)
    0x0000013e   0x0000013e   0x00000000   Code   RO         2507    .ARM.Collect$$libinit$$00000004  c_p.l(libinit2.o)
    0x0000013e   0x0000013e   0x00000000   Code   RO         2510    .ARM.Collect$$libinit$$0000000A  c_p.l(libinit2.o)
    0x0000013e   0x0000013e   0x00000000   Code   RO         2512    .ARM.Collect$$libinit$$0000000C  c_p.l(libinit2.o)
    0x0000013e   0x0000013e   0x00000000   Code   RO         2514    .ARM.Collect$$libinit$$0000000E  c_p.l(libinit2.o)
    0x0000013e   0x0000013e   0x00000000   Code   RO         2517    .ARM.Collect$$libinit$$00000011  c_p.l(libinit2.o)
    0x0000013e   0x0000013e   0x00000000   Code   RO         2519    .ARM.Collect$$libinit$$00000013  c_p.l(libinit2.o)
    0x0000013e   0x0000013e   0x00000000   Code   RO         2521    .ARM.Collect$$libinit$$00000015  c_p.l(libinit2.o)
    0x0000013e   0x0000013e   0x00000000   Code   RO         2523    .ARM.Collect$$libinit$$00000017  c_p.l(libinit2.o)
    0x0000013e   0x0000013e   0x00000000   Code   RO         2525    .ARM.Collect$$libinit$$00000019  c_p.l(libinit2.o)
    0x0000013e   0x0000013e   0x00000000   Code   RO         2527    .ARM.Collect$$libinit$$0000001B  c_p.l(libinit2.o)
    0x0000013e   0x0000013e   0x00000000   Code   RO         2529    .ARM.Collect$$libinit$$0000001D  c_p.l(libinit2.o)
    0x0000013e   0x0000013e   0x00000000   Code   RO         2531    .ARM.Collect$$libinit$$0000001F  c_p.l(libinit2.o)
    0x0000013e   0x0000013e   0x00000000   Code   RO         2533    .ARM.Collect$$libinit$$00000021  c_p.l(libinit2.o)
    0x0000013e   0x0000013e   0x00000000   Code   RO         2535    .ARM.Collect$$libinit$$00000023  c_p.l(libinit2.o)
    0x0000013e   0x0000013e   0x00000000   Code   RO         2537    .ARM.Collect$$libinit$$00000025  c_p.l(libinit2.o)
    0x0000013e   0x0000013e   0x00000000   Code   RO         2541    .ARM.Collect$$libinit$$0000002C  c_p.l(libinit2.o)
    0x0000013e   0x0000013e   0x00000000   Code   RO         2543    .ARM.Collect$$libinit$$0000002E  c_p.l(libinit2.o)
    0x0000013e   0x0000013e   0x00000000   Code   RO         2545    .ARM.Collect$$libinit$$00000030  c_p.l(libinit2.o)
    0x0000013e   0x0000013e   0x00000000   Code   RO         2547    .ARM.Collect$$libinit$$00000032  c_p.l(libinit2.o)
    0x0000013e   0x0000013e   0x00000002   Code   RO         2548    .ARM.Collect$$libinit$$00000033  c_p.l(libinit2.o)
    0x00000140   0x00000140   0x00000002   Code   RO         2579    .ARM.Collect$$libshutdown$$00000000  c_p.l(libshutdown.o)
    0x00000142   0x00000142   0x00000000   Code   RO         2605    .ARM.Collect$$libshutdown$$00000002  c_p.l(libshutdown2.o)
    0x00000142   0x00000142   0x00000000   Code   RO         2607    .ARM.Collect$$libshutdown$$00000004  c_p.l(libshutdown2.o)
    0x00000142   0x00000142   0x00000000   Code   RO         2610    .ARM.Collect$$libshutdown$$00000007  c_p.l(libshutdown2.o)
    0x00000142   0x00000142   0x00000000   Code   RO         2613    .ARM.Collect$$libshutdown$$0000000A  c_p.l(libshutdown2.o)
    0x00000142   0x00000142   0x00000000   Code   RO         2615    .ARM.Collect$$libshutdown$$0000000C  c_p.l(libshutdown2.o)
    0x00000142   0x00000142   0x00000000   Code   RO         2618    .ARM.Collect$$libshutdown$$0000000F  c_p.l(libshutdown2.o)
    0x00000142   0x00000142   0x00000002   Code   RO         2619    .ARM.Collect$$libshutdown$$00000010  c_p.l(libshutdown2.o)
    0x00000144   0x00000144   0x00000000   Code   RO         2395    .ARM.Collect$$rtentry$$00000000  c_p.l(__rtentry.o)
    0x00000144   0x00000144   0x00000000   Code   RO         2442    .ARM.Collect$$rtentry$$00000002  c_p.l(__rtentry2.o)
    0x00000144   0x00000144   0x00000006   Code   RO         2454    .ARM.Collect$$rtentry$$00000004  c_p.l(__rtentry4.o)
    0x0000014a   0x0000014a   0x00000000   Code   RO         2444    .ARM.Collect$$rtentry$$00000009  c_p.l(__rtentry2.o)
    0x0000014a   0x0000014a   0x00000004   Code   RO         2445    .ARM.Collect$$rtentry$$0000000A  c_p.l(__rtentry2.o)
    0x0000014e   0x0000014e   0x00000000   Code   RO         2447    .ARM.Collect$$rtentry$$0000000C  c_p.l(__rtentry2.o)
    0x0000014e   0x0000014e   0x00000008   Code   RO         2448    .ARM.Collect$$rtentry$$0000000D  c_p.l(__rtentry2.o)
    0x00000156   0x00000156   0x00000002   Code   RO         2496    .ARM.Collect$$rtexit$$00000000  c_p.l(rtexit.o)
    0x00000158   0x00000158   0x00000000   Code   RO         2552    .ARM.Collect$$rtexit$$00000002  c_p.l(rtexit2.o)
    0x00000158   0x00000158   0x00000004   Code   RO         2553    .ARM.Collect$$rtexit$$00000003  c_p.l(rtexit2.o)
    0x0000015c   0x0000015c   0x00000006   Code   RO         2554    .ARM.Collect$$rtexit$$00000004  c_p.l(rtexit2.o)
    0x00000162   0x00000162   0x00000002   PAD
    0x00000164   0x00000164   0x00000038   Code   RO            4    .text               startup_fm33lc0xx.o
    0x0000019c   0x0000019c   0x0000015a   Code   RO         2315    .text               c_p.l(aeabi_sdiv.o)
    0x000002f6   0x000002f6   0x00000006   Code   RO         2319    .text               c_p.l(heapauxi.o)
    0x000002fc   0x000002fc   0x0000007c   Code   RO         2323    .text               fz_ps.l(d2f.o)
    0x00000378   0x00000378   0x00000358   Code   RO         2325    .text               fz_ps.l(daddsub.o)
    0x000006d0   0x000006d0   0x00000448   Code   RO         2327    .text               fz_ps.l(ddiv.o)
    0x00000b18   0x00000b18   0x0000006c   Code   RO         2330    .text               fz_ps.l(dfixi.o)
    0x00000b84   0x00000b84   0x00000048   Code   RO         2332    .text               fz_ps.l(dfixui.o)
    0x00000bcc   0x00000bcc   0x00000058   Code   RO         2334    .text               fz_ps.l(dflti.o)
    0x00000c24   0x00000c24   0x00000248   Code   RO         2338    .text               fz_ps.l(dmul.o)
    0x00000e6c   0x00000e6c   0x00000054   Code   RO         2342    .text               fz_ps.l(f2d.o)
    0x00000ec0   0x00000ec0   0x00000160   Code   RO         2350    .text               fz_ps.l(fdiv.o)
    0x00001020   0x00001020   0x00000030   Code   RO         2353    .text               fz_ps.l(ffixui.o)
    0x00001050   0x00001050   0x00000016   Code   RO         2400    .text               c_p.l(_rserrno.o)
    0x00001066   0x00001066   0x00000002   PAD
    0x00001068   0x00001068   0x00000090   Code   RO         2402    .text               fz_ps.l(dcmpin.o)
    0x000010f8   0x000010f8   0x00000180   Code   RO         2404    .text               fz_ps.l(drem.o)
    0x00001278   0x00001278   0x00000100   Code   RO         2406    .text               fz_ps.l(dsqrt.o)
    0x00001378   0x00001378   0x00000064   Code   RO         2408    .text               fz_ps.l(fcmpin.o)
    0x000013dc   0x000013dc   0x00000008   Code   RO         2461    .text               c_p.l(rt_errno_addr_intlibspace.o)
    0x000013e4   0x000013e4   0x0000002e   Code   RO         2463    .text               fz_ps.l(cmpret.o)
    0x00001412   0x00001412   0x00000002   PAD
    0x00001414   0x00001414   0x00000014   Code   RO         2465    .text               fz_ps.l(dnan2.o)
    0x00001428   0x00001428   0x00000060   Code   RO         2467    .text               fz_ps.l(dscalbn.o)
    0x00001488   0x00001488   0x00000010   Code   RO         2469    .text               fz_ps.l(fnan2.o)
    0x00001498   0x00001498   0x00000008   Code   RO         2475    .text               c_p.l(libspace.o)
    0x000014a0   0x000014a0   0x0000003e   Code   RO         2478    .text               c_p.l(sys_stackheap_outer.o)
    0x000014de   0x000014de   0x00000010   Code   RO         2481    .text               c_p.l(exit.o)
    0x000014ee   0x000014ee   0x0000005e   Code   RO         2493    .text               fz_ps.l(retnan.o)
    0x0000154c   0x0000154c   0x0000000c   Code   RO         2549    .text               c_p.l(sys_exit.o)
    0x00001558   0x00001558   0x00000002   Code   RO         2568    .text               c_p.l(use_no_semi.o)
    0x0000155a   0x0000155a   0x00000000   Code   RO         2570    .text               c_p.l(indicate_semi.o)
    0x0000155a   0x0000155a   0x00000036   Code   RO         1963    i.FL_ATIM_CC_SetChannelMode  fm33lc0xx_fl_atim.o
    0x00001590   0x00001590   0x0000000a   Code   RO         1967    i.FL_ATIM_GenerateUpdateEvent  fm33lc0xx_fl_atim.o
    0x0000159a   0x0000159a   0x00000002   PAD
    0x0000159c   0x0000159c   0x0000019c   Code   RO         1970    i.FL_ATIM_Init      fm33lc0xx_fl_atim.o
    0x00001738   0x00001738   0x00000010   Code   RO         1971    i.FL_ATIM_IsActiveFlag_Update  fm33lc0xx_fl_atim.o
    0x00001748   0x00001748   0x00000010   Code   RO         1972    i.FL_ATIM_OC_DisableChannel  fm33lc0xx_fl_atim.o
    0x00001758   0x00001758   0x00000010   Code   RO         1973    i.FL_ATIM_OC_DisableReverseChannel  fm33lc0xx_fl_atim.o
    0x00001768   0x00001768   0x00000230   Code   RO         1974    i.FL_ATIM_OC_Init   fm33lc0xx_fl_atim.o
    0x00001998   0x00001998   0x0000000c   Code   RO         1976    i.FL_ATIM_SetCounterAlignedMode  fm33lc0xx_fl_atim.o
    0x000019a4   0x000019a4   0x0000000c   Code   RO          328    i.FL_ATIM_WriteCompareCH1  foc_kenal.o
    0x000019b0   0x000019b0   0x00000020   Code   RO          996    i.FL_DelayInit      fm33lc0xx_fl.o
    0x000019d0   0x000019d0   0x0000000a   Code   RO         1495    i.FL_GPIO_DisablePinAnalogSwitch  fm33lc0xx_fl_gpio.o
    0x000019da   0x000019da   0x0000000a   Code   RO         1496    i.FL_GPIO_DisablePinInput  fm33lc0xx_fl_gpio.o
    0x000019e4   0x000019e4   0x0000000a   Code   RO         1497    i.FL_GPIO_DisablePinOpenDrain  fm33lc0xx_fl_gpio.o
    0x000019ee   0x000019ee   0x0000000a   Code   RO         1498    i.FL_GPIO_DisablePinPullup  fm33lc0xx_fl_gpio.o
    0x000019f8   0x000019f8   0x0000000a   Code   RO         1499    i.FL_GPIO_DisablePinRemap  fm33lc0xx_fl_gpio.o
    0x00001a02   0x00001a02   0x00000002   PAD
    0x00001a04   0x00001a04   0x000001b0   Code   RO         1501    i.FL_GPIO_Init      fm33lc0xx_fl_gpio.o
    0x00001bb4   0x00001bb4   0x0000001a   Code   RO         1502    i.FL_GPIO_SetPinMode  fm33lc0xx_fl_gpio.o
    0x00001bce   0x00001bce   0x00000002   PAD
    0x00001bd0   0x00001bd0   0x0000016c   Code   RO          601    i.FL_I2C_MasterMode_Init  fm33lc0xx_fl_i2c.o
    0x00001d3c   0x00001d3c   0x00000008   Code   RO         1001    i.FL_Init           fm33lc0xx_fl.o
    0x00001d44   0x00001d44   0x00000010   Code   RO         1981    i.FL_RCC_EnableGroup1OperationClock  fm33lc0xx_fl_atim.o
    0x00001d54   0x00001d54   0x00000010   Code   RO         2113    i.FL_RCC_EnableGroup1OperationClock  fm33lc0xx_fl_uart.o
    0x00001d64   0x00001d64   0x00000010   Code   RO          606    i.FL_RCC_EnableGroup3BusClock  fm33lc0xx_fl_i2c.o
    0x00001d74   0x00001d74   0x00000010   Code   RO         2114    i.FL_RCC_EnableGroup3BusClock  fm33lc0xx_fl_uart.o
    0x00001d84   0x00001d84   0x00000010   Code   RO         1982    i.FL_RCC_EnableGroup4BusClock  fm33lc0xx_fl_atim.o
    0x00001d94   0x00001d94   0x00000078   Code   RO         1357    i.FL_RCC_GetAHBClockFreq  fm33lc0xx_fl_rcc.o
    0x00001e0c   0x00001e0c   0x00000078   Code   RO         1358    i.FL_RCC_GetAPB1ClockFreq  fm33lc0xx_fl_rcc.o
    0x00001e84   0x00001e84   0x00000078   Code   RO         1359    i.FL_RCC_GetAPB2ClockFreq  fm33lc0xx_fl_rcc.o
    0x00001efc   0x00001efc   0x000000ac   Code   RO         1360    i.FL_RCC_GetPLLClockFreq  fm33lc0xx_fl_rcc.o
    0x00001fa8   0x00001fa8   0x00000044   Code   RO         1361    i.FL_RCC_GetRCHFClockFreq  fm33lc0xx_fl_rcc.o
    0x00001fec   0x00001fec   0x00000050   Code   RO         1362    i.FL_RCC_GetRCMFClockFreq  fm33lc0xx_fl_rcc.o
    0x0000203c   0x0000203c   0x0000006c   Code   RO         1363    i.FL_RCC_GetSystemClockFreq  fm33lc0xx_fl_rcc.o
    0x000020a8   0x000020a8   0x00000024   Code   RO         1364    i.FL_RCC_GetUSBClockFreqToSysclk  fm33lc0xx_fl_rcc.o
    0x000020cc   0x000020cc   0x000002a8   Code   RO         2120    i.FL_UART_Init      fm33lc0xx_fl_uart.o
    0x00002374   0x00002374   0x00000030   Code   RO           13    i.HFDET_IRQHandler  mf_config.o
    0x000023a4   0x000023a4   0x0000006c   Code   RO           14    i.MF_ATIM_Channel1_Init  mf_config.o
    0x00002410   0x00002410   0x0000006c   Code   RO           15    i.MF_ATIM_Channel2_Init  mf_config.o
    0x0000247c   0x0000247c   0x0000006c   Code   RO           16    i.MF_ATIM_Channel3_Init  mf_config.o
    0x000024e8   0x000024e8   0x00000030   Code   RO           17    i.MF_ATIM_TimerBase_Init  mf_config.o
    0x00002518   0x00002518   0x00000120   Code   RO           18    i.MF_Clock_Init     mf_config.o
    0x00002638   0x00002638   0x00000022   Code   RO           19    i.MF_Config_Init    mf_config.o
    0x0000265a   0x0000265a   0x00000002   PAD
    0x0000265c   0x0000265c   0x0000005c   Code   RO           20    i.MF_I2C_MASTER_Init  mf_config.o
    0x000026b8   0x000026b8   0x00000068   Code   RO           21    i.MF_UART0_Init     mf_config.o
    0x00002720   0x00002720   0x000001d8   Code   RO         1983    i.OCConfig          fm33lc0xx_fl_atim.o
    0x000028f8   0x000028f8   0x0000002c   Code   RO          272    i.Send_Byte         myuart.o
    0x00002924   0x00002924   0x0000001a   Code   RO          276    i.Serial_SendString  myuart.o
    0x0000293e   0x0000293e   0x00000002   PAD
    0x00002940   0x00002940   0x0000048c   Code   RO          329    i.SetPhaseVoltage   foc_kenal.o
    0x00002dcc   0x00002dcc   0x00000190   Code   RO          374    i.SystemCoreClockUpdate  system_fm33lc0xx.o
    0x00002f5c   0x00002f5c   0x00000124   Code   RO          375    i.SystemInit        system_fm33lc0xx.o
    0x00003080   0x00003080   0x000000c4   Code   RO          376    i.SystemPLLClockUpdate  system_fm33lc0xx.o
    0x00003144   0x00003144   0x00000074   Code   RO          277    i.UART0_IRQHandler  myuart.o
    0x000031b8   0x000031b8   0x00000032   Code   RO         2433    i.__ARM_common_ll_muluu  m_ps.l(rred.o)
    0x000031ea   0x000031ea   0x0000001c   Code   RO          357    i.__ARM_common_switch8  foc_kenal.o
    0x00003206   0x00003206   0x00000002   PAD
    0x00003208   0x00003208   0x0000002c   Code   RO         2471    i.__ARM_fpclassify  m_ps.l(fpclassify.o)
    0x00003234   0x00003234   0x0000039c   Code   RO         2428    i.__ieee754_rem_pio2  m_ps.l(rred.o)
    0x000035d0   0x000035d0   0x000000f4   Code   RO         2411    i.__kernel_cos      m_ps.l(cos_i.o)
    0x000036c4   0x000036c4   0x000000ac   Code   RO         2473    i.__kernel_poly     m_ps.l(poly.o)
    0x00003770   0x00003770   0x000000ec   Code   RO         2435    i.__kernel_sin      m_ps.l(sin_i.o)
    0x0000385c   0x0000385c   0x0000000a   Code   RO         2415    i.__mathlib_dbl_infnan  m_ps.l(dunder.o)
    0x00003866   0x00003866   0x00000010   Code   RO         2417    i.__mathlib_dbl_invalid  m_ps.l(dunder.o)
    0x00003876   0x00003876   0x00000002   PAD
    0x00003878   0x00003878   0x00000014   Code   RO         2420    i.__mathlib_dbl_underflow  m_ps.l(dunder.o)
    0x0000388c   0x0000388c   0x00000050   Code   RO          330    i._normalizeAngle   foc_kenal.o
    0x000038dc   0x000038dc   0x00000098   Code   RO         2364    i.cos               m_ps.l(cos.o)
    0x00003974   0x00003974   0x00000094   Code   RO         2372    i.fmod              m_ps.l(fmod.o)
    0x00003a08   0x00003a08   0x00000078   Code   RO          220    i.main              main.o
    0x00003a80   0x00003a80   0x0000009c   Code   RO         2380    i.sin               m_ps.l(sin.o)
    0x00003b1c   0x00003b1c   0x00000048   Code   RO         2388    i.sqrt              m_ps.l(sqrt.o)
    0x00003b64   0x00003b64   0x00000064   Code   RO         2336    x$fpl$dleqf         fz_ps.l(dlef.o)
    0x00003bc8   0x00003bc8   0x00000068   Code   RO         2340    x$fpl$drleqf        fz_ps.l(drlef.o)
    0x00003c30   0x00003c30   0x0000008c   Code   RO         2344    x$fpl$fadd          fz_ps.l(faddsub.o)
    0x00003cbc   0x00003cbc   0x000000b0   Code   RO         2359    x$fpl$fmul          fz_ps.l(fmul.o)
    0x00003d6c   0x00003d6c   0x00000058   Code   RO         2361    x$fpl$frleqf        fz_ps.l(frlef.o)
    0x00003dc4   0x00003dc4   0x000000d0   Code   RO         2346    x$fpl$fsub          fz_ps.l(faddsub.o)
    0x00003e94   0x00003e94   0x00000000   Code   RO         2410    x$fpl$usenofp       fz_ps.l(usenofp.o)
    0x00003e94   0x00003e94   0x00000080   Data   RO         2328    .constdata          fz_ps.l(ddiv.o)
    0x00003f14   0x00003f14   0x00000040   Data   RO         2351    .constdata          fz_ps.l(fdiv.o)
    0x00003f54   0x00003f54   0x00000004   PAD
    0x00003f58   0x00003f58   0x00000030   Data   RO         2412    .constdata          m_ps.l(cos_i.o)
    0x00003f88   0x00003f88   0x000000c8   Data   RO         2430    .constdata          m_ps.l(rred.o)
    0x00004050   0x00004050   0x00000028   Data   RO         2436    .constdata          m_ps.l(sin_i.o)
    0x00004078   0x00004078   0x00000020   Data   RO         2620    Region$$Table       anon$$obj.o


    Execution Region RW_IRAM1 (Exec base: 0x20000000, Load base: 0x00004098, Size: 0x00001078, Max: 0x00006000, ABSOLUTE)

    Exec Addr    Load Addr    Size         Type   Attr      Idx    E Section Name        Object

    0x20000000   0x00004098   0x00000001   Data   RW          278    .data               myuart.o
    0x20000001   0x00004099   0x00000003   PAD
    0x20000004   0x0000409c   0x00000004   Data   RW          331    .data               foc_kenal.o
    0x20000008   0x000040a0   0x0000000c   Data   RW          377    .data               system_fm33lc0xx.o
    0x20000014        -       0x00000060   Zero   RW         2476    .bss                c_p.l(libspace.o)
    0x20000074   0x000040ac   0x00000004   PAD
    0x20000078        -       0x00000800   Zero   RW            2    HEAP                startup_fm33lc0xx.o
    0x20000878        -       0x00000800   Zero   RW            1    STACK               startup_fm33lc0xx.o


==============================================================================

Image component sizes


      Code (inc. data)   RO Data    RW Data    ZI Data      Debug   Object Name

        40          6          0          0          0        909   fm33lc0xx_fl.o
      1600         20          0          0          0      77337   fm33lc0xx_fl_atim.o
       508         14          0          0          0      20711   fm33lc0xx_fl_gpio.o
       380         24          0          0          0      47473   fm33lc0xx_fl_i2c.o
         0          0          0          0          0      28176   fm33lc0xx_fl_iwdt.o
       824        112          0          0          0      33639   fm33lc0xx_fl_rcc.o
       712         28          0          0          0      43399   fm33lc0xx_fl_uart.o
      1284         82          0          4          0      34700   foc_kenal.o
       120         24          0          0          0      32491   main.o
       938         70          0          0          0     133602   mf_config.o
       186         16          0          1          0      12520   myuart.o
        56         26        192          0       4096        724   startup_fm33lc0xx.o
       888        126          0         12          0       2247   system_fm33lc0xx.o

    ----------------------------------------------------------------------
      7548        548        224         20       4096     467928   Object Totals
         0          0         32          0          0          0   (incl. Generated)
        12          0          0          3          0          0   (incl. Padding)

    ----------------------------------------------------------------------

      Code (inc. data)   RO Data    RW Data    ZI Data      Debug   Library Member Name

         8          0          0          0          0         68   __main.o
         0          0          0          0          0          0   __rtentry.o
        12          0          0          0          0          0   __rtentry2.o
         6          0          0          0          0          0   __rtentry4.o
        60          8          0          0          0          0   __scatter.o
        26          0          0          0          0          0   __scatter_copy.o
        28          0          0          0          0          0   __scatter_zi.o
        22          0          0          0          0         92   _rserrno.o
       346          0          0          0          0         92   aeabi_sdiv.o
        16          0          0          0          0         68   exit.o
         6          0          0          0          0        136   heapauxi.o
         0          0          0          0          0          0   indicate_semi.o
         2          0          0          0          0          0   libinit.o
         2          0          0          0          0          0   libinit2.o
         2          0          0          0          0          0   libshutdown.o
         2          0          0          0          0          0   libshutdown2.o
         8          4          0          0         96         68   libspace.o
         8          4          0          0          0         68   rt_errno_addr_intlibspace.o
         2          0          0          0          0          0   rtexit.o
        10          0          0          0          0          0   rtexit2.o
        12          4          0          0          0         60   sys_exit.o
        62          0          0          0          0         80   sys_stackheap_outer.o
         2          0          0          0          0         68   use_no_semi.o
        46          0          0          0          0         60   cmpret.o
       124          4          0          0          0         72   d2f.o
       856         20          0          0          0        208   daddsub.o
       144          4          0          0          0         76   dcmpin.o
      1096         26        128          0          0        112   ddiv.o
       108         10          0          0          0         72   dfixi.o
        72          4          0          0          0         68   dfixui.o
        88          0          0          0          0         92   dflti.o
       100          4          0          0          0         92   dlef.o
       584         26          0          0          0         84   dmul.o
        20          6          0          0          0         68   dnan2.o
       384         16          0          0          0         76   drem.o
       104          4          0          0          0        104   drlef.o
        96         12          0          0          0         72   dscalbn.o
       256          8          0          0          0         76   dsqrt.o
        84          4          0          0          0         60   f2d.o
       348          8          0          0          0        160   faddsub.o
       100          4          0          0          0         68   fcmpin.o
       352         10         64          0          0         92   fdiv.o
        48          0          0          0          0         60   ffixui.o
       176          4          0          0          0         80   fmul.o
        16          6          0          0          0         68   fnan2.o
        88          4          0          0          0         76   frlef.o
        94          0          0          0          0         68   retnan.o
         0          0          0          0          0          0   usenofp.o
       152         10          0          0          0        104   cos.o
       244         20         48          0          0         92   cos_i.o
        46          6          0          0          0        204   dunder.o
       148          4          0          0          0         72   fmod.o
        44          4          0          0          0         60   fpclassify.o
       172          0          0          0          0         76   poly.o
       974         86        200          0          0        200   rred.o
       156         10          0          0          0        104   sin.o
       236         14         40          0          0        100   sin_i.o
        72          6          0          0          0         76   sqrt.o

    ----------------------------------------------------------------------
      8280        364        484          0        100       3952   Library Totals
        10          0          4          0          4          0   (incl. Padding)

    ----------------------------------------------------------------------

      Code (inc. data)   RO Data    RW Data    ZI Data      Debug   Library Name

       642         20          0          0         96        800   c_p.l
      5384        184        192          0          0       2064   fz_ps.l
      2244        160        288          0          0       1088   m_ps.l

    ----------------------------------------------------------------------
      8280        364        484          0        100       3952   Library Totals

    ----------------------------------------------------------------------

==============================================================================


      Code (inc. data)   RO Data    RW Data    ZI Data      Debug   

     15828        912        708         20       4196     467676   Grand Totals
     15828        912        708         20       4196     467676   ELF Image Totals
     15828        912        708         20          0          0   ROM Totals

==============================================================================

    Total RO  Size (Code + RO Data)                16536 (  16.15kB)
    Total RW  Size (RW Data + ZI Data)              4216 (   4.12kB)
    Total ROM Size (Code + RO Data + RW Data)      16556 (  16.17kB)

==============================================================================

