Component: ARM Compiler 5.06 update 6 (build 750) Tool: armlink [4d35ed]

==============================================================================

Section Cross References

    startup_fm33lc0xx.o(STACK) refers (Special) to heapauxi.o(.text) for __use_two_region_memory
    startup_fm33lc0xx.o(HEAP) refers (Special) to heapauxi.o(.text) for __use_two_region_memory
    startup_fm33lc0xx.o(RESET) refers (Special) to heapauxi.o(.text) for __use_two_region_memory
    startup_fm33lc0xx.o(RESET) refers to startup_fm33lc0xx.o(STACK) for __initial_sp
    startup_fm33lc0xx.o(RESET) refers to startup_fm33lc0xx.o(.text) for Reset_Handler
    startup_fm33lc0xx.o(RESET) refers to myuart.o(i.UART0_IRQHandler) for UART0_IRQHandler
    startup_fm33lc0xx.o(RESET) refers to mf_config.o(i.HFDET_IRQHandler) for HFDET_IRQHandler
    startup_fm33lc0xx.o(.text) refers (Special) to heapauxi.o(.text) for __use_two_region_memory
    startup_fm33lc0xx.o(.text) refers to system_fm33lc0xx.o(i.SystemInit) for SystemInit
    startup_fm33lc0xx.o(.text) refers to __main.o(!!!main) for __main
    startup_fm33lc0xx.o(.text) refers to startup_fm33lc0xx.o(HEAP) for Heap_Mem
    startup_fm33lc0xx.o(.text) refers to startup_fm33lc0xx.o(STACK) for Stack_Mem
    mf_config.o(i.MF_ATIM_Channel1_Init) refers to fm33lc0xx_fl_gpio.o(i.FL_GPIO_Init) for FL_GPIO_Init
    mf_config.o(i.MF_ATIM_Channel1_Init) refers to fm33lc0xx_fl_atim.o(i.FL_ATIM_OC_Init) for FL_ATIM_OC_Init
    mf_config.o(i.MF_ATIM_Channel2_Init) refers to fm33lc0xx_fl_gpio.o(i.FL_GPIO_Init) for FL_GPIO_Init
    mf_config.o(i.MF_ATIM_Channel2_Init) refers to fm33lc0xx_fl_atim.o(i.FL_ATIM_OC_Init) for FL_ATIM_OC_Init
    mf_config.o(i.MF_ATIM_Channel3_Init) refers to fm33lc0xx_fl_gpio.o(i.FL_GPIO_Init) for FL_GPIO_Init
    mf_config.o(i.MF_ATIM_Channel3_Init) refers to fm33lc0xx_fl_atim.o(i.FL_ATIM_OC_Init) for FL_ATIM_OC_Init
    mf_config.o(i.MF_ATIM_TimerBase_Init) refers to fm33lc0xx_fl_atim.o(i.FL_ATIM_Init) for FL_ATIM_Init
    mf_config.o(i.MF_Clock_Init) refers to system_fm33lc0xx.o(i.SystemCoreClockUpdate) for SystemCoreClockUpdate
    mf_config.o(i.MF_Config_Init) refers to mf_config.o(i.MF_ATIM_TimerBase_Init) for MF_ATIM_TimerBase_Init
    mf_config.o(i.MF_Config_Init) refers to mf_config.o(i.MF_ATIM_Channel1_Init) for MF_ATIM_Channel1_Init
    mf_config.o(i.MF_Config_Init) refers to mf_config.o(i.MF_ATIM_Channel2_Init) for MF_ATIM_Channel2_Init
    mf_config.o(i.MF_Config_Init) refers to mf_config.o(i.MF_ATIM_Channel3_Init) for MF_ATIM_Channel3_Init
    mf_config.o(i.MF_Config_Init) refers to mf_config.o(i.MF_I2C_MASTER_Init) for MF_I2C_MASTER_Init
    mf_config.o(i.MF_Config_Init) refers to mf_config.o(i.MF_UART0_Init) for MF_UART0_Init
    mf_config.o(i.MF_I2C_MASTER_Init) refers to fm33lc0xx_fl_gpio.o(i.FL_GPIO_Init) for FL_GPIO_Init
    mf_config.o(i.MF_I2C_MASTER_Init) refers to fm33lc0xx_fl_i2c.o(i.FL_I2C_MasterMode_Init) for FL_I2C_MasterMode_Init
    mf_config.o(i.MF_UART0_Init) refers to fm33lc0xx_fl_gpio.o(i.FL_GPIO_Init) for FL_GPIO_Init
    mf_config.o(i.MF_UART0_Init) refers to fm33lc0xx_fl_uart.o(i.FL_UART_Init) for FL_UART_Init
    main.o(i.main) refers to fm33lc0xx_fl.o(i.FL_Init) for FL_Init
    main.o(i.main) refers to mf_config.o(i.MF_Clock_Init) for MF_Clock_Init
    main.o(i.main) refers to mf_config.o(i.MF_Config_Init) for MF_Config_Init
    main.o(i.main) refers to myuart.o(i.Serial_SendString) for Serial_SendString
    main.o(i.main) refers to main.o(i.FL_ATIM_WriteCompareCH1) for FL_ATIM_WriteCompareCH1
    main.o(i.main) refers to main.o(i.FL_ATIM_WriteCompareCH2) for FL_ATIM_WriteCompareCH2
    main.o(i.main) refers to main.o(i.FL_ATIM_WriteCompareCH3) for FL_ATIM_WriteCompareCH3
    main.o(i.main) refers to fm33lc0xx_fl.o(i.FL_DelayMs) for FL_DelayMs
    myuart.o(i.Serial_SendArray) refers to myuart.o(i.Send_Byte) for Send_Byte
    myuart.o(i.Serial_SendNumber) refers to myuart.o(i.Serial_Pow) for Serial_Pow
    myuart.o(i.Serial_SendNumber) refers to aeabi_sdiv.o(.text) for __aeabi_uidivmod
    myuart.o(i.Serial_SendNumber) refers to myuart.o(i.Send_Byte) for Send_Byte
    myuart.o(i.Serial_SendString) refers to myuart.o(i.Send_Byte) for Send_Byte
    myuart.o(i.UART0_IRQHandler) refers to myuart.o(.data) for RxData
    system_fm33lc0xx.o(i.SystemCoreClockUpdate) refers to system_fm33lc0xx.o(i.__ARM_common_switch8) for __ARM_common_switch8
    system_fm33lc0xx.o(i.SystemCoreClockUpdate) refers to system_fm33lc0xx.o(i.SystemPLLClockUpdate) for SystemPLLClockUpdate
    system_fm33lc0xx.o(i.SystemCoreClockUpdate) refers to system_fm33lc0xx.o(.data) for XTHFClock
    system_fm33lc0xx.o(i.SystemInit) refers to system_fm33lc0xx.o(i.SystemCoreClockUpdate) for SystemCoreClockUpdate
    system_fm33lc0xx.o(i.SystemPLLClockUpdate) refers to system_fm33lc0xx.o(i.__ARM_common_switch8) for __ARM_common_switch8
    system_fm33lc0xx.o(i.SystemPLLClockUpdate) refers to aeabi_sdiv.o(.text) for __aeabi_uidivmod
[...]
    libinit2.o(.ARM.Collect$$libinit$$00000026) refers to argv_veneer.o(.text) for __ARM_argv_veneer
    libinit2.o(.ARM.Collect$$libinit$$00000027) refers to argv_veneer.o(.text) for __ARM_argv_veneer
    sys_exit.o(.text) refers (Special) to use_no_semi.o(.text) for __I$use$semihosting
    sys_exit.o(.text) refers (Special) to indicate_semi.o(.text) for __semihosting_library_function
    rtexit2.o(.ARM.Collect$$rtexit$$00000003) refers to libshutdown.o(.ARM.Collect$$libshutdown$$00000000) for __rt_lib_shutdown
    rtexit2.o(.ARM.Collect$$rtexit$$00000004) refers to sys_exit.o(.text) for _sys_exit
    rtexit2.o(.ARM.exidx) refers to rtexit2.o(.ARM.Collect$$rtexit$$00000001) for .ARM.Collect$$rtexit$$00000001
    rtexit2.o(.ARM.exidx) refers to rtexit2.o(.ARM.Collect$$rtexit$$00000003) for .ARM.Collect$$rtexit$$00000003
    rtexit2.o(.ARM.exidx) refers to rtexit2.o(.ARM.Collect$$rtexit$$00000004) for .ARM.Collect$$rtexit$$00000004
    __raise.o(.text) refers to defsig.o(CL$$defsig) for __default_signal_handler
    defsig_general.o(.text) refers to sys_wrch.o(.text) for _ttywrch
    sys_wrch.o(.text) refers (Special) to use_no_semi.o(.text) for __I$use$semihosting
    sys_wrch.o(.text) refers (Special) to indicate_semi.o(.text) for __semihosting_library_function
    defsig.o(CL$$defsig) refers to defsig_fpe_inner.o(.text) for __rt_SIGFPE_inner
    defsig.o(CL$$defsig) refers to defsig_rtmem_inner.o(.text) for __rt_SIGRTMEM_inner
    _get_argv_nomalloc.o(.text) refers (Special) to hrguard.o(.text) for __heap_region$guard
    _get_argv_nomalloc.o(.text) refers to defsig_rtmem_outer.o(.text) for __rt_SIGRTMEM
    _get_argv_nomalloc.o(.text) refers to sys_command.o(.text) for _sys_command_string
    libshutdown.o(.ARM.Collect$$libshutdown$$00000000) refers (Special) to libshutdown2.o(.ARM.Collect$$libshutdown$$00000002) for __rt_lib_shutdown_cpp_1
    libshutdown.o(.ARM.Collect$$libshutdown$$00000000) refers (Special) to libshutdown2.o(.ARM.Collect$$libshutdown$$00000007) for __rt_lib_shutdown_fp_trap_1
    libshutdown.o(.ARM.Collect$$libshutdown$$00000000) refers (Special) to libshutdown2.o(.ARM.Collect$$libshutdown$$0000000F) for __rt_lib_shutdown_heap_1
    libshutdown.o(.ARM.Collect$$libshutdown$$00000000) refers (Special) to libshutdown2.o(.ARM.Collect$$libshutdown$$00000010) for __rt_lib_shutdown_return
    libshutdown.o(.ARM.Collect$$libshutdown$$00000000) refers (Special) to libshutdown2.o(.ARM.Collect$$libshutdown$$0000000A) for __rt_lib_shutdown_signal_1
    libshutdown.o(.ARM.Collect$$libshutdown$$00000000) refers (Special) to libshutdown2.o(.ARM.Collect$$libshutdown$$00000004) for __rt_lib_shutdown_stdio_1
    libshutdown.o(.ARM.Collect$$libshutdown$$00000000) refers (Special) to libshutdown2.o(.ARM.Collect$$libshutdown$$0000000C) for __rt_lib_shutdown_user_alloc_1
    sys_command.o(.text) refers (Special) to use_no_semi.o(.text) for __I$use$semihosting
    sys_command.o(.text) refers (Special) to indicate_semi.o(.text) for __semihosting_library_function
    defsig_abrt_inner.o(.text) refers to defsig_general.o(.text) for __default_signal_display
    defsig_rtred_inner.o(.text) refers to defsig_general.o(.text) for __default_signal_display
    defsig_rtmem_inner.o(.text) refers to defsig_general.o(.text) for __default_signal_display
    defsig_rtmem_outer.o(.text) refers to defsig_rtmem_inner.o(.text) for __rt_SIGRTMEM_inner
    defsig_rtmem_outer.o(.text) refers to defsig_exit.o(.text) for __sig_exit
    defsig_rtmem_formal.o(.text) refers to rt_raise.o(.text) for __rt_raise
    defsig_stak_inner.o(.text) refers to defsig_general.o(.text) for __default_signal_display
    defsig_pvfn_inner.o(.text) refers to defsig_general.o(.text) for __default_signal_display
    defsig_cppl_inner.o(.text) refers to defsig_general.o(.text) for __default_signal_display
    defsig_segv_inner.o(.text) refers to defsig_general.o(.text) for __default_signal_display
    defsig_other.o(.text) refers to defsig_general.o(.text) for __default_signal_display


==============================================================================

Removing Unused input sections from the image.

    Removing mf_config.o(.rev16_text), (4 bytes).
    Removing mf_config.o(.revsh_text), (4 bytes).
    Removing mf_config.o(i.Error_Handler), (2 bytes).
    Removing mf_config.o(i.assert_failed), (2 bytes).
    Removing main.o(.rev16_text), (4 bytes).
    Removing main.o(.revsh_text), (4 bytes).
    Removing myuart.o(.rev16_text), (4 bytes).
    Removing myuart.o(.revsh_text), (4 bytes).
    Removing myuart.o(i.Serial_Pow), (24 bytes).
    Removing myuart.o(i.Serial_SendArray), (26 bytes).
    Removing myuart.o(i.Serial_SendNumber), (58 bytes).
    Removing system_fm33lc0xx.o(.rev16_text), (4 bytes).
    Removing system_fm33lc0xx.o(.revsh_text), (4 bytes).
    Removing fm33lc0xx_fl_exti.o(.rev16_text), (4 bytes).
    Removing fm33lc0xx_fl_exti.o(.revsh_text), (4 bytes).
    Removing fm33lc0xx_fl_exti.o(i.FL_EXTI_CommonDeinit), (24 bytes).
    Removing fm33lc0xx_fl_exti.o(i.FL_EXTI_CommonInit), (96 bytes).
    Removing fm33lc0xx_fl_exti.o(i.FL_EXTI_CommonStructInit), (8 bytes).
    Removing fm33lc0xx_fl_exti.o(i.FL_EXTI_DeInit), (168 bytes).
    Removing fm33lc0xx_fl_exti.o(i.FL_EXTI_Init), (396 bytes).
    Removing fm33lc0xx_fl_exti.o(i.FL_EXTI_StructInit), (10 bytes).
    Removing fm33lc0xx_fl_exti.o(i.FL_GPIO_ClearFlag_EXTI), (6 bytes).
    Removing fm33lc0xx_fl_exti.o(i.FL_GPIO_DisableDigitalFilter), (10 bytes).
    Removing fm33lc0xx_fl_exti.o(i.FL_GPIO_SetExtiLine0), (12 bytes).
    Removing fm33lc0xx_fl_exti.o(i.FL_GPIO_SetExtiLine1), (12 bytes).
    Removing fm33lc0xx_fl_exti.o(i.FL_GPIO_SetExtiLine10), (14 bytes).
    Removing fm33lc0xx_fl_exti.o(i.FL_GPIO_SetExtiLine11), (14 bytes).
    Removing fm33lc0xx_fl_exti.o(i.FL_GPIO_SetExtiLine12), (14 bytes).
    Removing fm33lc0xx_fl_exti.o(i.FL_GPIO_SetExtiLine13), (14 bytes).
    Removing fm33lc0xx_fl_exti.o(i.FL_GPIO_SetExtiLine14), (14 bytes).
    Removing fm33lc0xx_fl_exti.o(i.FL_GPIO_SetExtiLine2), (12 bytes).
    Removing fm33lc0xx_fl_exti.o(i.FL_GPIO_SetExtiLine3), (12 bytes).
    Removing fm33lc0xx_fl_exti.o(i.FL_GPIO_SetExtiLine4), (14 bytes).
    Removing fm33lc0xx_fl_exti.o(i.FL_GPIO_SetExtiLine5), (14 bytes).
    Removing fm33lc0xx_fl_exti.o(i.FL_GPIO_SetExtiLine6), (14 bytes).
    Removing fm33lc0xx_fl_exti.o(i.FL_GPIO_SetExtiLine7), (14 bytes).
    Removing fm33lc0xx_fl_exti.o(i.FL_GPIO_SetExtiLine8), (14 bytes).
    Removing fm33lc0xx_fl_exti.o(i.FL_GPIO_SetExtiLine9), (14 bytes).
    Removing fm33lc0xx_fl_exti.o(i.FL_GPIO_SetTriggerEdge), (26 bytes).
    Removing fm33lc0xx_fl_exti.o(.constdata), (64 bytes).
    Removing fm33lc0xx_fl_u7816.o(.rev16_text), (4 bytes).
    Removing fm33lc0xx_fl_u7816.o(.revsh_text), (4 bytes).
    Removing fm33lc0xx_fl_u7816.o(i.FL_U7816_DeInit), (108 bytes).
    Removing fm33lc0xx_fl_u7816.o(i.FL_U7816_Init), (760 bytes).
    Removing fm33lc0xx_fl_u7816.o(i.FL_U7816_StructInit), (60 bytes).
    Removing fm33lc0xx_fl_i2c.o(.rev16_text), (4 bytes).
    Removing fm33lc0xx_fl_i2c.o(.revsh_text), (4 bytes).
    Removing fm33lc0xx_fl_i2c.o(i.FL_I2C_DeInit), (120 bytes).
    Removing fm33lc0xx_fl_i2c.o(i.FL_I2C_MasterMode_StructInit), (16 bytes).
    Removing fm33lc0xx_fl_i2c.o(i.FL_I2C_SlaveMode_Init), (284 bytes).
    Removing fm33lc0xx_fl_i2c.o(i.FL_I2C_SlaveMode_StructInit), (16 bytes).
    Removing fm33lc0xx_fl_i2c.o(i.FL_I2C_Slave_WriteSlaveAddress), (12 bytes).
    Removing fm33lc0xx_fl_wwdt.o(.rev16_text), (4 bytes).
    Removing fm33lc0xx_fl_wwdt.o(.revsh_text), (4 bytes).
    Removing fm33lc0xx_fl_wwdt.o(i.FL_WWDT_DeInit), (36 bytes).
    Removing fm33lc0xx_fl_wwdt.o(i.FL_WWDT_Init), (144 bytes).
    Removing fm33lc0xx_fl_wwdt.o(i.FL_WWDT_StructInit), (6 bytes).
    Removing fm33lc0xx_fl_iwdt.o(.rev16_text), (4 bytes).
    Removing fm33lc0xx_fl_iwdt.o(.revsh_text), (4 bytes).
    Removing fm33lc0xx_fl_iwdt.o(i.FL_IWDT_DeInit), (36 bytes).
    Removing fm33lc0xx_fl_iwdt.o(i.FL_IWDT_Init), (272 bytes).
    Removing fm33lc0xx_fl_iwdt.o(i.FL_IWDT_StructInit), (10 bytes).
    Removing fm33lc0xx_fl_lptim32.o(.rev16_text), (4 bytes).
    Removing fm33lc0xx_fl_lptim32.o(.revsh_text), (4 bytes).
    Removing fm33lc0xx_fl_lptim32.o(i.FL_LPTIM32_DeInit), (128 bytes).
    Removing fm33lc0xx_fl_lptim32.o(i.FL_LPTIM32_EnableETRFilter), (12 bytes).
    Removing fm33lc0xx_fl_lptim32.o(i.FL_LPTIM32_IC_Init), (284 bytes).
    Removing fm33lc0xx_fl_lptim32.o(i.FL_LPTIM32_IC_StructInit), (8 bytes).
    Removing fm33lc0xx_fl_lptim32.o(i.FL_LPTIM32_Init), (580 bytes).
    Removing fm33lc0xx_fl_lptim32.o(i.FL_LPTIM32_OC_Init), (188 bytes).
    Removing fm33lc0xx_fl_lptim32.o(i.FL_LPTIM32_OC_StructInit), (8 bytes).
    Removing fm33lc0xx_fl_lptim32.o(i.FL_LPTIM32_SetChannelMode), (42 bytes).
    Removing fm33lc0xx_fl_lptim32.o(i.FL_LPTIM32_SetETRCountEdge), (12 bytes).
    Removing fm33lc0xx_fl_lptim32.o(i.FL_LPTIM32_SetETRTriggerEdge), (12 bytes).
    Removing fm33lc0xx_fl_lptim32.o(i.FL_LPTIM32_StructInit), (20 bytes).
    Removing fm33lc0xx_fl_spi.o(.rev16_text), (4 bytes).
    Removing fm33lc0xx_fl_spi.o(.revsh_text), (4 bytes).
    Removing fm33lc0xx_fl_spi.o(i.FL_RCC_DisableGroup3BusClock), (16 bytes).
    Removing fm33lc0xx_fl_spi.o(i.FL_RCC_EnableGroup3BusClock), (16 bytes).
    Removing fm33lc0xx_fl_spi.o(i.FL_SPI_DeInit), (172 bytes).
    Removing fm33lc0xx_fl_spi.o(i.FL_SPI_Init), (472 bytes).
    Removing fm33lc0xx_fl_spi.o(i.FL_SPI_StructInit), (28 bytes).
    Removing fm33lc0xx_fl_dma.o(.rev16_text), (4 bytes).
    Removing fm33lc0xx_fl_dma.o(.revsh_text), (4 bytes).
    Removing fm33lc0xx_fl_dma.o(i.FL_DMA_DeInit), (108 bytes).
    Removing fm33lc0xx_fl_dma.o(i.FL_DMA_Init), (736 bytes).
    Removing fm33lc0xx_fl_dma.o(i.FL_DMA_StartTransmission), (160 bytes).
    Removing fm33lc0xx_fl_dma.o(i.FL_DMA_StructInit), (20 bytes).
    Removing fm33lc0xx_fl_rtc.o(.rev16_text), (4 bytes).
    Removing fm33lc0xx_fl_rtc.o(.revsh_text), (4 bytes).
    Removing fm33lc0xx_fl_rtc.o(i.FL_RTC_ConfigTime), (128 bytes).
    Removing fm33lc0xx_fl_rtc.o(i.FL_RTC_DeInit), (68 bytes).
    Removing fm33lc0xx_fl_rtc.o(i.FL_RTC_GetTime), (74 bytes).
    Removing fm33lc0xx_fl_rtc.o(i.FL_RTC_Init), (64 bytes).
    Removing fm33lc0xx_fl_rtc.o(i.FL_RTC_StructInit), (18 bytes).
    Removing fm33lc0xx_fl_crc.o(.rev16_text), (4 bytes).
    Removing fm33lc0xx_fl_crc.o(.revsh_text), (4 bytes).
    Removing fm33lc0xx_fl_crc.o(i.FL_CRC_DeInit), (108 bytes).
    Removing fm33lc0xx_fl_crc.o(i.FL_CRC_Init), (364 bytes).
    Removing fm33lc0xx_fl_crc.o(i.FL_CRC_StructInit), (24 bytes).
    Removing fm33lc0xx_fl.o(.rev16_text), (4 bytes).
    Removing fm33lc0xx_fl.o(.revsh_text), (4 bytes).
    Removing fm33lc0xx_fl.o(i.FL_DelayEnd), (20 bytes).
    Removing fm33lc0xx_fl.o(i.FL_DelayMsStart), (18 bytes).
    Removing fm33lc0xx_fl.o(i.FL_DelayUsStart), (56 bytes).
    Removing fm33lc0xx_fl.o(i.FL_NVIC_Init), (72 bytes).
    Removing fm33lc0xx_fl.o(i.NVIC_SetPriority), (120 bytes).
    Removing fm33lc0xx_fl_rng.o(.rev16_text), (4 bytes).
    Removing fm33lc0xx_fl_rng.o(.revsh_text), (4 bytes).
    Removing fm33lc0xx_fl_rng.o(i.FL_RCC_SetRNGPrescaler), (24 bytes).
    Removing fm33lc0xx_fl_rng.o(i.FL_RNG_ClearFlag_CRCComplete), (10 bytes).
    Removing fm33lc0xx_fl_rng.o(i.FL_RNG_DeInit), (108 bytes).
    Removing fm33lc0xx_fl_rng.o(i.FL_RNG_Disable), (10 bytes).
    Removing fm33lc0xx_fl_rng.o(i.FL_RNG_Init), (180 bytes).
    Removing fm33lc0xx_fl_rng.o(i.GetCrc32), (136 bytes).
    Removing fm33lc0xx_fl_rng.o(i.GetRandomNumber), (96 bytes).
    Removing fm33lc0xx_fl_divas.o(.rev16_text), (4 bytes).
    Removing fm33lc0xx_fl_divas.o(.revsh_text), (4 bytes).
    Removing fm33lc0xx_fl_divas.o(i.FL_DIVAS_DeInit), (108 bytes).
    Removing fm33lc0xx_fl_divas.o(i.FL_DIVAS_Hdiv_Calculation), (112 bytes).
    Removing fm33lc0xx_fl_divas.o(i.FL_DIVAS_Init), (56 bytes).
    Removing fm33lc0xx_fl_flash.o(.rev16_text), (4 bytes).
    Removing fm33lc0xx_fl_flash.o(.revsh_text), (4 bytes).
    Removing fm33lc0xx_fl_flash.o(i.FL_DMA_ClearFlag_TransferComplete), (10 bytes).
    Removing fm33lc0xx_fl_flash.o(i.FL_DMA_Disable), (10 bytes).
    Removing fm33lc0xx_fl_flash.o(i.FL_DMA_Enable), (10 bytes).
    Removing fm33lc0xx_fl_flash.o(i.FL_DMA_EnableChannel), (38 bytes).
    Removing fm33lc0xx_fl_flash.o(i.FL_DMA_IsActiveFlag_TransferComplete), (30 bytes).
    Removing fm33lc0xx_fl_flash.o(i.FL_DMA_WriteFlashAddress), (6 bytes).
    Removing fm33lc0xx_fl_flash.o(i.FL_DMA_WriteMemoryAddress), (34 bytes).
    Removing fm33lc0xx_fl_flash.o(i.FL_DMA_WriteTransmissionSize), (42 bytes).
    Removing fm33lc0xx_fl_flash.o(i.FL_FLASH_ClearFlag_EraseComplete), (6 bytes).
    Removing fm33lc0xx_fl_flash.o(i.FL_FLASH_EnableErase), (18 bytes).
    Removing fm33lc0xx_fl_flash.o(i.FL_FLASH_EnableProgram), (18 bytes).
    Removing fm33lc0xx_fl_flash.o(i.FL_FLASH_GetFlashLockStatus), (12 bytes).
    Removing fm33lc0xx_fl_flash.o(i.FL_FLASH_IsActiveFlag_AuthenticationError), (14 bytes).
    Removing fm33lc0xx_fl_flash.o(i.FL_FLASH_IsActiveFlag_ClockError), (14 bytes).
    Removing fm33lc0xx_fl_flash.o(i.FL_FLASH_IsActiveFlag_EraseComplete), (16 bytes).
    Removing fm33lc0xx_fl_flash.o(i.FL_FLASH_IsActiveFlag_KeyError), (14 bytes).
    Removing fm33lc0xx_fl_flash.o(i.FL_FLASH_IsActiveFlag_ProgramComplete), (12 bytes).
    Removing fm33lc0xx_fl_flash.o(i.FL_FLASH_LockFlash), (8 bytes).
    Removing fm33lc0xx_fl_flash.o(i.FL_FLASH_PageErase), (276 bytes).
    Removing fm33lc0xx_fl_flash.o(i.FL_FLASH_Program_Page), (296 bytes).
    Removing fm33lc0xx_fl_flash.o(i.FL_FLASH_Program_Sector), (292 bytes).
    Removing fm33lc0xx_fl_flash.o(i.FL_FLASH_Program_Word), (268 bytes).
    Removing fm33lc0xx_fl_flash.o(i.FL_FLASH_Read_Dma), (224 bytes).
    Removing fm33lc0xx_fl_flash.o(i.FL_FLASH_SectorErase), (280 bytes).
    Removing fm33lc0xx_fl_flash.o(i.FL_FLASH_SetFlashEraseType), (14 bytes).
    Removing fm33lc0xx_fl_flash.o(i.FL_FLASH_UnlockFlash), (4 bytes).
    Removing fm33lc0xx_fl_flash.o(i.FL_FLASH_Write_Dma), (320 bytes).
    Removing fm33lc0xx_fl_flash.o(i.FL_RCC_DisableGroup2BusClock), (16 bytes).
    Removing fm33lc0xx_fl_flash.o(i.FL_RCC_DisableGroup2OperationClock), (16 bytes).
    Removing fm33lc0xx_fl_flash.o(i.FL_RCC_EnableGroup2BusClock), (16 bytes).
    Removing fm33lc0xx_fl_flash.o(i.FL_RCC_EnableGroup2OperationClock), (16 bytes).
    Removing fm33lc0xx_fl_flash.o(i.__get_PRIMASK), (6 bytes).
    Removing fm33lc0xx_fl_flash.o(i.__set_PRIMASK), (6 bytes).
    Removing fm33lc0xx_fl_rcc.o(.rev16_text), (4 bytes).
    Removing fm33lc0xx_fl_rcc.o(.revsh_text), (4 bytes).
    Removing fm33lc0xx_fl_lcd.o(.rev16_text), (4 bytes).
    Removing fm33lc0xx_fl_lcd.o(.revsh_text), (4 bytes).
    Removing fm33lc0xx_fl_lcd.o(i.FL_LCD_4COMDisplay), (30 bytes).
    Removing fm33lc0xx_fl_lcd.o(i.FL_LCD_6COMDisplay), (30 bytes).
    Removing fm33lc0xx_fl_lcd.o(i.FL_LCD_8COMDisplay), (30 bytes).
    Removing fm33lc0xx_fl_lcd.o(i.FL_LCD_DeInit), (108 bytes).
    Removing fm33lc0xx_fl_lcd.o(i.FL_LCD_DisplayFreq), (212 bytes).
    Removing fm33lc0xx_fl_lcd.o(i.FL_LCD_FlickTime), (236 bytes).
    Removing fm33lc0xx_fl_lcd.o(i.FL_LCD_GetCOMNumber), (10 bytes).
    Removing fm33lc0xx_fl_lcd.o(i.FL_LCD_Init), (612 bytes).
    Removing fm33lc0xx_fl_lcd.o(i.FL_LCD_StructInit), (40 bytes).
    Removing fm33lc0xx_fl_gpio.o(.rev16_text), (4 bytes).
    Removing fm33lc0xx_fl_gpio.o(.revsh_text), (4 bytes).
    Removing fm33lc0xx_fl_gpio.o(i.FL_GPIO_ALLPIN_LPM_MODE), (56 bytes).
    Removing fm33lc0xx_fl_gpio.o(i.FL_GPIO_DeInit), (172 bytes).
    Removing fm33lc0xx_fl_gpio.o(i.FL_GPIO_EnableWakeup), (18 bytes).
    Removing fm33lc0xx_fl_gpio.o(i.FL_GPIO_StructInit), (24 bytes).
    Removing fm33lc0xx_fl_gpio.o(i.FL_WKUP_DeInit), (72 bytes).
    Removing fm33lc0xx_fl_gpio.o(i.FL_WKUP_Init), (132 bytes).
    Removing fm33lc0xx_fl_gpio.o(i.FL_WKUP_StructInit), (6 bytes).
    Removing fm33lc0xx_fl_pmu.o(.rev16_text), (4 bytes).
    Removing fm33lc0xx_fl_pmu.o(.revsh_text), (4 bytes).
    Removing fm33lc0xx_fl_pmu.o(i.FL_PMU_Sleep_DeInit), (56 bytes).
    Removing fm33lc0xx_fl_pmu.o(i.FL_PMU_Sleep_Init), (316 bytes).
    Removing fm33lc0xx_fl_pmu.o(i.FL_PMU_StructInit), (18 bytes).
    Removing fm33lc0xx_fl_bstim32.o(.rev16_text), (4 bytes).
    Removing fm33lc0xx_fl_bstim32.o(.revsh_text), (4 bytes).
    Removing fm33lc0xx_fl_bstim32.o(i.FL_BSTIM32_DeInit), (116 bytes).
    Removing fm33lc0xx_fl_bstim32.o(i.FL_BSTIM32_Init), (272 bytes).
    Removing fm33lc0xx_fl_bstim32.o(i.FL_BSTIM32_StructInit), (18 bytes).
    Removing fm33lc0xx_fl_bstim32.o(i.FL_RCC_EnableResetAPB2Peripheral), (16 bytes).
    Removing fm33lc0xx_fl_adc.o(.rev16_text), (4 bytes).
    Removing fm33lc0xx_fl_adc.o(.revsh_text), (4 bytes).
    Removing fm33lc0xx_fl_adc.o(i.FL_ADC_CommonDeInit), (44 bytes).
    Removing fm33lc0xx_fl_adc.o(i.FL_ADC_CommonInit), (212 bytes).
    Removing fm33lc0xx_fl_adc.o(i.FL_ADC_CommonStructInit), (12 bytes).
    Removing fm33lc0xx_fl_adc.o(i.FL_ADC_DeInit), (100 bytes).
    Removing fm33lc0xx_fl_adc.o(i.FL_ADC_Init), (896 bytes).
    Removing fm33lc0xx_fl_adc.o(i.FL_ADC_StructInit), (42 bytes).
    Removing fm33lc0xx_fl_adc.o(i.FL_RCC_DisableResetAPB2Peripheral), (16 bytes).
    Removing fm33lc0xx_fl_adc.o(i.FL_RCC_EnableResetAPB2Peripheral), (16 bytes).
    Removing fm33lc0xx_fl_svd.o(.rev16_text), (4 bytes).
    Removing fm33lc0xx_fl_svd.o(.revsh_text), (4 bytes).
    Removing fm33lc0xx_fl_svd.o(i.FL_SVD_DeInit), (52 bytes).
    Removing fm33lc0xx_fl_svd.o(i.FL_SVD_Init), (364 bytes).
    Removing fm33lc0xx_fl_svd.o(i.FL_SVD_StructInit), (16 bytes).
    Removing fm33lc0xx_fl_gptim.o(.rev16_text), (4 bytes).
    Removing fm33lc0xx_fl_gptim.o(.revsh_text), (4 bytes).
    Removing fm33lc0xx_fl_gptim.o(i.FL_GPTIM_CC_SetChannelMode), (80 bytes).
    Removing fm33lc0xx_fl_gptim.o(i.FL_GPTIM_DeInit), (140 bytes).
    Removing fm33lc0xx_fl_gptim.o(i.FL_GPTIM_ETR_Init), (388 bytes).
    Removing fm33lc0xx_fl_gptim.o(i.FL_GPTIM_ETR_StructInit), (12 bytes).
    Removing fm33lc0xx_fl_gptim.o(i.FL_GPTIM_IC_Init), (744 bytes).
    Removing fm33lc0xx_fl_gptim.o(i.FL_GPTIM_IC_StructInit), (18 bytes).
    Removing fm33lc0xx_fl_gptim.o(i.FL_GPTIM_Init), (352 bytes).
    Removing fm33lc0xx_fl_gptim.o(i.FL_GPTIM_OC_Init), (480 bytes).
    Removing fm33lc0xx_fl_gptim.o(i.FL_GPTIM_OC_StructInit), (16 bytes).
    Removing fm33lc0xx_fl_gptim.o(i.FL_GPTIM_SetCounterAlignedMode), (12 bytes).
    Removing fm33lc0xx_fl_gptim.o(i.FL_GPTIM_SetSlaveMode), (12 bytes).
    Removing fm33lc0xx_fl_gptim.o(i.FL_GPTIM_SlaveMode_Init), (340 bytes).
    Removing fm33lc0xx_fl_gptim.o(i.FL_GPTIM_SlaveMode_StructInit), (16 bytes).
    Removing fm33lc0xx_fl_gptim.o(i.FL_GPTIM_StructInit), (24 bytes).
    Removing fm33lc0xx_fl_gptim.o(i.FL_RCC_DisableGroup4BusClock), (16 bytes).
    Removing fm33lc0xx_fl_gptim.o(i.FL_RCC_DisableResetAPB1Peripheral), (16 bytes).
    Removing fm33lc0xx_fl_gptim.o(i.FL_RCC_EnableGroup4BusClock), (16 bytes).
    Removing fm33lc0xx_fl_gptim.o(i.FL_RCC_EnableResetAPB1Peripheral), (16 bytes).
    Removing fm33lc0xx_fl_gptim.o(i.OCConfig), (416 bytes).
    Removing fm33lc0xx_fl_lpuart.o(.rev16_text), (4 bytes).
    Removing fm33lc0xx_fl_lpuart.o(.revsh_text), (4 bytes).
    Removing fm33lc0xx_fl_lpuart.o(i.FL_LPUART_DeInit), (172 bytes).
    Removing fm33lc0xx_fl_lpuart.o(i.FL_LPUART_Init), (632 bytes).
    Removing fm33lc0xx_fl_lpuart.o(i.FL_LPUART_StructInit), (24 bytes).
    Removing fm33lc0xx_fl_lpuart.o(i.FL_RCC_DisableGroup1OperationClock), (16 bytes).
    Removing fm33lc0xx_fl_lpuart.o(i.FL_RCC_EnableGroup1OperationClock), (16 bytes).
    Removing fm33lc0xx_fl_lpuart.o(i.FL_RCC_EnableGroup3BusClock), (16 bytes).
    Removing fm33lc0xx_fl_lpuart.o(i.FL_RCC_IsEnabledGroup3BusClock), (24 bytes).
    Removing fm33lc0xx_fl_lpuart.o(i.FL_RCC_RCMF_Enable), (20 bytes).
    Removing fm33lc0xx_fl_atim.o(.rev16_text), (4 bytes).
    Removing fm33lc0xx_fl_atim.o(.revsh_text), (4 bytes).
    Removing fm33lc0xx_fl_atim.o(i.FL_ATIM_BDTR_Init), (568 bytes).
    Removing fm33lc0xx_fl_atim.o(i.FL_ATIM_BDTR_StructInit), (34 bytes).
    Removing fm33lc0xx_fl_atim.o(i.FL_ATIM_DeInit), (124 bytes).
    Removing fm33lc0xx_fl_atim.o(i.FL_ATIM_ETRStructInit), (12 bytes).
    Removing fm33lc0xx_fl_atim.o(i.FL_ATIM_ETR_Init), (368 bytes).
    Removing fm33lc0xx_fl_atim.o(i.FL_ATIM_IC_Init), (490 bytes).
    Removing fm33lc0xx_fl_atim.o(i.FL_ATIM_IC_StructInit), (18 bytes).
    Removing fm33lc0xx_fl_atim.o(i.FL_ATIM_OC_StructInit), (24 bytes).
    Removing fm33lc0xx_fl_atim.o(i.FL_ATIM_SetSlaveMode), (12 bytes).
    Removing fm33lc0xx_fl_atim.o(i.FL_ATIM_SlaveModeStructInit), (14 bytes).
    Removing fm33lc0xx_fl_atim.o(i.FL_ATIM_SlaveMode_Init), (276 bytes).
    Removing fm33lc0xx_fl_atim.o(i.FL_ATIM_StructInit), (28 bytes).
    Removing fm33lc0xx_fl_uart.o(.rev16_text), (4 bytes).
    Removing fm33lc0xx_fl_uart.o(.revsh_text), (4 bytes).
    Removing fm33lc0xx_fl_uart.o(i.FL_RCC_DisableGroup1OperationClock), (16 bytes).
    Removing fm33lc0xx_fl_uart.o(i.FL_RCC_DisableGroup3BusClock), (16 bytes).
    Removing fm33lc0xx_fl_uart.o(i.FL_RCC_DisableResetAPB1Peripheral), (16 bytes).
    Removing fm33lc0xx_fl_uart.o(i.FL_RCC_DisableResetAPB2Peripheral), (16 bytes).
    Removing fm33lc0xx_fl_uart.o(i.FL_RCC_EnableResetAPB1Peripheral), (16 bytes).
    Removing fm33lc0xx_fl_uart.o(i.FL_RCC_EnableResetAPB2Peripheral), (16 bytes).
    Removing fm33lc0xx_fl_uart.o(i.FL_UART_DeInit), (216 bytes).
    Removing fm33lc0xx_fl_uart.o(i.FL_UART_InfraRed_Init), (528 bytes).
    Removing fm33lc0xx_fl_uart.o(i.FL_UART_InfraRed_StructInit), (20 bytes).
    Removing fm33lc0xx_fl_uart.o(i.FL_UART_StructInit), (28 bytes).
    Removing fm33lc0xx_fl_comp.o(.rev16_text), (4 bytes).
    Removing fm33lc0xx_fl_comp.o(.revsh_text), (4 bytes).
    Removing fm33lc0xx_fl_comp.o(i.FL_COMP_DeInit), (80 bytes).
    Removing fm33lc0xx_fl_comp.o(i.FL_COMP_Init), (488 bytes).
    Removing fm33lc0xx_fl_comp.o(i.FL_COMP_StructInit), (16 bytes).
    Removing fm33lc0xx_fl_opa.o(.rev16_text), (4 bytes).
    Removing fm33lc0xx_fl_opa.o(.revsh_text), (4 bytes).
    Removing fm33lc0xx_fl_opa.o(i.FL_OPA_DeInit), (116 bytes).
    Removing fm33lc0xx_fl_opa.o(i.FL_OPA_Init), (460 bytes).
    Removing fm33lc0xx_fl_opa.o(i.FL_OPA_StructInit), (18 bytes).
    Removing fm33lc0xx_fl_aes.o(.rev16_text), (4 bytes).
    Removing fm33lc0xx_fl_aes.o(.revsh_text), (4 bytes).
    Removing fm33lc0xx_fl_aes.o(i.FL_AES_DeInit), (76 bytes).
    Removing fm33lc0xx_fl_aes.o(i.FL_AES_Init), (320 bytes).
    Removing fm33lc0xx_fl_aes.o(i.FL_AES_StructInit), (12 bytes).

276 unused section(s) (total 23462 bytes) removed from the image.

==============================================================================

Image Symbol Table

    Local Symbols

    Symbol Name                              Value     Ov Type        Size  Object(Section)

    RESET                                    0x00000000   Section      192  startup_fm33lc0xx.o(RESET)
    ../Drivers/CMSIS/Device/FM/FM33xx/Source/Templates/ARM/startup_fm33lc0xx.s 0x00000000   Number         0  startup_fm33lc0xx.o ABSOLUTE
    ../Drivers/CMSIS/Device/FM/FM33xx/Source/system_fm33lc0xx.c 0x00000000   Number         0  system_fm33lc0xx.o ABSOLUTE
    ../Drivers/FM33LC0xx_FL_Driver/Src/fm33lc0xx_fl.c 0x00000000   Number         0  fm33lc0xx_fl.o ABSOLUTE
    ../Drivers/FM33LC0xx_FL_Driver/Src/fm33lc0xx_fl_adc.c 0x00000000   Number         0  fm33lc0xx_fl_adc.o ABSOLUTE
    ../Drivers/FM33LC0xx_FL_Driver/Src/fm33lc0xx_fl_aes.c 0x00000000   Number         0  fm33lc0xx_fl_aes.o ABSOLUTE
    ../Drivers/FM33LC0xx_FL_Driver/Src/fm33lc0xx_fl_atim.c 0x00000000   Number         0  fm33lc0xx_fl_atim.o ABSOLUTE
    ../Drivers/FM33LC0xx_FL_Driver/Src/fm33lc0xx_fl_bstim32.c 0x00000000   Number         0  fm33lc0xx_fl_bstim32.o ABSOLUTE
    ../Drivers/FM33LC0xx_FL_Driver/Src/fm33lc0xx_fl_comp.c 0x00000000   Number         0  fm33lc0xx_fl_comp.o ABSOLUTE
    ../Drivers/FM33LC0xx_FL_Driver/Src/fm33lc0xx_fl_crc.c 0x00000000   Number         0  fm33lc0xx_fl_crc.o ABSOLUTE
    ../Drivers/FM33LC0xx_FL_Driver/Src/fm33lc0xx_fl_divas.c 0x00000000   Number         0  fm33lc0xx_fl_divas.o ABSOLUTE
    ../Drivers/FM33LC0xx_FL_Driver/Src/fm33lc0xx_fl_dma.c 0x00000000   Number         0  fm33lc0xx_fl_dma.o ABSOLUTE
    ../Drivers/FM33LC0xx_FL_Driver/Src/fm33lc0xx_fl_exti.c 0x00000000   Number         0  fm33lc0xx_fl_exti.o ABSOLUTE
    ../Drivers/FM33LC0xx_FL_Driver/Src/fm33lc0xx_fl_flash.c 0x00000000   Number         0  fm33lc0xx_fl_flash.o ABSOLUTE
    ../Drivers/FM33LC0xx_FL_Driver/Src/fm33lc0xx_fl_gpio.c 0x00000000   Number         0  fm33lc0xx_fl_gpio.o ABSOLUTE
    ../Drivers/FM33LC0xx_FL_Driver/Src/fm33lc0xx_fl_gptim.c 0x00000000   Number         0  fm33lc0xx_fl_gptim.o ABSOLUTE
    ../Drivers/FM33LC0xx_FL_Driver/Src/fm33lc0xx_fl_i2c.c 0x00000000   Number         0  fm33lc0xx_fl_i2c.o ABSOLUTE
    ../Drivers/FM33LC0xx_FL_Driver/Src/fm33lc0xx_fl_iwdt.c 0x00000000   Number         0  fm33lc0xx_fl_iwdt.o ABSOLUTE
    ../Drivers/FM33LC0xx_FL_Driver/Src/fm33lc0xx_fl_lcd.c 0x00000000   Number         0  fm33lc0xx_fl_lcd.o ABSOLUTE
    ../Drivers/FM33LC0xx_FL_Driver/Src/fm33lc0xx_fl_lptim32.c 0x00000000   Number         0  fm33lc0xx_fl_lptim32.o ABSOLUTE
    ../Drivers/FM33LC0xx_FL_Driver/Src/fm33lc0xx_fl_lpuart.c 0x00000000   Number         0  fm33lc0xx_fl_lpuart.o ABSOLUTE
    ../Drivers/FM33LC0xx_FL_Driver/Src/fm33lc0xx_fl_opa.c 0x00000000   Number         0  fm33lc0xx_fl_opa.o ABSOLUTE
    ../Drivers/FM33LC0xx_FL_Driver/Src/fm33lc0xx_fl_pmu.c 0x00000000   Number         0  fm33lc0xx_fl_pmu.o ABSOLUTE
    ../Drivers/FM33LC0xx_FL_Driver/Src/fm33lc0xx_fl_rcc.c 0x00000000   Number         0  fm33lc0xx_fl_rcc.o ABSOLUTE
    ../Drivers/FM33LC0xx_FL_Driver/Src/fm33lc0xx_fl_rng.c 0x00000000   Number         0  fm33lc0xx_fl_rng.o ABSOLUTE
    ../Drivers/FM33LC0xx_FL_Driver/Src/fm33lc0xx_fl_rtc.c 0x00000000   Number         0  fm33lc0xx_fl_rtc.o ABSOLUTE
    ../Drivers/FM33LC0xx_FL_Driver/Src/fm33lc0xx_fl_spi.c 0x00000000   Number         0  fm33lc0xx_fl_spi.o ABSOLUTE
    ../Drivers/FM33LC0xx_FL_Driver/Src/fm33lc0xx_fl_svd.c 0x00000000   Number         0  fm33lc0xx_fl_svd.o ABSOLUTE
    ../Drivers/FM33LC0xx_FL_Driver/Src/fm33lc0xx_fl_u7816.c 0x00000000   Number         0  fm33lc0xx_fl_u7816.o ABSOLUTE
    ../Drivers/FM33LC0xx_FL_Driver/Src/fm33lc0xx_fl_uart.c 0x00000000   Number         0  fm33lc0xx_fl_uart.o ABSOLUTE
    ../Drivers/FM33LC0xx_FL_Driver/Src/fm33lc0xx_fl_wwdt.c 0x00000000   Number         0  fm33lc0xx_fl_wwdt.o ABSOLUTE
    ../MF-config/Src/mf_config.c             0x00000000   Number         0  mf_config.o ABSOLUTE
    ../Src/main.c                            0x00000000   Number         0  main.o ABSOLUTE
    ../clib/angel/boardlib.s                 0x00000000   Number         0  boardinit3.o ABSOLUTE
    ../clib/angel/boardlib.s                 0x00000000   Number         0  boardinit2.o ABSOLUTE
    ../clib/angel/boardlib.s                 0x00000000   Number         0  boardinit1.o ABSOLUTE
    ../clib/angel/boardlib.s                 0x00000000   Number         0  boardshut.o ABSOLUTE
    ../clib/angel/handlers.s                 0x00000000   Number         0  __scatter_copy.o ABSOLUTE
    ../clib/angel/handlers.s                 0x00000000   Number         0  __scatter_zi.o ABSOLUTE
    ../clib/angel/kernel.s                   0x00000000   Number         0  __rtentry4.o ABSOLUTE
    ../clib/angel/kernel.s                   0x00000000   Number         0  __rtentry2.o ABSOLUTE
    ../clib/angel/kernel.s                   0x00000000   Number         0  rtexit2.o ABSOLUTE
    ../clib/angel/kernel.s                   0x00000000   Number         0  __rtentry.o ABSOLUTE
    ../clib/angel/kernel.s                   0x00000000   Number         0  rtexit.o ABSOLUTE
    ../clib/angel/rt.s                       0x00000000   Number         0  rt_div0.o ABSOLUTE
    ../clib/angel/rt.s                       0x00000000   Number         0  aeabi_idiv0_sigfpe.o ABSOLUTE
    ../clib/angel/rt.s                       0x00000000   Number         0  aeabi_idiv0.o ABSOLUTE
    ../clib/angel/rt.s                       0x00000000   Number         0  rt_raise.o ABSOLUTE
    ../clib/angel/scatterp.s                 0x00000000   Number         0  __scatter.o ABSOLUTE
    ../clib/angel/startup.s                  0x00000000   Number         0  __main.o ABSOLUTE
    ../clib/angel/sys.s                      0x00000000   Number         0  sys_stackheap_outer.o ABSOLUTE
    ../clib/angel/sys.s                      0x00000000   Number         0  indicate_semi.o ABSOLUTE
    ../clib/angel/sys.s                      0x00000000   Number         0  libspace.o ABSOLUTE
    ../clib/angel/sys.s                      0x00000000   Number         0  use_no_semi.o ABSOLUTE
    ../clib/angel/sys.s                      0x00000000   Number         0  tempstk.o ABSOLUTE
    ../clib/angel/sysapp.c                   0x00000000   Number         0  sys_exit.o ABSOLUTE
    ../clib/angel/sysapp.c                   0x00000000   Number         0  sys_command.o ABSOLUTE
    ../clib/angel/sysapp.c                   0x00000000   Number         0  sys_wrch.o ABSOLUTE
    ../clib/armsys.c                         0x00000000   Number         0  _get_argv_nomalloc.o ABSOLUTE
    ../clib/armsys.c                         0x00000000   Number         0  argv_veneer.o ABSOLUTE
    ../clib/armsys.c                         0x00000000   Number         0  no_argv.o ABSOLUTE
    ../clib/division.s                       0x00000000   Number         0  aeabi_sdiv.o ABSOLUTE
    ../clib/division.s                       0x00000000   Number         0  aeabi_sdiv_div0.o ABSOLUTE
    ../clib/heapalloc.c                      0x00000000   Number         0  hrguard.o ABSOLUTE
    ../clib/heapaux.c                        0x00000000   Number         0  heapauxi.o ABSOLUTE
    ../clib/libinit.s                        0x00000000   Number         0  libshutdown.o ABSOLUTE
    ../clib/libinit.s                        0x00000000   Number         0  libinit.o ABSOLUTE
    ../clib/libinit.s                        0x00000000   Number         0  libshutdown2.o ABSOLUTE
    ../clib/libinit.s                        0x00000000   Number         0  libinit2.o ABSOLUTE
    ../clib/memcpset.c                       0x00000000   Number         0  rt_memclr.o ABSOLUTE
    ../clib/signal.c                         0x00000000   Number         0  defsig_rtred_inner.o ABSOLUTE
    ../clib/signal.c                         0x00000000   Number         0  defsig_rtmem_inner.o ABSOLUTE
    ../clib/signal.c                         0x00000000   Number         0  defsig_rtmem_outer.o ABSOLUTE
    ../clib/signal.c                         0x00000000   Number         0  defsig_rtmem_formal.o ABSOLUTE
    ../clib/signal.c                         0x00000000   Number         0  defsig_stak_inner.o ABSOLUTE
    ../clib/signal.c                         0x00000000   Number         0  defsig_pvfn_inner.o ABSOLUTE
    ../clib/signal.c                         0x00000000   Number         0  defsig_cppl_inner.o ABSOLUTE
    ../clib/signal.c                         0x00000000   Number         0  defsig_segv_inner.o ABSOLUTE
    ../clib/signal.c                         0x00000000   Number         0  defsig_other.o ABSOLUTE
    ../clib/signal.c                         0x00000000   Number         0  defsig_exit.o ABSOLUTE
    ../clib/signal.c                         0x00000000   Number         0  defsig_fpe_outer.o ABSOLUTE
    ../clib/signal.c                         0x00000000   Number         0  defsig_fpe_formal.o ABSOLUTE
    ../clib/signal.c                         0x00000000   Number         0  defsig_fpe_inner.o ABSOLUTE
    ../clib/signal.c                         0x00000000   Number         0  __raise.o ABSOLUTE
    ../clib/signal.c                         0x00000000   Number         0  defsig_general.o ABSOLUTE
    ../clib/signal.c                         0x00000000   Number         0  defsig_abrt_inner.o ABSOLUTE
    ../clib/signal.s                         0x00000000   Number         0  defsig.o ABSOLUTE
    ../clib/stdlib.c                         0x00000000   Number         0  exit.o ABSOLUTE
    ../fplib/cfplib/cmpret.c                 0x00000000   Number         0  cmpret.o ABSOLUTE
    ../fplib/cfplib/d2f.c                    0x00000000   Number         0  d2f.o ABSOLUTE
    ../fplib/cfplib/daddsub.c                0x00000000   Number         0  daddsub.o ABSOLUTE
    ../fplib/cfplib/ddiv.c                   0x00000000   Number         0  ddiv.o ABSOLUTE
    ../fplib/cfplib/dmul.c                   0x00000000   Number         0  dmul.o ABSOLUTE
    ../fplib/cfplib/f2d.c                    0x00000000   Number         0  f2d.o ABSOLUTE
    ../fplib/cfplib/fcmpin.c                 0x00000000   Number         0  fcmpin.o ABSOLUTE
    ../fplib/cfplib/fdiv.c                   0x00000000   Number         0  fdiv.o ABSOLUTE
    ../fplib/cfplib/ffix.c                   0x00000000   Number         0  dfixui.o ABSOLUTE
    ../fplib/cfplib/fflt.c                   0x00000000   Number         0  dflti.o ABSOLUTE
    ../fplib/cfplib/fflt.c                   0x00000000   Number         0  fflti.o ABSOLUTE
    ../fplib/cfplib/fpinit.c                 0x00000000   Number         0  fpinit.o ABSOLUTE
    ../fplib/cfplib/nan2.c                   0x00000000   Number         0  fnan2.o ABSOLUTE
    ../fplib/cfplib/retnan.c                 0x00000000   Number         0  retnan.o ABSOLUTE
    ../fplib/fleqf6m.s                       0x00000000   Number         0  flef.o ABSOLUTE
    ../fplib/usenofp.s                       0x00000000   Number         0  usenofp.o ABSOLUTE
    ..\Drivers\CMSIS\Device\FM\FM33xx\Source\system_fm33lc0xx.c 0x00000000   Number         0  system_fm33lc0xx.o ABSOLUTE
    ..\Drivers\FM33LC0xx_FL_Driver\Src\fm33lc0xx_fl.c 0x00000000   Number         0  fm33lc0xx_fl.o ABSOLUTE
    ..\Drivers\FM33LC0xx_FL_Driver\Src\fm33lc0xx_fl_adc.c 0x00000000   Number         0  fm33lc0xx_fl_adc.o ABSOLUTE
    ..\Drivers\FM33LC0xx_FL_Driver\Src\fm33lc0xx_fl_aes.c 0x00000000   Number         0  fm33lc0xx_fl_aes.o ABSOLUTE
    ..\Drivers\FM33LC0xx_FL_Driver\Src\fm33lc0xx_fl_atim.c 0x00000000   Number         0  fm33lc0xx_fl_atim.o ABSOLUTE
    ..\Drivers\FM33LC0xx_FL_Driver\Src\fm33lc0xx_fl_bstim32.c 0x00000000   Number         0  fm33lc0xx_fl_bstim32.o ABSOLUTE
    ..\Drivers\FM33LC0xx_FL_Driver\Src\fm33lc0xx_fl_comp.c 0x00000000   Number         0  fm33lc0xx_fl_comp.o ABSOLUTE
    ..\Drivers\FM33LC0xx_FL_Driver\Src\fm33lc0xx_fl_crc.c 0x00000000   Number         0  fm33lc0xx_fl_crc.o ABSOLUTE
    ..\Drivers\FM33LC0xx_FL_Driver\Src\fm33lc0xx_fl_divas.c 0x00000000   Number         0  fm33lc0xx_fl_divas.o ABSOLUTE
    ..\Drivers\FM33LC0xx_FL_Driver\Src\fm33lc0xx_fl_dma.c 0x00000000   Number         0  fm33lc0xx_fl_dma.o ABSOLUTE
    ..\Drivers\FM33LC0xx_FL_Driver\Src\fm33lc0xx_fl_exti.c 0x00000000   Number         0  fm33lc0xx_fl_exti.o ABSOLUTE
    ..\Drivers\FM33LC0xx_FL_Driver\Src\fm33lc0xx_fl_flash.c 0x00000000   Number         0  fm33lc0xx_fl_flash.o ABSOLUTE
    ..\Drivers\FM33LC0xx_FL_Driver\Src\fm33lc0xx_fl_gpio.c 0x00000000   Number         0  fm33lc0xx_fl_gpio.o ABSOLUTE
    ..\Drivers\FM33LC0xx_FL_Driver\Src\fm33lc0xx_fl_gptim.c 0x00000000   Number         0  fm33lc0xx_fl_gptim.o ABSOLUTE
    ..\Drivers\FM33LC0xx_FL_Driver\Src\fm33lc0xx_fl_i2c.c 0x00000000   Number         0  fm33lc0xx_fl_i2c.o ABSOLUTE
    ..\Drivers\FM33LC0xx_FL_Driver\Src\fm33lc0xx_fl_iwdt.c 0x00000000   Number         0  fm33lc0xx_fl_iwdt.o ABSOLUTE
    ..\Drivers\FM33LC0xx_FL_Driver\Src\fm33lc0xx_fl_lcd.c 0x00000000   Number         0  fm33lc0xx_fl_lcd.o ABSOLUTE
    ..\Drivers\FM33LC0xx_FL_Driver\Src\fm33lc0xx_fl_lptim32.c 0x00000000   Number         0  fm33lc0xx_fl_lptim32.o ABSOLUTE
    ..\Drivers\FM33LC0xx_FL_Driver\Src\fm33lc0xx_fl_lpuart.c 0x00000000   Number         0  fm33lc0xx_fl_lpuart.o ABSOLUTE
    ..\Drivers\FM33LC0xx_FL_Driver\Src\fm33lc0xx_fl_opa.c 0x00000000   Number         0  fm33lc0xx_fl_opa.o ABSOLUTE
    ..\Drivers\FM33LC0xx_FL_Driver\Src\fm33lc0xx_fl_pmu.c 0x00000000   Number         0  fm33lc0xx_fl_pmu.o ABSOLUTE
    ..\Drivers\FM33LC0xx_FL_Driver\Src\fm33lc0xx_fl_rcc.c 0x00000000   Number         0  fm33lc0xx_fl_rcc.o ABSOLUTE
    ..\Drivers\FM33LC0xx_FL_Driver\Src\fm33lc0xx_fl_rng.c 0x00000000   Number         0  fm33lc0xx_fl_rng.o ABSOLUTE
    ..\Drivers\FM33LC0xx_FL_Driver\Src\fm33lc0xx_fl_rtc.c 0x00000000   Number         0  fm33lc0xx_fl_rtc.o ABSOLUTE
    ..\Drivers\FM33LC0xx_FL_Driver\Src\fm33lc0xx_fl_spi.c 0x00000000   Number         0  fm33lc0xx_fl_spi.o ABSOLUTE
    ..\Drivers\FM33LC0xx_FL_Driver\Src\fm33lc0xx_fl_svd.c 0x00000000   Number         0  fm33lc0xx_fl_svd.o ABSOLUTE
    ..\Drivers\FM33LC0xx_FL_Driver\Src\fm33lc0xx_fl_u7816.c 0x00000000   Number         0  fm33lc0xx_fl_u7816.o ABSOLUTE
    ..\Drivers\FM33LC0xx_FL_Driver\Src\fm33lc0xx_fl_uart.c 0x00000000   Number         0  fm33lc0xx_fl_uart.o ABSOLUTE
    ..\Drivers\FM33LC0xx_FL_Driver\Src\fm33lc0xx_fl_wwdt.c 0x00000000   Number         0  fm33lc0xx_fl_wwdt.o ABSOLUTE
    ..\MF-config\Src\mf_config.c             0x00000000   Number         0  mf_config.o ABSOLUTE
    ..\Src\MyUART.c                          0x00000000   Number         0  myuart.o ABSOLUTE
    ..\Src\main.c                            0x00000000   Number         0  main.o ABSOLUTE
    ..\\Src\\MyUART.c                        0x00000000   Number         0  myuart.o ABSOLUTE
    dc.s                                     0x00000000   Number         0  dc.o ABSOLUTE
    !!!main                                  0x000000c0   Section        8  __main.o(!!!main)
    !!!scatter                               0x000000c8   Section       60  __scatter.o(!!!scatter)
    !!handler_copy                           0x00000104   Section       26  __scatter_copy.o(!!handler_copy)
    !!handler_zi                             0x00000120   Section       28  __scatter_zi.o(!!handler_zi)
    .ARM.Collect$$libinit$$00000000          0x0000013c   Section        2  libinit.o(.ARM.Collect$$libinit$$00000000)
    .ARM.Collect$$libinit$$00000002          0x0000013e   Section        0  libinit2.o(.ARM.Collect$$libinit$$00000002)
    .ARM.Collect$$libinit$$00000004          0x0000013e   Section        0  libinit2.o(.ARM.Collect$$libinit$$00000004)
    .ARM.Collect$$libinit$$0000000A          0x0000013e   Section        0  libinit2.o(.ARM.Collect$$libinit$$0000000A)
    .ARM.Collect$$libinit$$0000000C          0x0000013e   Section        0  libinit2.o(.ARM.Collect$$libinit$$0000000C)
    .ARM.Collect$$libinit$$0000000E          0x0000013e   Section        0  libinit2.o(.ARM.Collect$$libinit$$0000000E)
    .ARM.Collect$$libinit$$00000011          0x0000013e   Section        0  libinit2.o(.ARM.Collect$$libinit$$00000011)
    .ARM.Collect$$libinit$$00000013          0x0000013e   Section        0  libinit2.o(.ARM.Collect$$libinit$$00000013)
    .ARM.Collect$$libinit$$00000015          0x0000013e   Section        0  libinit2.o(.ARM.Collect$$libinit$$00000015)
    .ARM.Collect$$libinit$$00000017          0x0000013e   Section        0  libinit2.o(.ARM.Collect$$libinit$$00000017)
    .ARM.Collect$$libinit$$00000019          0x0000013e   Section        0  libinit2.o(.ARM.Collect$$libinit$$00000019)
    .ARM.Collect$$libinit$$0000001B          0x0000013e   Section        0  libinit2.o(.ARM.Collect$$libinit$$0000001B)
    .ARM.Collect$$libinit$$0000001D          0x0000013e   Section        0  libinit2.o(.ARM.Collect$$libinit$$0000001D)
    .ARM.Collect$$libinit$$0000001F          0x0000013e   Section        0  libinit2.o(.ARM.Collect$$libinit$$0000001F)
    .ARM.Collect$$libinit$$00000021          0x0000013e   Section        0  libinit2.o(.ARM.Collect$$libinit$$00000021)
    .ARM.Collect$$libinit$$00000023          0x0000013e   Section        0  libinit2.o(.ARM.Collect$$libinit$$00000023)
    .ARM.Collect$$libinit$$00000025          0x0000013e   Section        0  libinit2.o(.ARM.Collect$$libinit$$00000025)
    .ARM.Collect$$libinit$$0000002C          0x0000013e   Section        0  libinit2.o(.ARM.Collect$$libinit$$0000002C)
    .ARM.Collect$$libinit$$0000002E          0x0000013e   Section        0  libinit2.o(.ARM.Collect$$libinit$$0000002E)
    .ARM.Collect$$libinit$$00000030          0x0000013e   Section        0  libinit2.o(.ARM.Collect$$libinit$$00000030)
    .ARM.Collect$$libinit$$00000032          0x0000013e   Section        0  libinit2.o(.ARM.Collect$$libinit$$00000032)
    .ARM.Collect$$libinit$$00000033          0x0000013e   Section        2  libinit2.o(.ARM.Collect$$libinit$$00000033)
    .ARM.Collect$$libshutdown$$00000000      0x00000140   Section        2  libshutdown.o(.ARM.Collect$$libshutdown$$00000000)
    .ARM.Collect$$libshutdown$$00000002      0x00000142   Section        0  libshutdown2.o(.ARM.Collect$$libshutdown$$00000002)
    .ARM.Collect$$libshutdown$$00000004      0x00000142   Section        0  libshutdown2.o(.ARM.Collect$$libshutdown$$00000004)
    .ARM.Collect$$libshutdown$$00000007      0x00000142   Section        0  libshutdown2.o(.ARM.Collect$$libshutdown$$00000007)
    .ARM.Collect$$libshutdown$$0000000A      0x00000142   Section        0  libshutdown2.o(.ARM.Collect$$libshutdown$$0000000A)
    .ARM.Collect$$libshutdown$$0000000C      0x00000142   Section        0  libshutdown2.o(.ARM.Collect$$libshutdown$$0000000C)
    .ARM.Collect$$libshutdown$$0000000F      0x00000142   Section        0  libshutdown2.o(.ARM.Collect$$libshutdown$$0000000F)
    .ARM.Collect$$libshutdown$$00000010      0x00000142   Section        2  libshutdown2.o(.ARM.Collect$$libshutdown$$00000010)
    .ARM.Collect$$rtentry$$00000000          0x00000144   Section        0  __rtentry.o(.ARM.Collect$$rtentry$$00000000)
    .ARM.Collect$$rtentry$$00000002          0x00000144   Section        0  __rtentry2.o(.ARM.Collect$$rtentry$$00000002)
    .ARM.Collect$$rtentry$$00000004          0x00000144   Section        6  __rtentry4.o(.ARM.Collect$$rtentry$$00000004)
    .ARM.Collect$$rtentry$$00000009          0x0000014a   Section        0  __rtentry2.o(.ARM.Collect$$rtentry$$00000009)
    .ARM.Collect$$rtentry$$0000000A          0x0000014a   Section        4  __rtentry2.o(.ARM.Collect$$rtentry$$0000000A)
    .ARM.Collect$$rtentry$$0000000C          0x0000014e   Section        0  __rtentry2.o(.ARM.Collect$$rtentry$$0000000C)
    .ARM.Collect$$rtentry$$0000000D          0x0000014e   Section        8  __rtentry2.o(.ARM.Collect$$rtentry$$0000000D)
    .ARM.Collect$$rtexit$$00000000           0x00000156   Section        2  rtexit.o(.ARM.Collect$$rtexit$$00000000)
    .ARM.Collect$$rtexit$$00000002           0x00000158   Section        0  rtexit2.o(.ARM.Collect$$rtexit$$00000002)
    .ARM.Collect$$rtexit$$00000003           0x00000158   Section        4  rtexit2.o(.ARM.Collect$$rtexit$$00000003)
    .ARM.Collect$$rtexit$$00000004           0x0000015c   Section        6  rtexit2.o(.ARM.Collect$$rtexit$$00000004)
    .text                                    0x00000164   Section       56  startup_fm33lc0xx.o(.text)
    .text                                    0x0000019c   Section      346  aeabi_sdiv.o(.text)
    .text                                    0x000002f6   Section        0  heapauxi.o(.text)
    .text                                    0x000002fc   Section        0  daddsub.o(.text)
    _dadd1                                   0x000002fd   Thumb Code   290  daddsub.o(.text)
    _dsub1                                   0x0000041f   Thumb Code   470  daddsub.o(.text)
    .text                                    0x00000654   Section        0  ddiv.o(.text)
    .text                                    0x00000a9c   Section        0  dfixui.o(.text)
    .text                                    0x00000ae4   Section        0  dflti.o(.text)
    .text                                    0x00000b3c   Section       62  sys_stackheap_outer.o(.text)
    .text                                    0x00000b7a   Section        0  exit.o(.text)
    .text                                    0x00000b8c   Section        8  libspace.o(.text)
    .text                                    0x00000b94   Section        0  sys_exit.o(.text)
    .text                                    0x00000ba0   Section        2  use_no_semi.o(.text)
    .text                                    0x00000ba2   Section        0  indicate_semi.o(.text)
    i.FL_ATIM_CC_SetChannelMode              0x00000ba2   Section        0  fm33lc0xx_fl_atim.o(i.FL_ATIM_CC_SetChannelMode)
    FL_ATIM_CC_SetChannelMode                0x00000ba3   Thumb Code    54  fm33lc0xx_fl_atim.o(i.FL_ATIM_CC_SetChannelMode)
    i.FL_ATIM_GenerateUpdateEvent            0x00000bd8   Section        0  fm33lc0xx_fl_atim.o(i.FL_ATIM_GenerateUpdateEvent)
    FL_ATIM_GenerateUpdateEvent              0x00000bd9   Thumb Code    10  fm33lc0xx_fl_atim.o(i.FL_ATIM_GenerateUpdateEvent)
    i.FL_ATIM_Init                           0x00000be4   Section        0  fm33lc0xx_fl_atim.o(i.FL_ATIM_Init)
    i.FL_ATIM_IsActiveFlag_Update            0x00000d80   Section        0  fm33lc0xx_fl_atim.o(i.FL_ATIM_IsActiveFlag_Update)
    FL_ATIM_IsActiveFlag_Update              0x00000d81   Thumb Code    16  fm33lc0xx_fl_atim.o(i.FL_ATIM_IsActiveFlag_Update)
    i.FL_ATIM_OC_DisableChannel              0x00000d90   Section        0  fm33lc0xx_fl_atim.o(i.FL_ATIM_OC_DisableChannel)
    FL_ATIM_OC_DisableChannel                0x00000d91   Thumb Code    16  fm33lc0xx_fl_atim.o(i.FL_ATIM_OC_DisableChannel)
    i.FL_ATIM_OC_DisableReverseChannel       0x00000da0   Section        0  fm33lc0xx_fl_atim.o(i.FL_ATIM_OC_DisableReverseChannel)
    FL_ATIM_OC_DisableReverseChannel         0x00000da1   Thumb Code    16  fm33lc0xx_fl_atim.o(i.FL_ATIM_OC_DisableReverseChannel)
    i.FL_ATIM_OC_Init                        0x00000db0   Section        0  fm33lc0xx_fl_atim.o(i.FL_ATIM_OC_Init)
    i.FL_ATIM_SetCounterAlignedMode          0x00000fe0   Section        0  fm33lc0xx_fl_atim.o(i.FL_ATIM_SetCounterAlignedMode)
    FL_ATIM_SetCounterAlignedMode            0x00000fe1   Thumb Code    12  fm33lc0xx_fl_atim.o(i.FL_ATIM_SetCounterAlignedMode)
    i.FL_ATIM_WriteCompareCH1                0x00000fec   Section        0  main.o(i.FL_ATIM_WriteCompareCH1)
    FL_ATIM_WriteCompareCH1                  0x00000fed   Thumb Code    12  main.o(i.FL_ATIM_WriteCompareCH1)
    i.FL_ATIM_WriteCompareCH2                0x00000ff8   Section        0  main.o(i.FL_ATIM_WriteCompareCH2)
    FL_ATIM_WriteCompareCH2                  0x00000ff9   Thumb Code    12  main.o(i.FL_ATIM_WriteCompareCH2)
    i.FL_ATIM_WriteCompareCH3                0x00001004   Section        0  main.o(i.FL_ATIM_WriteCompareCH3)
    FL_ATIM_WriteCompareCH3                  0x00001005   Thumb Code    12  main.o(i.FL_ATIM_WriteCompareCH3)
    i.FL_DelayInit                           0x00001010   Section        0  fm33lc0xx_fl.o(i.FL_DelayInit)
    i.FL_DelayMs                             0x00001030   Section        0  fm33lc0xx_fl.o(i.FL_DelayMs)
    i.FL_DelayUs                             0x00001048   Section        0  fm33lc0xx_fl.o(i.FL_DelayUs)
    i.FL_GPIO_DisablePinAnalogSwitch         0x0000108c   Section        0  fm33lc0xx_fl_gpio.o(i.FL_GPIO_DisablePinAnalogSwitch)
    FL_GPIO_DisablePinAnalogSwitch           0x0000108d   Thumb Code    10  fm33lc0xx_fl_gpio.o(i.FL_GPIO_DisablePinAnalogSwitch)
    i.FL_GPIO_DisablePinInput                0x00001096   Section        0  fm33lc0xx_fl_gpio.o(i.FL_GPIO_DisablePinInput)
    FL_GPIO_DisablePinInput                  0x00001097   Thumb Code    10  fm33lc0xx_fl_gpio.o(i.FL_GPIO_DisablePinInput)
    i.FL_GPIO_DisablePinOpenDrain            0x000010a0   Section        0  fm33lc0xx_fl_gpio.o(i.FL_GPIO_DisablePinOpenDrain)
    FL_GPIO_DisablePinOpenDrain              0x000010a1   Thumb Code    10  fm33lc0xx_fl_gpio.o(i.FL_GPIO_DisablePinOpenDrain)
    i.FL_GPIO_DisablePinPullup               0x000010aa   Section        0  fm33lc0xx_fl_gpio.o(i.FL_GPIO_DisablePinPullup)
    FL_GPIO_DisablePinPullup                 0x000010ab   Thumb Code    10  fm33lc0xx_fl_gpio.o(i.FL_GPIO_DisablePinPullup)
    i.FL_GPIO_DisablePinRemap                0x000010b4   Section        0  fm33lc0xx_fl_gpio.o(i.FL_GPIO_DisablePinRemap)
    FL_GPIO_DisablePinRemap                  0x000010b5   Thumb Code    10  fm33lc0xx_fl_gpio.o(i.FL_GPIO_DisablePinRemap)
    i.FL_GPIO_Init                           0x000010c0   Section        0  fm33lc0xx_fl_gpio.o(i.FL_GPIO_Init)
    i.FL_GPIO_SetPinMode                     0x00001270   Section        0  fm33lc0xx_fl_gpio.o(i.FL_GPIO_SetPinMode)
    FL_GPIO_SetPinMode                       0x00001271   Thumb Code    26  fm33lc0xx_fl_gpio.o(i.FL_GPIO_SetPinMode)
    i.FL_I2C_MasterMode_Init                 0x0000128c   Section        0  fm33lc0xx_fl_i2c.o(i.FL_I2C_MasterMode_Init)
    i.FL_Init                                0x000013f8   Section        0  fm33lc0xx_fl.o(i.FL_Init)
    i.FL_RCC_EnableGroup1OperationClock      0x00001400   Section        0  fm33lc0xx_fl_atim.o(i.FL_RCC_EnableGroup1OperationClock)
    FL_RCC_EnableGroup1OperationClock        0x00001401   Thumb Code    12  fm33lc0xx_fl_atim.o(i.FL_RCC_EnableGroup1OperationClock)
    i.FL_RCC_EnableGroup1OperationClock      0x00001410   Section        0  fm33lc0xx_fl_uart.o(i.FL_RCC_EnableGroup1OperationClock)
    FL_RCC_EnableGroup1OperationClock        0x00001411   Thumb Code    12  fm33lc0xx_fl_uart.o(i.FL_RCC_EnableGroup1OperationClock)
    i.FL_RCC_EnableGroup3BusClock            0x00001420   Section        0  fm33lc0xx_fl_i2c.o(i.FL_RCC_EnableGroup3BusClock)
    FL_RCC_EnableGroup3BusClock              0x00001421   Thumb Code    12  fm33lc0xx_fl_i2c.o(i.FL_RCC_EnableGroup3BusClock)
    i.FL_RCC_EnableGroup3BusClock            0x00001430   Section        0  fm33lc0xx_fl_uart.o(i.FL_RCC_EnableGroup3BusClock)
    FL_RCC_EnableGroup3BusClock              0x00001431   Thumb Code    12  fm33lc0xx_fl_uart.o(i.FL_RCC_EnableGroup3BusClock)
    i.FL_RCC_EnableGroup4BusClock            0x00001440   Section        0  fm33lc0xx_fl_atim.o(i.FL_RCC_EnableGroup4BusClock)
    FL_RCC_EnableGroup4BusClock              0x00001441   Thumb Code    12  fm33lc0xx_fl_atim.o(i.FL_RCC_EnableGroup4BusClock)
    i.FL_RCC_GetAHBClockFreq                 0x00001450   Section        0  fm33lc0xx_fl_rcc.o(i.FL_RCC_GetAHBClockFreq)
    i.FL_RCC_GetAPB1ClockFreq                0x000014c8   Section        0  fm33lc0xx_fl_rcc.o(i.FL_RCC_GetAPB1ClockFreq)
    i.FL_RCC_GetAPB2ClockFreq                0x00001540   Section        0  fm33lc0xx_fl_rcc.o(i.FL_RCC_GetAPB2ClockFreq)
    i.FL_RCC_GetPLLClockFreq                 0x000015b8   Section        0  fm33lc0xx_fl_rcc.o(i.FL_RCC_GetPLLClockFreq)
    i.FL_RCC_GetRCHFClockFreq                0x00001664   Section        0  fm33lc0xx_fl_rcc.o(i.FL_RCC_GetRCHFClockFreq)
    i.FL_RCC_GetRCMFClockFreq                0x000016a8   Section        0  fm33lc0xx_fl_rcc.o(i.FL_RCC_GetRCMFClockFreq)
    i.FL_RCC_GetSystemClockFreq              0x000016f8   Section        0  fm33lc0xx_fl_rcc.o(i.FL_RCC_GetSystemClockFreq)
    i.FL_RCC_GetUSBClockFreqToSysclk         0x00001764   Section        0  fm33lc0xx_fl_rcc.o(i.FL_RCC_GetUSBClockFreqToSysclk)
    i.FL_UART_Init                           0x00001788   Section        0  fm33lc0xx_fl_uart.o(i.FL_UART_Init)
    i.HFDET_IRQHandler                       0x00001a30   Section        0  mf_config.o(i.HFDET_IRQHandler)
    i.MF_ATIM_Channel1_Init                  0x00001a60   Section        0  mf_config.o(i.MF_ATIM_Channel1_Init)
    i.MF_ATIM_Channel2_Init                  0x00001acc   Section        0  mf_config.o(i.MF_ATIM_Channel2_Init)
    i.MF_ATIM_Channel3_Init                  0x00001b38   Section        0  mf_config.o(i.MF_ATIM_Channel3_Init)
    i.MF_ATIM_TimerBase_Init                 0x00001ba4   Section        0  mf_config.o(i.MF_ATIM_TimerBase_Init)
    i.MF_Clock_Init                          0x00001bd4   Section        0  mf_config.o(i.MF_Clock_Init)
    i.MF_Config_Init                         0x00001cf4   Section        0  mf_config.o(i.MF_Config_Init)
    i.MF_I2C_MASTER_Init                     0x00001d18   Section        0  mf_config.o(i.MF_I2C_MASTER_Init)
    i.MF_UART0_Init                          0x00001d74   Section        0  mf_config.o(i.MF_UART0_Init)
    i.OCConfig                               0x00001ddc   Section        0  fm33lc0xx_fl_atim.o(i.OCConfig)
    OCConfig                                 0x00001ddd   Thumb Code   472  fm33lc0xx_fl_atim.o(i.OCConfig)
    i.Send_Byte                              0x00001fb4   Section        0  myuart.o(i.Send_Byte)
    i.Serial_SendString                      0x00001fe0   Section        0  myuart.o(i.Serial_SendString)
    i.SystemCoreClockUpdate                  0x00001ffc   Section        0  system_fm33lc0xx.o(i.SystemCoreClockUpdate)
    i.SystemInit                             0x0000218c   Section        0  system_fm33lc0xx.o(i.SystemInit)
    i.SystemPLLClockUpdate                   0x000022b0   Section        0  system_fm33lc0xx.o(i.SystemPLLClockUpdate)
    SystemPLLClockUpdate                     0x000022b1   Thumb Code   174  system_fm33lc0xx.o(i.SystemPLLClockUpdate)
    i.UART0_IRQHandler                       0x00002374   Section        0  myuart.o(i.UART0_IRQHandler)
    i.__ARM_common_switch8                   0x000023e8   Section        0  system_fm33lc0xx.o(i.__ARM_common_switch8)
    i.main                                   0x00002404   Section        0  main.o(i.main)
    .constdata                               0x000024a4   Section      128  ddiv.o(.constdata)
    x$fpl$usenofp                            0x000024a4   Section        0  usenofp.o(x$fpl$usenofp)
    ddiv_reciptbl                            0x000024a4   Data         128  ddiv.o(.constdata)
    .data                                    0x20000000   Section        1  myuart.o(.data)
    .data                                    0x20000004   Section       12  system_fm33lc0xx.o(.data)
    .bss                                     0x20000010   Section       96  libspace.o(.bss)
    HEAP                                     0x20000070   Section     2048  startup_fm33lc0xx.o(HEAP)
    Heap_Mem                                 0x20000070   Data        2048  startup_fm33lc0xx.o(HEAP)
    STACK                                    0x20000870   Section     2048  startup_fm33lc0xx.o(STACK)
    Stack_Mem                                0x20000870   Data        2048  startup_fm33lc0xx.o(STACK)
    __initial_sp                             0x20001070   Data           0  startup_fm33lc0xx.o(STACK)

    Global Symbols

    Symbol Name                              Value     Ov Type        Size  Object(Section)

    BuildAttributes$$THM_ISAv3M$S$PE$A:L22$X:L11$S22$IEEE1$IW$USESV6$~STKCKD$USESV7$~SHL$OSPACE$ROPI$EBA8$UX$STANDARDLIB$REQ8$PRES8$EABIv2 0x00000000   Number         0  anon$$obj.o ABSOLUTE
    __ARM_use_no_argv                        0x00000000   Number         0  main.o ABSOLUTE
    __Vectors                                0x00000000   Data           4  startup_fm33lc0xx.o(RESET)
    __ARM_exceptions_init                     - Undefined Weak Reference
    __alloca_initialize                       - Undefined Weak Reference
    __arm_preinit_                            - Undefined Weak Reference
    __cpp_initialize__aeabi_                  - Undefined Weak Reference
    __cxa_finalize                            - Undefined Weak Reference
    __rt_locale                               - Undefined Weak Reference
    __sigvec_lookup                           - Undefined Weak Reference
    _atexit_init                              - Undefined Weak Reference
    _call_atexit_fns                          - Undefined Weak Reference
    _clock_init                               - Undefined Weak Reference
    _fp_trap_init                             - Undefined Weak Reference
    _fp_trap_shutdown                         - Undefined Weak Reference
    _get_lc_collate                           - Undefined Weak Reference
    _get_lc_ctype                             - Undefined Weak Reference
    _get_lc_monetary                          - Undefined Weak Reference
    _get_lc_numeric                           - Undefined Weak Reference
    _get_lc_time                              - Undefined Weak Reference
    _getenv_init                              - Undefined Weak Reference
    _handle_redirection                       - Undefined Weak Reference
    _init_alloc                               - Undefined Weak Reference
    _init_user_alloc                          - Undefined Weak Reference
    _initio                                   - Undefined Weak Reference
    _rand_init                                - Undefined Weak Reference
    _signal_finish                            - Undefined Weak Reference
    _signal_init                              - Undefined Weak Reference
    _terminate_alloc                          - Undefined Weak Reference
    _terminate_user_alloc                     - Undefined Weak Reference
    _terminateio                              - Undefined Weak Reference
    __Vectors_End                            0x000000c0   Data           0  startup_fm33lc0xx.o(RESET)
    __Vectors_Size                           0x000000c0   Number         0  startup_fm33lc0xx.o ABSOLUTE
    __main                                   0x000000c1   Thumb Code     8  __main.o(!!!main)
    __scatterload                            0x000000c9   Thumb Code     0  __scatter.o(!!!scatter)
    __scatterload_rt2                        0x000000c9   Thumb Code    52  __scatter.o(!!!scatter)
    __scatterload_rt2_thumb_only             0x000000c9   Thumb Code     0  __scatter.o(!!!scatter)
    __scatterload_null                       0x000000d9   Thumb Code     0  __scatter.o(!!!scatter)
    __scatterload_copy                       0x00000105   Thumb Code    26  __scatter_copy.o(!!handler_copy)
    __scatterload_zeroinit                   0x00000121   Thumb Code    28  __scatter_zi.o(!!handler_zi)
    __rt_lib_init                            0x0000013d   Thumb Code     0  libinit.o(.ARM.Collect$$libinit$$00000000)
    __rt_lib_init_alloca_1                   0x0000013f   Thumb Code     0  libinit2.o(.ARM.Collect$$libinit$$0000002E)
    __rt_lib_init_argv_1                     0x0000013f   Thumb Code     0  libinit2.o(.ARM.Collect$$libinit$$0000002C)
    __rt_lib_init_atexit_1                   0x0000013f   Thumb Code     0  libinit2.o(.ARM.Collect$$libinit$$0000001B)
    __rt_lib_init_clock_1                    0x0000013f   Thumb Code     0  libinit2.o(.ARM.Collect$$libinit$$00000021)
    __rt_lib_init_cpp_1                      0x0000013f   Thumb Code     0  libinit2.o(.ARM.Collect$$libinit$$00000032)
    __rt_lib_init_exceptions_1               0x0000013f   Thumb Code     0  libinit2.o(.ARM.Collect$$libinit$$00000030)
    __rt_lib_init_fp_1                       0x0000013f   Thumb Code     0  libinit2.o(.ARM.Collect$$libinit$$00000002)
    __rt_lib_init_fp_trap_1                  0x0000013f   Thumb Code     0  libinit2.o(.ARM.Collect$$libinit$$0000001F)
    __rt_lib_init_getenv_1                   0x0000013f   Thumb Code     0  libinit2.o(.ARM.Collect$$libinit$$00000023)
    __rt_lib_init_heap_1                     0x0000013f   Thumb Code     0  libinit2.o(.ARM.Collect$$libinit$$0000000A)
    __rt_lib_init_lc_collate_1               0x0000013f   Thumb Code     0  libinit2.o(.ARM.Collect$$libinit$$00000011)
    __rt_lib_init_lc_ctype_1                 0x0000013f   Thumb Code     0  libinit2.o(.ARM.Collect$$libinit$$00000013)
    __rt_lib_init_lc_monetary_1              0x0000013f   Thumb Code     0  libinit2.o(.ARM.Collect$$libinit$$00000015)
    __rt_lib_init_lc_numeric_1               0x0000013f   Thumb Code     0  libinit2.o(.ARM.Collect$$libinit$$00000017)
    __rt_lib_init_lc_time_1                  0x0000013f   Thumb Code     0  libinit2.o(.ARM.Collect$$libinit$$00000019)
    __rt_lib_init_preinit_1                  0x0000013f   Thumb Code     0  libinit2.o(.ARM.Collect$$libinit$$00000004)
    __rt_lib_init_rand_1                     0x0000013f   Thumb Code     0  libinit2.o(.ARM.Collect$$libinit$$0000000E)
    __rt_lib_init_return                     0x0000013f   Thumb Code     0  libinit2.o(.ARM.Collect$$libinit$$00000033)
    __rt_lib_init_signal_1                   0x0000013f   Thumb Code     0  libinit2.o(.ARM.Collect$$libinit$$0000001D)
    __rt_lib_init_stdio_1                    0x0000013f   Thumb Code     0  libinit2.o(.ARM.Collect$$libinit$$00000025)
    __rt_lib_init_user_alloc_1               0x0000013f   Thumb Code     0  libinit2.o(.ARM.Collect$$libinit$$0000000C)
    __rt_lib_shutdown                        0x00000141   Thumb Code     0  libshutdown.o(.ARM.Collect$$libshutdown$$00000000)
    __rt_lib_shutdown_cpp_1                  0x00000143   Thumb Code     0  libshutdown2.o(.ARM.Collect$$libshutdown$$00000002)
    __rt_lib_shutdown_fp_trap_1              0x00000143   Thumb Code     0  libshutdown2.o(.ARM.Collect$$libshutdown$$00000007)
    __rt_lib_shutdown_heap_1                 0x00000143   Thumb Code     0  libshutdown2.o(.ARM.Collect$$libshutdown$$0000000F)
    __rt_lib_shutdown_return                 0x00000143   Thumb Code     0  libshutdown2.o(.ARM.Collect$$libshutdown$$00000010)
    __rt_lib_shutdown_signal_1               0x00000143   Thumb Code     0  libshutdown2.o(.ARM.Collect$$libshutdown$$0000000A)
    __rt_lib_shutdown_stdio_1                0x00000143   Thumb Code     0  libshutdown2.o(.ARM.Collect$$libshutdown$$00000004)
    __rt_lib_shutdown_user_alloc_1           0x00000143   Thumb Code     0  libshutdown2.o(.ARM.Collect$$libshutdown$$0000000C)
    __rt_entry                               0x00000145   Thumb Code     0  __rtentry.o(.ARM.Collect$$rtentry$$00000000)
    __rt_entry_presh_1                       0x00000145   Thumb Code     0  __rtentry2.o(.ARM.Collect$$rtentry$$00000002)
    __rt_entry_sh                            0x00000145   Thumb Code     0  __rtentry4.o(.ARM.Collect$$rtentry$$00000004)
    __rt_entry_li                            0x0000014b   Thumb Code     0  __rtentry2.o(.ARM.Collect$$rtentry$$0000000A)
    __rt_entry_postsh_1                      0x0000014b   Thumb Code     0  __rtentry2.o(.ARM.Collect$$rtentry$$00000009)
    __rt_entry_main                          0x0000014f   Thumb Code     0  __rtentry2.o(.ARM.Collect$$rtentry$$0000000D)
    __rt_entry_postli_1                      0x0000014f   Thumb Code     0  __rtentry2.o(.ARM.Collect$$rtentry$$0000000C)
    __rt_exit                                0x00000157   Thumb Code     0  rtexit.o(.ARM.Collect$$rtexit$$00000000)
    __rt_exit_ls                             0x00000159   Thumb Code     0  rtexit2.o(.ARM.Collect$$rtexit$$00000003)
    __rt_exit_prels_1                        0x00000159   Thumb Code     0  rtexit2.o(.ARM.Collect$$rtexit$$00000002)
    __rt_exit_exit                           0x0000015d   Thumb Code     0  rtexit2.o(.ARM.Collect$$rtexit$$00000004)
    Reset_Handler                            0x00000165   Thumb Code     8  startup_fm33lc0xx.o(.text)
    NMI_Handler                              0x0000016d   Thumb Code     2  startup_fm33lc0xx.o(.text)
    HardFault_Handler                        0x0000016f   Thumb Code     2  startup_fm33lc0xx.o(.text)
    SVC_Handler                              0x00000171   Thumb Code     2  startup_fm33lc0xx.o(.text)
    PendSV_Handler                           0x00000173   Thumb Code     2  startup_fm33lc0xx.o(.text)
    SysTick_Handler                          0x00000175   Thumb Code     2  startup_fm33lc0xx.o(.text)
    ADC_IRQHandler                           0x00000177   Thumb Code     0  startup_fm33lc0xx.o(.text)
    AES_IRQHandler                           0x00000177   Thumb Code     0  startup_fm33lc0xx.o(.text)
    ATIM_IRQHandler                          0x00000177   Thumb Code     0  startup_fm33lc0xx.o(.text)
    BSTIM_IRQHandler                         0x00000177   Thumb Code     0  startup_fm33lc0xx.o(.text)
    COMPx_IRQHandler                         0x00000177   Thumb Code     0  startup_fm33lc0xx.o(.text)
    DMA_IRQHandler                           0x00000177   Thumb Code     0  startup_fm33lc0xx.o(.text)
    FLASH_IRQHandler                         0x00000177   Thumb Code     0  startup_fm33lc0xx.o(.text)
    GPIO_IRQHandler                          0x00000177   Thumb Code     0  startup_fm33lc0xx.o(.text)
    GPTIM0_IRQHandler                        0x00000177   Thumb Code     0  startup_fm33lc0xx.o(.text)
    GPTIM1_IRQHandler                        0x00000177   Thumb Code     0  startup_fm33lc0xx.o(.text)
    I2C_IRQHandler                           0x00000177   Thumb Code     0  startup_fm33lc0xx.o(.text)
    IWDT_IRQHandler                          0x00000177   Thumb Code     0  startup_fm33lc0xx.o(.text)
    LCD_IRQHandler                           0x00000177   Thumb Code     0  startup_fm33lc0xx.o(.text)
    LFDET_IRQHandler                         0x00000177   Thumb Code     0  startup_fm33lc0xx.o(.text)
    LPTIM_IRQHandler                         0x00000177   Thumb Code     0  startup_fm33lc0xx.o(.text)
    LPUART0_IRQHandler                       0x00000177   Thumb Code     0  startup_fm33lc0xx.o(.text)
    LPUART1_IRQHandler                       0x00000177   Thumb Code     0  startup_fm33lc0xx.o(.text)
    OPAx_IRQHandler                          0x00000177   Thumb Code     0  startup_fm33lc0xx.o(.text)
    RTC_IRQHandler                           0x00000177   Thumb Code     0  startup_fm33lc0xx.o(.text)
    SPI1_IRQHandler                          0x00000177   Thumb Code     0  startup_fm33lc0xx.o(.text)
    SPI2_IRQHandler                          0x00000177   Thumb Code     0  startup_fm33lc0xx.o(.text)
    SVD_IRQHandler                           0x00000177   Thumb Code     0  startup_fm33lc0xx.o(.text)
    U7816_IRQHandler                         0x00000177   Thumb Code     0  startup_fm33lc0xx.o(.text)
    UART1_IRQHandler                         0x00000177   Thumb Code     0  startup_fm33lc0xx.o(.text)
    UART4_IRQHandler                         0x00000177   Thumb Code     0  startup_fm33lc0xx.o(.text)
    UART5_IRQHandler                         0x00000177   Thumb Code     0  startup_fm33lc0xx.o(.text)
    USB_IRQHandler                           0x00000177   Thumb Code     0  startup_fm33lc0xx.o(.text)
    VREF_IRQHandler                          0x00000177   Thumb Code     0  startup_fm33lc0xx.o(.text)
    WKUP_IRQHandler                          0x00000177   Thumb Code     0  startup_fm33lc0xx.o(.text)
    WWDT_IRQHandler                          0x00000177   Thumb Code     0  startup_fm33lc0xx.o(.text)
    __user_initial_stackheap                 0x00000179   Thumb Code     0  startup_fm33lc0xx.o(.text)
    __aeabi_uidiv                            0x0000019d   Thumb Code     0  aeabi_sdiv.o(.text)
    __aeabi_uidivmod                         0x0000019d   Thumb Code    20  aeabi_sdiv.o(.text)
    __aeabi_idiv                             0x000001b1   Thumb Code     0  aeabi_sdiv.o(.text)
    __aeabi_idivmod                          0x000001b1   Thumb Code   326  aeabi_sdiv.o(.text)
    __use_two_region_memory                  0x000002f7   Thumb Code     2  heapauxi.o(.text)
    __rt_heap_escrow$2region                 0x000002f9   Thumb Code     2  heapauxi.o(.text)
    __rt_heap_expand$2region                 0x000002fb   Thumb Code     2  heapauxi.o(.text)
    __aeabi_dadd                             0x000005f5   Thumb Code     0  daddsub.o(.text)
    _dadd                                    0x000005f5   Thumb Code    26  daddsub.o(.text)
    __aeabi_dsub                             0x0000060f   Thumb Code     0  daddsub.o(.text)
    _dsub                                    0x0000060f   Thumb Code    22  daddsub.o(.text)
    __aeabi_drsub                            0x00000625   Thumb Code     0  daddsub.o(.text)
    _drsb                                    0x00000625   Thumb Code    28  daddsub.o(.text)
    __aeabi_ddiv                             0x00000655   Thumb Code     0  ddiv.o(.text)
    _ddiv                                    0x00000655   Thumb Code  1072  ddiv.o(.text)
    _drdiv                                   0x00000a85   Thumb Code    20  ddiv.o(.text)
    __aeabi_d2uiz                            0x00000a9d   Thumb Code     0  dfixui.o(.text)
    _dfixu                                   0x00000a9d   Thumb Code    68  dfixui.o(.text)
    __aeabi_i2d_normalise                    0x00000ae5   Thumb Code    66  dflti.o(.text)
    __aeabi_i2d                              0x00000b27   Thumb Code    16  dflti.o(.text)
    _dflt                                    0x00000b27   Thumb Code     0  dflti.o(.text)
    __aeabi_ui2d                             0x00000b37   Thumb Code     6  dflti.o(.text)
    _dfltu                                   0x00000b37   Thumb Code     0  dflti.o(.text)
    __user_setup_stackheap                   0x00000b3d   Thumb Code    62  sys_stackheap_outer.o(.text)
    exit                                     0x00000b7b   Thumb Code    16  exit.o(.text)
    __user_libspace                          0x00000b8d   Thumb Code     8  libspace.o(.text)
    __user_perproc_libspace                  0x00000b8d   Thumb Code     0  libspace.o(.text)
    __user_perthread_libspace                0x00000b8d   Thumb Code     0  libspace.o(.text)
    _sys_exit                                0x00000b95   Thumb Code     8  sys_exit.o(.text)
    __I$use$semihosting                      0x00000ba1   Thumb Code     0  use_no_semi.o(.text)
    __use_no_semihosting_swi                 0x00000ba1   Thumb Code     2  use_no_semi.o(.text)
    __semihosting_library_function           0x00000ba3   Thumb Code     0  indicate_semi.o(.text)
    FL_ATIM_Init                             0x00000be5   Thumb Code   404  fm33lc0xx_fl_atim.o(i.FL_ATIM_Init)
    FL_ATIM_OC_Init                          0x00000db1   Thumb Code   556  fm33lc0xx_fl_atim.o(i.FL_ATIM_OC_Init)
    FL_DelayInit                             0x00001011   Thumb Code    26  fm33lc0xx_fl.o(i.FL_DelayInit)
    FL_DelayMs                               0x00001031   Thumb Code    24  fm33lc0xx_fl.o(i.FL_DelayMs)
    FL_DelayUs                               0x00001049   Thumb Code    56  fm33lc0xx_fl.o(i.FL_DelayUs)
    FL_GPIO_Init                             0x000010c1   Thumb Code   418  fm33lc0xx_fl_gpio.o(i.FL_GPIO_Init)
    FL_I2C_MasterMode_Init                   0x0000128d   Thumb Code   344  fm33lc0xx_fl_i2c.o(i.FL_I2C_MasterMode_Init)
    FL_Init                                  0x000013f9   Thumb Code     8  fm33lc0xx_fl.o(i.FL_Init)
    FL_RCC_GetAHBClockFreq                   0x00001451   Thumb Code   114  fm33lc0xx_fl_rcc.o(i.FL_RCC_GetAHBClockFreq)
    FL_RCC_GetAPB1ClockFreq                  0x000014c9   Thumb Code   114  fm33lc0xx_fl_rcc.o(i.FL_RCC_GetAPB1ClockFreq)
    FL_RCC_GetAPB2ClockFreq                  0x00001541   Thumb Code   114  fm33lc0xx_fl_rcc.o(i.FL_RCC_GetAPB2ClockFreq)
    FL_RCC_GetPLLClockFreq                   0x000015b9   Thumb Code   162  fm33lc0xx_fl_rcc.o(i.FL_RCC_GetPLLClockFreq)
    FL_RCC_GetRCHFClockFreq                  0x00001665   Thumb Code    52  fm33lc0xx_fl_rcc.o(i.FL_RCC_GetRCHFClockFreq)
    FL_RCC_GetRCMFClockFreq                  0x000016a9   Thumb Code    60  fm33lc0xx_fl_rcc.o(i.FL_RCC_GetRCMFClockFreq)
    FL_RCC_GetSystemClockFreq                0x000016f9   Thumb Code    94  fm33lc0xx_fl_rcc.o(i.FL_RCC_GetSystemClockFreq)
    FL_RCC_GetUSBClockFreqToSysclk           0x00001765   Thumb Code    22  fm33lc0xx_fl_rcc.o(i.FL_RCC_GetUSBClockFreqToSysclk)
    FL_UART_Init                             0x00001789   Thumb Code   660  fm33lc0xx_fl_uart.o(i.FL_UART_Init)
    HFDET_IRQHandler                         0x00001a31   Thumb Code    44  mf_config.o(i.HFDET_IRQHandler)
    MF_ATIM_Channel1_Init                    0x00001a61   Thumb Code    98  mf_config.o(i.MF_ATIM_Channel1_Init)
    MF_ATIM_Channel2_Init                    0x00001acd   Thumb Code    98  mf_config.o(i.MF_ATIM_Channel2_Init)
    MF_ATIM_Channel3_Init                    0x00001b39   Thumb Code   100  mf_config.o(i.MF_ATIM_Channel3_Init)
    MF_ATIM_TimerBase_Init                   0x00001ba5   Thumb Code    42  mf_config.o(i.MF_ATIM_TimerBase_Init)
    MF_Clock_Init                            0x00001bd5   Thumb Code   280  mf_config.o(i.MF_Clock_Init)
    MF_Config_Init                           0x00001cf5   Thumb Code    34  mf_config.o(i.MF_Config_Init)
    MF_I2C_MASTER_Init                       0x00001d19   Thumb Code    78  mf_config.o(i.MF_I2C_MASTER_Init)
    MF_UART0_Init                            0x00001d75   Thumb Code    94  mf_config.o(i.MF_UART0_Init)
    Send_Byte                                0x00001fb5   Thumb Code    38  myuart.o(i.Send_Byte)
    Serial_SendString                        0x00001fe1   Thumb Code    26  myuart.o(i.Serial_SendString)
    SystemCoreClockUpdate                    0x00001ffd   Thumb Code   348  system_fm33lc0xx.o(i.SystemCoreClockUpdate)
    SystemInit                               0x0000218d   Thumb Code   270  system_fm33lc0xx.o(i.SystemInit)
    UART0_IRQHandler                         0x00002375   Thumb Code   106  myuart.o(i.UART0_IRQHandler)
    __ARM_common_switch8                     0x000023e9   Thumb Code    28  system_fm33lc0xx.o(i.__ARM_common_switch8)
    main                                     0x00002405   Thumb Code   146  main.o(i.main)
    __I$use$fp                               0x000024a4   Number         0  usenofp.o(x$fpl$usenofp)
    Region$$Table$$Base                      0x00002524   Number         0  anon$$obj.o(Region$$Table)
    Region$$Table$$Limit                     0x00002544   Number         0  anon$$obj.o(Region$$Table)
    RxData                                   0x20000000   Data           1  myuart.o(.data)
    XTLFClock                                0x20000004   Data           4  system_fm33lc0xx.o(.data)
    XTHFClock                                0x20000008   Data           4  system_fm33lc0xx.o(.data)
    SystemCoreClock                          0x2000000c   Data           4  system_fm33lc0xx.o(.data)
    __libspace_start                         0x20000010   Data          96  libspace.o(.bss)
    __temporary_stack_top$libspace           0x20000070   Data           0  libspace.o(.bss)



==============================================================================

Memory Map of the image

  Image Entry point : 0x000000c1

  Load Region LR_IROM1 (Base: 0x00000000, Size: 0x00002554, Max: 0x00040000, ABSOLUTE)

    Execution Region ER_IROM1 (Exec base: 0x00000000, Load base: 0x00000000, Size: 0x00002544, Max: 0x00040000, ABSOLUTE)

    Exec Addr    Load Addr    Size         Type   Attr      Idx    E Section Name        Object

    0x00000000   0x00000000   0x000000c0   Data   RO            3    RESET               startup_fm33lc0xx.o
    0x000000c0   0x000000c0   0x00000008   Code   RO         2288  * !!!main             c_p.l(__main.o)
    0x000000c8   0x000000c8   0x0000003c   Code   RO         2488    !!!scatter          c_p.l(__scatter.o)
    0x00000104   0x00000104   0x0000001a   Code   RO         2490    !!handler_copy      c_p.l(__scatter_copy.o)
    0x0000011e   0x0000011e   0x00000002   PAD
    0x00000120   0x00000120   0x0000001c   Code   RO         2492    !!handler_zi        c_p.l(__scatter_zi.o)
    0x0000013c   0x0000013c   0x00000002   Code   RO         2355    .ARM.Collect$$libinit$$00000000  c_p.l(libinit.o)
    0x0000013e   0x0000013e   0x00000000   Code   RO         2371    .ARM.Collect$$libinit$$00000002  c_p.l(libinit2.o)
    0x0000013e   0x0000013e   0x00000000   Code   RO         2373    .ARM.Collect$$libinit$$00000004  c_p.l(libinit2.o)
    0x0000013e   0x0000013e   0x00000000   Code   RO         2376    .ARM.Collect$$libinit$$0000000A  c_p.l(libinit2.o)
    0x0000013e   0x0000013e   0x00000000   Code   RO         2378    .ARM.Collect$$libinit$$0000000C  c_p.l(libinit2.o)
    0x0000013e   0x0000013e   0x00000000   Code   RO         2380    .ARM.Collect$$libinit$$0000000E  c_p.l(libinit2.o)
    0x0000013e   0x0000013e   0x00000000   Code   RO         2383    .ARM.Collect$$libinit$$00000011  c_p.l(libinit2.o)
    0x0000013e   0x0000013e   0x00000000   Code   RO         2385    .ARM.Collect$$libinit$$00000013  c_p.l(libinit2.o)
    0x0000013e   0x0000013e   0x00000000   Code   RO         2387    .ARM.Collect$$libinit$$00000015  c_p.l(libinit2.o)
    0x0000013e   0x0000013e   0x00000000   Code   RO         2389    .ARM.Collect$$libinit$$00000017  c_p.l(libinit2.o)
    0x0000013e   0x0000013e   0x00000000   Code   RO         2391    .ARM.Collect$$libinit$$00000019  c_p.l(libinit2.o)
    0x0000013e   0x0000013e   0x00000000   Code   RO         2393    .ARM.Collect$$libinit$$0000001B  c_p.l(libinit2.o)
    0x0000013e   0x0000013e   0x00000000   Code   RO         2395    .ARM.Collect$$libinit$$0000001D  c_p.l(libinit2.o)
    0x0000013e   0x0000013e   0x00000000   Code   RO         2397    .ARM.Collect$$libinit$$0000001F  c_p.l(libinit2.o)
    0x0000013e   0x0000013e   0x00000000   Code   RO         2399    .ARM.Collect$$libinit$$00000021  c_p.l(libinit2.o)
    0x0000013e   0x0000013e   0x00000000   Code   RO         2401    .ARM.Collect$$libinit$$00000023  c_p.l(libinit2.o)
    0x0000013e   0x0000013e   0x00000000   Code   RO         2403    .ARM.Collect$$libinit$$00000025  c_p.l(libinit2.o)
    0x0000013e   0x0000013e   0x00000000   Code   RO         2407    .ARM.Collect$$libinit$$0000002C  c_p.l(libinit2.o)
    0x0000013e   0x0000013e   0x00000000   Code   RO         2409    .ARM.Collect$$libinit$$0000002E  c_p.l(libinit2.o)
    0x0000013e   0x0000013e   0x00000000   Code   RO         2411    .ARM.Collect$$libinit$$00000030  c_p.l(libinit2.o)
    0x0000013e   0x0000013e   0x00000000   Code   RO         2413    .ARM.Collect$$libinit$$00000032  c_p.l(libinit2.o)
    0x0000013e   0x0000013e   0x00000002   Code   RO         2414    .ARM.Collect$$libinit$$00000033  c_p.l(libinit2.o)
    0x00000140   0x00000140   0x00000002   Code   RO         2445    .ARM.Collect$$libshutdown$$00000000  c_p.l(libshutdown.o)
    0x00000142   0x00000142   0x00000000   Code   RO         2471    .ARM.Collect$$libshutdown$$00000002  c_p.l(libshutdown2.o)
    0x00000142   0x00000142   0x00000000   Code   RO         2473    .ARM.Collect$$libshutdown$$00000004  c_p.l(libshutdown2.o)
    0x00000142   0x00000142   0x00000000   Code   RO         2476    .ARM.Collect$$libshutdown$$00000007  c_p.l(libshutdown2.o)
    0x00000142   0x00000142   0x00000000   Code   RO         2479    .ARM.Collect$$libshutdown$$0000000A  c_p.l(libshutdown2.o)
    0x00000142   0x00000142   0x00000000   Code   RO         2481    .ARM.Collect$$libshutdown$$0000000C  c_p.l(libshutdown2.o)
    0x00000142   0x00000142   0x00000000   Code   RO         2484    .ARM.Collect$$libshutdown$$0000000F  c_p.l(libshutdown2.o)
    0x00000142   0x00000142   0x00000002   Code   RO         2485    .ARM.Collect$$libshutdown$$00000010  c_p.l(libshutdown2.o)
    0x00000144   0x00000144   0x00000000   Code   RO         2312    .ARM.Collect$$rtentry$$00000000  c_p.l(__rtentry.o)
    0x00000144   0x00000144   0x00000000   Code   RO         2321    .ARM.Collect$$rtentry$$00000002  c_p.l(__rtentry2.o)
    0x00000144   0x00000144   0x00000006   Code   RO         2333    .ARM.Collect$$rtentry$$00000004  c_p.l(__rtentry4.o)
    0x0000014a   0x0000014a   0x00000000   Code   RO         2323    .ARM.Collect$$rtentry$$00000009  c_p.l(__rtentry2.o)
    0x0000014a   0x0000014a   0x00000004   Code   RO         2324    .ARM.Collect$$rtentry$$0000000A  c_p.l(__rtentry2.o)
    0x0000014e   0x0000014e   0x00000000   Code   RO         2326    .ARM.Collect$$rtentry$$0000000C  c_p.l(__rtentry2.o)
    0x0000014e   0x0000014e   0x00000008   Code   RO         2327    .ARM.Collect$$rtentry$$0000000D  c_p.l(__rtentry2.o)
    0x00000156   0x00000156   0x00000002   Code   RO         2362    .ARM.Collect$$rtexit$$00000000  c_p.l(rtexit.o)
    0x00000158   0x00000158   0x00000000   Code   RO         2418    .ARM.Collect$$rtexit$$00000002  c_p.l(rtexit2.o)
    0x00000158   0x00000158   0x00000004   Code   RO         2419    .ARM.Collect$$rtexit$$00000003  c_p.l(rtexit2.o)
    0x0000015c   0x0000015c   0x00000006   Code   RO         2420    .ARM.Collect$$rtexit$$00000004  c_p.l(rtexit2.o)
    0x00000162   0x00000162   0x00000002   PAD
    0x00000164   0x00000164   0x00000038   Code   RO            4    .text               startup_fm33lc0xx.o
    0x0000019c   0x0000019c   0x0000015a   Code   RO         2282    .text               c_p.l(aeabi_sdiv.o)
    0x000002f6   0x000002f6   0x00000006   Code   RO         2286    .text               c_p.l(heapauxi.o)
    0x000002fc   0x000002fc   0x00000358   Code   RO         2292    .text               fz_ps.l(daddsub.o)
    0x00000654   0x00000654   0x00000448   Code   RO         2294    .text               fz_ps.l(ddiv.o)
    0x00000a9c   0x00000a9c   0x00000048   Code   RO         2297    .text               fz_ps.l(dfixui.o)
    0x00000ae4   0x00000ae4   0x00000058   Code   RO         2299    .text               fz_ps.l(dflti.o)
    0x00000b3c   0x00000b3c   0x0000003e   Code   RO         2341    .text               c_p.l(sys_stackheap_outer.o)
    0x00000b7a   0x00000b7a   0x00000010   Code   RO         2344    .text               c_p.l(exit.o)
    0x00000b8a   0x00000b8a   0x00000002   PAD
    0x00000b8c   0x00000b8c   0x00000008   Code   RO         2358    .text               c_p.l(libspace.o)
    0x00000b94   0x00000b94   0x0000000c   Code   RO         2415    .text               c_p.l(sys_exit.o)
    0x00000ba0   0x00000ba0   0x00000002   Code   RO         2434    .text               c_p.l(use_no_semi.o)
    0x00000ba2   0x00000ba2   0x00000000   Code   RO         2436    .text               c_p.l(indicate_semi.o)
    0x00000ba2   0x00000ba2   0x00000036   Code   RO         1930    i.FL_ATIM_CC_SetChannelMode  fm33lc0xx_fl_atim.o
    0x00000bd8   0x00000bd8   0x0000000a   Code   RO         1934    i.FL_ATIM_GenerateUpdateEvent  fm33lc0xx_fl_atim.o
    0x00000be2   0x00000be2   0x00000002   PAD
    0x00000be4   0x00000be4   0x0000019c   Code   RO         1937    i.FL_ATIM_Init      fm33lc0xx_fl_atim.o
    0x00000d80   0x00000d80   0x00000010   Code   RO         1938    i.FL_ATIM_IsActiveFlag_Update  fm33lc0xx_fl_atim.o
    0x00000d90   0x00000d90   0x00000010   Code   RO         1939    i.FL_ATIM_OC_DisableChannel  fm33lc0xx_fl_atim.o
    0x00000da0   0x00000da0   0x00000010   Code   RO         1940    i.FL_ATIM_OC_DisableReverseChannel  fm33lc0xx_fl_atim.o
    0x00000db0   0x00000db0   0x00000230   Code   RO         1941    i.FL_ATIM_OC_Init   fm33lc0xx_fl_atim.o
    0x00000fe0   0x00000fe0   0x0000000c   Code   RO         1943    i.FL_ATIM_SetCounterAlignedMode  fm33lc0xx_fl_atim.o
    0x00000fec   0x00000fec   0x0000000c   Code   RO          220    i.FL_ATIM_WriteCompareCH1  main.o
    0x00000ff8   0x00000ff8   0x0000000c   Code   RO          221    i.FL_ATIM_WriteCompareCH2  main.o
    0x00001004   0x00001004   0x0000000c   Code   RO          222    i.FL_ATIM_WriteCompareCH3  main.o
    0x00001010   0x00001010   0x00000020   Code   RO          963    i.FL_DelayInit      fm33lc0xx_fl.o
    0x00001030   0x00001030   0x00000018   Code   RO          964    i.FL_DelayMs        fm33lc0xx_fl.o
    0x00001048   0x00001048   0x00000044   Code   RO          966    i.FL_DelayUs        fm33lc0xx_fl.o
    0x0000108c   0x0000108c   0x0000000a   Code   RO         1462    i.FL_GPIO_DisablePinAnalogSwitch  fm33lc0xx_fl_gpio.o
    0x00001096   0x00001096   0x0000000a   Code   RO         1463    i.FL_GPIO_DisablePinInput  fm33lc0xx_fl_gpio.o
    0x000010a0   0x000010a0   0x0000000a   Code   RO         1464    i.FL_GPIO_DisablePinOpenDrain  fm33lc0xx_fl_gpio.o
    0x000010aa   0x000010aa   0x0000000a   Code   RO         1465    i.FL_GPIO_DisablePinPullup  fm33lc0xx_fl_gpio.o
    0x000010b4   0x000010b4   0x0000000a   Code   RO         1466    i.FL_GPIO_DisablePinRemap  fm33lc0xx_fl_gpio.o
    0x000010be   0x000010be   0x00000002   PAD
    0x000010c0   0x000010c0   0x000001b0   Code   RO         1468    i.FL_GPIO_Init      fm33lc0xx_fl_gpio.o
    0x00001270   0x00001270   0x0000001a   Code   RO         1469    i.FL_GPIO_SetPinMode  fm33lc0xx_fl_gpio.o
    0x0000128a   0x0000128a   0x00000002   PAD
    0x0000128c   0x0000128c   0x0000016c   Code   RO          568    i.FL_I2C_MasterMode_Init  fm33lc0xx_fl_i2c.o
    0x000013f8   0x000013f8   0x00000008   Code   RO          968    i.FL_Init           fm33lc0xx_fl.o
    0x00001400   0x00001400   0x00000010   Code   RO         1948    i.FL_RCC_EnableGroup1OperationClock  fm33lc0xx_fl_atim.o
    0x00001410   0x00001410   0x00000010   Code   RO         2080    i.FL_RCC_EnableGroup1OperationClock  fm33lc0xx_fl_uart.o
    0x00001420   0x00001420   0x00000010   Code   RO          573    i.FL_RCC_EnableGroup3BusClock  fm33lc0xx_fl_i2c.o
    0x00001430   0x00001430   0x00000010   Code   RO         2081    i.FL_RCC_EnableGroup3BusClock  fm33lc0xx_fl_uart.o
    0x00001440   0x00001440   0x00000010   Code   RO         1949    i.FL_RCC_EnableGroup4BusClock  fm33lc0xx_fl_atim.o
    0x00001450   0x00001450   0x00000078   Code   RO         1324    i.FL_RCC_GetAHBClockFreq  fm33lc0xx_fl_rcc.o
    0x000014c8   0x000014c8   0x00000078   Code   RO         1325    i.FL_RCC_GetAPB1ClockFreq  fm33lc0xx_fl_rcc.o
    0x00001540   0x00001540   0x00000078   Code   RO         1326    i.FL_RCC_GetAPB2ClockFreq  fm33lc0xx_fl_rcc.o
    0x000015b8   0x000015b8   0x000000ac   Code   RO         1327    i.FL_RCC_GetPLLClockFreq  fm33lc0xx_fl_rcc.o
    0x00001664   0x00001664   0x00000044   Code   RO         1328    i.FL_RCC_GetRCHFClockFreq  fm33lc0xx_fl_rcc.o
    0x000016a8   0x000016a8   0x00000050   Code   RO         1329    i.FL_RCC_GetRCMFClockFreq  fm33lc0xx_fl_rcc.o
    0x000016f8   0x000016f8   0x0000006c   Code   RO         1330    i.FL_RCC_GetSystemClockFreq  fm33lc0xx_fl_rcc.o
    0x00001764   0x00001764   0x00000024   Code   RO         1331    i.FL_RCC_GetUSBClockFreqToSysclk  fm33lc0xx_fl_rcc.o
    0x00001788   0x00001788   0x000002a8   Code   RO         2087    i.FL_UART_Init      fm33lc0xx_fl_uart.o
    0x00001a30   0x00001a30   0x00000030   Code   RO           13    i.HFDET_IRQHandler  mf_config.o
    0x00001a60   0x00001a60   0x0000006c   Code   RO           14    i.MF_ATIM_Channel1_Init  mf_config.o
    0x00001acc   0x00001acc   0x0000006c   Code   RO           15    i.MF_ATIM_Channel2_Init  mf_config.o
    0x00001b38   0x00001b38   0x0000006c   Code   RO           16    i.MF_ATIM_Channel3_Init  mf_config.o
    0x00001ba4   0x00001ba4   0x00000030   Code   RO           17    i.MF_ATIM_TimerBase_Init  mf_config.o
    0x00001bd4   0x00001bd4   0x00000120   Code   RO           18    i.MF_Clock_Init     mf_config.o
    0x00001cf4   0x00001cf4   0x00000022   Code   RO           19    i.MF_Config_Init    mf_config.o
    0x00001d16   0x00001d16   0x00000002   PAD
    0x00001d18   0x00001d18   0x0000005c   Code   RO           20    i.MF_I2C_MASTER_Init  mf_config.o
    0x00001d74   0x00001d74   0x00000068   Code   RO           21    i.MF_UART0_Init     mf_config.o
    0x00001ddc   0x00001ddc   0x000001d8   Code   RO         1950    i.OCConfig          fm33lc0xx_fl_atim.o
    0x00001fb4   0x00001fb4   0x0000002c   Code   RO          283    i.Send_Byte         myuart.o
    0x00001fe0   0x00001fe0   0x0000001a   Code   RO          287    i.Serial_SendString  myuart.o
    0x00001ffa   0x00001ffa   0x00000002   PAD
    0x00001ffc   0x00001ffc   0x00000190   Code   RO          339    i.SystemCoreClockUpdate  system_fm33lc0xx.o
    0x0000218c   0x0000218c   0x00000124   Code   RO          340    i.SystemInit        system_fm33lc0xx.o
    0x000022b0   0x000022b0   0x000000c4   Code   RO          341    i.SystemPLLClockUpdate  system_fm33lc0xx.o
    0x00002374   0x00002374   0x00000074   Code   RO          288    i.UART0_IRQHandler  myuart.o
    0x000023e8   0x000023e8   0x0000001c   Code   RO          368    i.__ARM_common_switch8  system_fm33lc0xx.o
    0x00002404   0x00002404   0x000000a0   Code   RO          223    i.main              main.o
    0x000024a4   0x000024a4   0x00000000   Code   RO         2319    x$fpl$usenofp       fz_ps.l(usenofp.o)
    0x000024a4   0x000024a4   0x00000080   Data   RO         2295    .constdata          fz_ps.l(ddiv.o)
    0x00002524   0x00002524   0x00000020   Data   RO         2486    Region$$Table       anon$$obj.o


    Execution Region RW_IRAM1 (Exec base: 0x20000000, Load base: 0x00002544, Size: 0x00001070, Max: 0x00006000, ABSOLUTE)

    Exec Addr    Load Addr    Size         Type   Attr      Idx    E Section Name        Object

    0x20000000   0x00002544   0x00000001   Data   RW          289    .data               myuart.o
    0x20000001   0x00002545   0x00000003   PAD
    0x20000004   0x00002548   0x0000000c   Data   RW          342    .data               system_fm33lc0xx.o
    0x20000010        -       0x00000060   Zero   RW         2359    .bss                c_p.l(libspace.o)
    0x20000070        -       0x00000800   Zero   RW            2    HEAP                startup_fm33lc0xx.o
    0x20000870        -       0x00000800   Zero   RW            1    STACK               startup_fm33lc0xx.o


==============================================================================

Image component sizes


      Code (inc. data)   RO Data    RW Data    ZI Data      Debug   Object Name

       132         18          0          0          0       1979   fm33lc0xx_fl.o
      1600         20          0          0          0      77337   fm33lc0xx_fl_atim.o
       508         14          0          0          0      20711   fm33lc0xx_fl_gpio.o
       380         24          0          0          0      47473   fm33lc0xx_fl_i2c.o
         0          0          0          0          0      28176   fm33lc0xx_fl_iwdt.o
       824        112          0          0          0      33639   fm33lc0xx_fl_rcc.o
       712         28          0          0          0      43399   fm33lc0xx_fl_uart.o
       196         14          0          0          0      33771   main.o
       938         70          0          0          0     133602   mf_config.o
       186         16          0          1          0      12520   myuart.o
        56         26        192          0       4096        724   startup_fm33lc0xx.o
       916        126          0         12          0       2323   system_fm33lc0xx.o

    ----------------------------------------------------------------------
      6458        468        224         16       4096     435654   Object Totals
         0          0         32          0          0          0   (incl. Generated)
        10          0          0          3          0          0   (incl. Padding)

    ----------------------------------------------------------------------

      Code (inc. data)   RO Data    RW Data    ZI Data      Debug   Library Member Name

         8          0          0          0          0         68   __main.o
         0          0          0          0          0          0   __rtentry.o
        12          0          0          0          0          0   __rtentry2.o
         6          0          0          0          0          0   __rtentry4.o
        60          8          0          0          0          0   __scatter.o
        26          0          0          0          0          0   __scatter_copy.o
        28          0          0          0          0          0   __scatter_zi.o
       346          0          0          0          0         92   aeabi_sdiv.o
        16          0          0          0          0         68   exit.o
         6          0          0          0          0        136   heapauxi.o
         0          0          0          0          0          0   indicate_semi.o
         2          0          0          0          0          0   libinit.o
         2          0          0          0          0          0   libinit2.o
         2          0          0          0          0          0   libshutdown.o
         2          0          0          0          0          0   libshutdown2.o
         8          4          0          0         96         68   libspace.o
         2          0          0          0          0          0   rtexit.o
        10          0          0          0          0          0   rtexit2.o
        12          4          0          0          0         60   sys_exit.o
        62          0          0          0          0         80   sys_stackheap_outer.o
         2          0          0          0          0         68   use_no_semi.o
       856         20          0          0          0        208   daddsub.o
      1096         26        128          0          0        112   ddiv.o
        72          4          0          0          0         68   dfixui.o
        88          0          0          0          0         92   dflti.o
         0          0          0          0          0          0   usenofp.o

    ----------------------------------------------------------------------
      2730         66        128          0         96       1120   Library Totals
         6          0          0          0          0          0   (incl. Padding)

    ----------------------------------------------------------------------

      Code (inc. data)   RO Data    RW Data    ZI Data      Debug   Library Name

       612         16          0          0         96        640   c_p.l
      2112         50        128          0          0        480   fz_ps.l

    ----------------------------------------------------------------------
      2730         66        128          0         96       1120   Library Totals

    ----------------------------------------------------------------------

==============================================================================


      Code (inc. data)   RO Data    RW Data    ZI Data      Debug   

      9188        534        352         16       4192     434122   Grand Totals
      9188        534        352         16       4192     434122   ELF Image Totals
      9188        534        352         16          0          0   ROM Totals

==============================================================================

    Total RO  Size (Code + RO Data)                 9540 (   9.32kB)
    Total RW  Size (RW Data + ZI Data)              4208 (   4.11kB)
    Total ROM Size (Code + RO Data + RW Data)       9556 (   9.33kB)

==============================================================================

