<!doctype html public "-//w3c//dtd html 4.0 transitional//en">
<html><head>
<title>Static Call Graph - [.\Objects\LC0_Motor_RCHF.axf]</title></head>
<body><HR>
<H1>Static Call Graph for image .\Objects\LC0_Motor_RCHF.axf</H1><HR>
<BR><P>#&#060CALLGRAPH&#062# ARM Linker, 5060750: Last Updated: Tue Dec 26 17:01:21 2023
<BR><P>
<H3>Maximum Stack Usage =        368 bytes + Unknown(Functions without stacksize, Cycles, Untraceable Function Pointers)</H3><H3>
Call chain for Maximum Stack Depth:</H3>
_printf_fp_dec_real &rArr; _fp_digits &rArr; _btod_etento &rArr; _btod_emul &rArr; btod_internal_mul &rArr; __ARM_common_ll_muluu
<P>
<H3>
Functions with no stack information
</H3><UL>
 <LI><a href="#[c8]">__user_initial_stackheap</a>
</UL>
</UL>
<P>
<H3>
Mutually Recursive functions
</H3> <LI><a href="#[10]">NMI_Handler</a>&nbsp;&nbsp;&nbsp;&rArr;&nbsp;&nbsp;&nbsp;<a href="#[10]">NMI_Handler</a><BR>
 <LI><a href="#[11]">HardFault_Handler</a>&nbsp;&nbsp;&nbsp;&rArr;&nbsp;&nbsp;&nbsp;<a href="#[11]">HardFault_Handler</a><BR>
 <LI><a href="#[12]">SVC_Handler</a>&nbsp;&nbsp;&nbsp;&rArr;&nbsp;&nbsp;&nbsp;<a href="#[12]">SVC_Handler</a><BR>
 <LI><a href="#[13]">PendSV_Handler</a>&nbsp;&nbsp;&nbsp;&rArr;&nbsp;&nbsp;&nbsp;<a href="#[13]">PendSV_Handler</a><BR>
 <LI><a href="#[14]">SysTick_Handler</a>&nbsp;&nbsp;&nbsp;&rArr;&nbsp;&nbsp;&nbsp;<a href="#[14]">SysTick_Handler</a><BR>
 <LI><a href="#[1a]">ADC_IRQHandler</a>&nbsp;&nbsp;&nbsp;&rArr;&nbsp;&nbsp;&nbsp;<a href="#[1a]">ADC_IRQHandler</a><BR>
</UL>
<P>
<H3>
Function Pointers
</H3><UL>
 <LI><a href="#[1a]">ADC_IRQHandler</a> from startup_fm33lc0xx.o(.text) referenced from startup_fm33lc0xx.o(RESET)
 <LI><a href="#[28]">AES_IRQHandler</a> from startup_fm33lc0xx.o(.text) referenced from startup_fm33lc0xx.o(RESET)
 <LI><a href="#[31]">ATIM_IRQHandler</a> from startup_fm33lc0xx.o(.text) referenced from startup_fm33lc0xx.o(RESET)
 <LI><a href="#[2d]">BSTIM_IRQHandler</a> from startup_fm33lc0xx.o(.text) referenced from startup_fm33lc0xx.o(RESET)
 <LI><a href="#[2e]">COMPx_IRQHandler</a> from startup_fm33lc0xx.o(.text) referenced from startup_fm33lc0xx.o(RESET)
 <LI><a href="#[2a]">DMA_IRQHandler</a> from startup_fm33lc0xx.o(.text) referenced from startup_fm33lc0xx.o(RESET)
 <LI><a href="#[18]">FLASH_IRQHandler</a> from startup_fm33lc0xx.o(.text) referenced from startup_fm33lc0xx.o(RESET)
 <LI><a href="#[33]">GPIO_IRQHandler</a> from startup_fm33lc0xx.o(.text) referenced from startup_fm33lc0xx.o(RESET)
 <LI><a href="#[2f]">GPTIM0_IRQHandler</a> from startup_fm33lc0xx.o(.text) referenced from startup_fm33lc0xx.o(RESET)
 <LI><a href="#[30]">GPTIM1_IRQHandler</a> from startup_fm33lc0xx.o(.text) referenced from startup_fm33lc0xx.o(RESET)
 <LI><a href="#[23]">HFDET_IRQHandler</a> from mf_config.o(i.HFDET_IRQHandler) referenced from startup_fm33lc0xx.o(RESET)
 <LI><a href="#[11]">HardFault_Handler</a> from startup_fm33lc0xx.o(.text) referenced from startup_fm33lc0xx.o(RESET)
 <LI><a href="#[26]">I2C_IRQHandler</a> from startup_fm33lc0xx.o(.text) referenced from startup_fm33lc0xx.o(RESET)
 <LI><a href="#[1b]">IWDT_IRQHandler</a> from startup_fm33lc0xx.o(.text) referenced from startup_fm33lc0xx.o(RESET)
 <LI><a href="#[1e]">LCD_IRQHandler</a> from startup_fm33lc0xx.o(.text) referenced from startup_fm33lc0xx.o(RESET)
 <LI><a href="#[19]">LFDET_IRQHandler</a> from startup_fm33lc0xx.o(.text) referenced from startup_fm33lc0xx.o(RESET)
 <LI><a href="#[29]">LPTIM_IRQHandler</a> from startup_fm33lc0xx.o(.text) referenced from startup_fm33lc0xx.o(RESET)
 <LI><a href="#[34]">LPUART0_IRQHandler</a> from startup_fm33lc0xx.o(.text) referenced from startup_fm33lc0xx.o(RESET)
 <LI><a href="#[25]">LPUART1_IRQHandler</a> from startup_fm33lc0xx.o(.text) referenced from startup_fm33lc0xx.o(RESET)
 <LI><a href="#[10]">NMI_Handler</a> from startup_fm33lc0xx.o(.text) referenced from startup_fm33lc0xx.o(RESET)
 <LI><a href="#[2c]">OPAx_IRQHandler</a> from startup_fm33lc0xx.o(.text) referenced from startup_fm33lc0xx.o(RESET)
 <LI><a href="#[13]">PendSV_Handler</a> from startup_fm33lc0xx.o(.text) referenced from startup_fm33lc0xx.o(RESET)
 <LI><a href="#[17]">RTC_IRQHandler</a> from startup_fm33lc0xx.o(.text) referenced from startup_fm33lc0xx.o(RESET)
 <LI><a href="#[f]">Reset_Handler</a> from startup_fm33lc0xx.o(.text) referenced from startup_fm33lc0xx.o(RESET)
 <LI><a href="#[1c]">SPI1_IRQHandler</a> from startup_fm33lc0xx.o(.text) referenced from startup_fm33lc0xx.o(RESET)
 <LI><a href="#[1d]">SPI2_IRQHandler</a> from startup_fm33lc0xx.o(.text) referenced from startup_fm33lc0xx.o(RESET)
 <LI><a href="#[12]">SVC_Handler</a> from startup_fm33lc0xx.o(.text) referenced from startup_fm33lc0xx.o(RESET)
 <LI><a href="#[16]">SVD_IRQHandler</a> from startup_fm33lc0xx.o(.text) referenced from startup_fm33lc0xx.o(RESET)
 <LI><a href="#[14]">SysTick_Handler</a> from startup_fm33lc0xx.o(.text) referenced from startup_fm33lc0xx.o(RESET)
 <LI><a href="#[35]">SystemInit</a> from system_fm33lc0xx.o(i.SystemInit) referenced from startup_fm33lc0xx.o(.text)
 <LI><a href="#[24]">U7816_IRQHandler</a> from startup_fm33lc0xx.o(.text) referenced from startup_fm33lc0xx.o(RESET)
 <LI><a href="#[1f]">UART0_IRQHandler</a> from myuart.o(i.UART0_IRQHandler) referenced from startup_fm33lc0xx.o(RESET)
 <LI><a href="#[20]">UART1_IRQHandler</a> from startup_fm33lc0xx.o(.text) referenced from startup_fm33lc0xx.o(RESET)
 <LI><a href="#[21]">UART4_IRQHandler</a> from startup_fm33lc0xx.o(.text) referenced from startup_fm33lc0xx.o(RESET)
 <LI><a href="#[22]">UART5_IRQHandler</a> from startup_fm33lc0xx.o(.text) referenced from startup_fm33lc0xx.o(RESET)
 <LI><a href="#[27]">USB_IRQHandler</a> from startup_fm33lc0xx.o(.text) referenced from startup_fm33lc0xx.o(RESET)
 <LI><a href="#[32]">VREF_IRQHandler</a> from startup_fm33lc0xx.o(.text) referenced from startup_fm33lc0xx.o(RESET)
 <LI><a href="#[2b]">WKUP_IRQHandler</a> from startup_fm33lc0xx.o(.text) referenced from startup_fm33lc0xx.o(RESET)
 <LI><a href="#[15]">WWDT_IRQHandler</a> from startup_fm33lc0xx.o(.text) referenced from startup_fm33lc0xx.o(RESET)
 <LI><a href="#[3d]">__main</a> from __main.o(!!!main) referenced from startup_fm33lc0xx.o(.text)
 <LI><a href="#[3a]">_get_lc_ctype</a> from lc_ctype_c.o(locale$$code) referenced from rt_ctype_table.o(.text)
 <LI><a href="#[3b]">_printf_fp_dec_real</a> from _printf_fp_dec.o(.text) referenced from printf1.o(x$fpl$printf1)
 <LI><a href="#[3c]">_printf_fp_hex_real</a> from _printf_fp_hex.o(.text) referenced from printf2.o(x$fpl$printf2)
 <LI><a href="#[38]">_printf_input_char</a> from _printf_char_common.o(.text) referenced from _printf_char_common.o(.text)
 <LI><a href="#[37]">_sputc</a> from _sputc.o(.text) referenced from vsprintf.o(.text)
 <LI><a href="#[39]">fputc</a> from myuart.o(i.fputc) referenced from _printf_char_file.o(.text)
</UL>
<P>
<H3>
Global Symbols
</H3>
<P><STRONG><a name="[3d]"></a>__main</STRONG> (Thumb, 8 bytes, Stack size 0 bytes, __main.o(!!!main))
<BR><BR>[Calls]<UL><LI><a href="#[3f]">&gt;&gt;</a>&nbsp;&nbsp;&nbsp;__rt_entry
<LI><a href="#[3e]">&gt;&gt;</a>&nbsp;&nbsp;&nbsp;__scatterload
</UL>

<P><STRONG><a name="[3e]"></a>__scatterload</STRONG> (Thumb, 0 bytes, Stack size unknown bytes, __scatter.o(!!!scatter))
<BR><BR>[Called By]<UL><LI><a href="#[3d]">&gt;&gt;</a>&nbsp;&nbsp;&nbsp;__main
</UL>

<P><STRONG><a name="[40]"></a>__scatterload_rt2</STRONG> (Thumb, 52 bytes, Stack size unknown bytes, __scatter.o(!!!scatter), UNUSED)
<BR><BR>[Calls]<UL><LI><a href="#[3f]">&gt;&gt;</a>&nbsp;&nbsp;&nbsp;__rt_entry
</UL>

<P><STRONG><a name="[145]"></a>__scatterload_rt2_thumb_only</STRONG> (Thumb, 0 bytes, Stack size unknown bytes, __scatter.o(!!!scatter), UNUSED)

<P><STRONG><a name="[146]"></a>__scatterload_null</STRONG> (Thumb, 0 bytes, Stack size unknown bytes, __scatter.o(!!!scatter), UNUSED)

<P><STRONG><a name="[41]"></a>__scatterload_copy</STRONG> (Thumb, 26 bytes, Stack size unknown bytes, __scatter_copy.o(!!handler_copy), UNUSED)
<BR><BR>[Calls]<UL><LI><a href="#[41]">&gt;&gt;</a>&nbsp;&nbsp;&nbsp;__scatterload_copy
</UL>
<BR>[Called By]<UL><LI><a href="#[41]">&gt;&gt;</a>&nbsp;&nbsp;&nbsp;__scatterload_copy
</UL>

<P><STRONG><a name="[147]"></a>__scatterload_zeroinit</STRONG> (Thumb, 28 bytes, Stack size unknown bytes, __scatter_zi.o(!!handler_zi), UNUSED)

<P><STRONG><a name="[83]"></a>_printf_percent</STRONG> (Thumb, 0 bytes, Stack size unknown bytes, _printf_percent.o(.ARM.Collect$$_printf_percent$$00000000))
<BR><BR>[Called By]<UL><LI><a href="#[81]">&gt;&gt;</a>&nbsp;&nbsp;&nbsp;__printf
</UL>

<P><STRONG><a name="[42]"></a>_printf_n</STRONG> (Thumb, 0 bytes, Stack size unknown bytes, _printf_n.o(.ARM.Collect$$_printf_percent$$00000001))
<BR><BR>[Stack]<UL><LI>Max Depth = 96 + Unknown Stack Size
<LI>Call Chain = _printf_n &rArr; _printf_p &rArr; _printf_f &rArr; _printf_e &rArr; _printf_g &rArr; _printf_a &rArr; _printf_ll &rArr; _printf_i &rArr; _printf_d &rArr; _printf_u &rArr; _printf_o &rArr; _printf_x &rArr; _printf_int_hex &rArr; _printf_longlong_hex &rArr; _printf_int_common &rArr; _printf_post_padding
</UL>
<BR>[Calls]<UL><LI><a href="#[43]">&gt;&gt;</a>&nbsp;&nbsp;&nbsp;_printf_p
<LI><a href="#[44]">&gt;&gt;</a>&nbsp;&nbsp;&nbsp;_printf_charcount
</UL>

<P><STRONG><a name="[43]"></a>_printf_p</STRONG> (Thumb, 0 bytes, Stack size unknown bytes, _printf_p.o(.ARM.Collect$$_printf_percent$$00000002))
<BR><BR>[Stack]<UL><LI>Max Depth = 96 + Unknown Stack Size
<LI>Call Chain = _printf_p &rArr; _printf_f &rArr; _printf_e &rArr; _printf_g &rArr; _printf_a &rArr; _printf_ll &rArr; _printf_i &rArr; _printf_d &rArr; _printf_u &rArr; _printf_o &rArr; _printf_x &rArr; _printf_int_hex &rArr; _printf_longlong_hex &rArr; _printf_int_common &rArr; _printf_post_padding
</UL>
<BR>[Calls]<UL><LI><a href="#[46]">&gt;&gt;</a>&nbsp;&nbsp;&nbsp;_printf_hex_ptr
<LI><a href="#[45]">&gt;&gt;</a>&nbsp;&nbsp;&nbsp;_printf_f
</UL>
<BR>[Called By]<UL><LI><a href="#[42]">&gt;&gt;</a>&nbsp;&nbsp;&nbsp;_printf_n
</UL>

<P><STRONG><a name="[45]"></a>_printf_f</STRONG> (Thumb, 0 bytes, Stack size unknown bytes, _printf_f.o(.ARM.Collect$$_printf_percent$$00000003))
<BR><BR>[Stack]<UL><LI>Max Depth = 96 + Unknown Stack Size
<LI>Call Chain = _printf_f &rArr; _printf_e &rArr; _printf_g &rArr; _printf_a &rArr; _printf_ll &rArr; _printf_i &rArr; _printf_d &rArr; _printf_u &rArr; _printf_o &rArr; _printf_x &rArr; _printf_int_hex &rArr; _printf_longlong_hex &rArr; _printf_int_common &rArr; _printf_post_padding
</UL>
<BR>[Calls]<UL><LI><a href="#[47]">&gt;&gt;</a>&nbsp;&nbsp;&nbsp;_printf_e
<LI><a href="#[48]">&gt;&gt;</a>&nbsp;&nbsp;&nbsp;_printf_fp_dec
</UL>
<BR>[Called By]<UL><LI><a href="#[43]">&gt;&gt;</a>&nbsp;&nbsp;&nbsp;_printf_p
</UL>

<P><STRONG><a name="[47]"></a>_printf_e</STRONG> (Thumb, 0 bytes, Stack size unknown bytes, _printf_e.o(.ARM.Collect$$_printf_percent$$00000004))
<BR><BR>[Stack]<UL><LI>Max Depth = 96 + Unknown Stack Size
<LI>Call Chain = _printf_e &rArr; _printf_g &rArr; _printf_a &rArr; _printf_ll &rArr; _printf_i &rArr; _printf_d &rArr; _printf_u &rArr; _printf_o &rArr; _printf_x &rArr; _printf_int_hex &rArr; _printf_longlong_hex &rArr; _printf_int_common &rArr; _printf_post_padding
</UL>
<BR>[Calls]<UL><LI><a href="#[49]">&gt;&gt;</a>&nbsp;&nbsp;&nbsp;_printf_g
<LI><a href="#[48]">&gt;&gt;</a>&nbsp;&nbsp;&nbsp;_printf_fp_dec
</UL>
<BR>[Called By]<UL><LI><a href="#[45]">&gt;&gt;</a>&nbsp;&nbsp;&nbsp;_printf_f
</UL>

<P><STRONG><a name="[49]"></a>_printf_g</STRONG> (Thumb, 0 bytes, Stack size unknown bytes, _printf_g.o(.ARM.Collect$$_printf_percent$$00000005))
<BR><BR>[Stack]<UL><LI>Max Depth = 96 + Unknown Stack Size
<LI>Call Chain = _printf_g &rArr; _printf_a &rArr; _printf_ll &rArr; _printf_i &rArr; _printf_d &rArr; _printf_u &rArr; _printf_o &rArr; _printf_x &rArr; _printf_int_hex &rArr; _printf_longlong_hex &rArr; _printf_int_common &rArr; _printf_post_padding
</UL>
<BR>[Calls]<UL><LI><a href="#[4a]">&gt;&gt;</a>&nbsp;&nbsp;&nbsp;_printf_a
<LI><a href="#[48]">&gt;&gt;</a>&nbsp;&nbsp;&nbsp;_printf_fp_dec
</UL>
<BR>[Called By]<UL><LI><a href="#[47]">&gt;&gt;</a>&nbsp;&nbsp;&nbsp;_printf_e
</UL>

<P><STRONG><a name="[4a]"></a>_printf_a</STRONG> (Thumb, 0 bytes, Stack size unknown bytes, _printf_a.o(.ARM.Collect$$_printf_percent$$00000006))
<BR><BR>[Stack]<UL><LI>Max Depth = 96 + Unknown Stack Size
<LI>Call Chain = _printf_a &rArr; _printf_ll &rArr; _printf_i &rArr; _printf_d &rArr; _printf_u &rArr; _printf_o &rArr; _printf_x &rArr; _printf_int_hex &rArr; _printf_longlong_hex &rArr; _printf_int_common &rArr; _printf_post_padding
</UL>
<BR>[Calls]<UL><LI><a href="#[4c]">&gt;&gt;</a>&nbsp;&nbsp;&nbsp;_printf_fp_hex
<LI><a href="#[4b]">&gt;&gt;</a>&nbsp;&nbsp;&nbsp;_printf_ll
</UL>
<BR>[Called By]<UL><LI><a href="#[49]">&gt;&gt;</a>&nbsp;&nbsp;&nbsp;_printf_g
</UL>

<P><STRONG><a name="[4b]"></a>_printf_ll</STRONG> (Thumb, 0 bytes, Stack size unknown bytes, _printf_ll.o(.ARM.Collect$$_printf_percent$$00000007))
<BR><BR>[Stack]<UL><LI>Max Depth = 96 + Unknown Stack Size
<LI>Call Chain = _printf_ll &rArr; _printf_i &rArr; _printf_d &rArr; _printf_u &rArr; _printf_o &rArr; _printf_x &rArr; _printf_int_hex &rArr; _printf_longlong_hex &rArr; _printf_int_common &rArr; _printf_post_padding
</UL>
<BR>[Calls]<UL><LI><a href="#[4d]">&gt;&gt;</a>&nbsp;&nbsp;&nbsp;_printf_i
</UL>
<BR>[Called By]<UL><LI><a href="#[4a]">&gt;&gt;</a>&nbsp;&nbsp;&nbsp;_printf_a
</UL>

<P><STRONG><a name="[4d]"></a>_printf_i</STRONG> (Thumb, 0 bytes, Stack size unknown bytes, _printf_i.o(.ARM.Collect$$_printf_percent$$00000008))
<BR><BR>[Stack]<UL><LI>Max Depth = 96 + Unknown Stack Size
<LI>Call Chain = _printf_i &rArr; _printf_d &rArr; _printf_u &rArr; _printf_o &rArr; _printf_x &rArr; _printf_int_hex &rArr; _printf_longlong_hex &rArr; _printf_int_common &rArr; _printf_post_padding
</UL>
<BR>[Calls]<UL><LI><a href="#[4e]">&gt;&gt;</a>&nbsp;&nbsp;&nbsp;_printf_d
<LI><a href="#[4f]">&gt;&gt;</a>&nbsp;&nbsp;&nbsp;_printf_int_dec
</UL>
<BR>[Called By]<UL><LI><a href="#[4b]">&gt;&gt;</a>&nbsp;&nbsp;&nbsp;_printf_ll
</UL>

<P><STRONG><a name="[4e]"></a>_printf_d</STRONG> (Thumb, 0 bytes, Stack size unknown bytes, _printf_d.o(.ARM.Collect$$_printf_percent$$00000009))
<BR><BR>[Stack]<UL><LI>Max Depth = 96 + Unknown Stack Size
<LI>Call Chain = _printf_d &rArr; _printf_u &rArr; _printf_o &rArr; _printf_x &rArr; _printf_int_hex &rArr; _printf_longlong_hex &rArr; _printf_int_common &rArr; _printf_post_padding
</UL>
<BR>[Calls]<UL><LI><a href="#[50]">&gt;&gt;</a>&nbsp;&nbsp;&nbsp;_printf_u
<LI><a href="#[4f]">&gt;&gt;</a>&nbsp;&nbsp;&nbsp;_printf_int_dec
</UL>
<BR>[Called By]<UL><LI><a href="#[4d]">&gt;&gt;</a>&nbsp;&nbsp;&nbsp;_printf_i
</UL>

<P><STRONG><a name="[50]"></a>_printf_u</STRONG> (Thumb, 0 bytes, Stack size unknown bytes, _printf_u.o(.ARM.Collect$$_printf_percent$$0000000A))
<BR><BR>[Stack]<UL><LI>Max Depth = 96 + Unknown Stack Size
<LI>Call Chain = _printf_u &rArr; _printf_o &rArr; _printf_x &rArr; _printf_int_hex &rArr; _printf_longlong_hex &rArr; _printf_int_common &rArr; _printf_post_padding
</UL>
<BR>[Calls]<UL><LI><a href="#[51]">&gt;&gt;</a>&nbsp;&nbsp;&nbsp;_printf_o
<LI><a href="#[4f]">&gt;&gt;</a>&nbsp;&nbsp;&nbsp;_printf_int_dec
</UL>
<BR>[Called By]<UL><LI><a href="#[4e]">&gt;&gt;</a>&nbsp;&nbsp;&nbsp;_printf_d
</UL>

<P><STRONG><a name="[51]"></a>_printf_o</STRONG> (Thumb, 0 bytes, Stack size unknown bytes, _printf_o.o(.ARM.Collect$$_printf_percent$$0000000B))
<BR><BR>[Stack]<UL><LI>Max Depth = 96 + Unknown Stack Size
<LI>Call Chain = _printf_o &rArr; _printf_x &rArr; _printf_int_hex &rArr; _printf_longlong_hex &rArr; _printf_int_common &rArr; _printf_post_padding
</UL>
<BR>[Calls]<UL><LI><a href="#[52]">&gt;&gt;</a>&nbsp;&nbsp;&nbsp;_printf_x
<LI><a href="#[53]">&gt;&gt;</a>&nbsp;&nbsp;&nbsp;_printf_int_oct
</UL>
<BR>[Called By]<UL><LI><a href="#[50]">&gt;&gt;</a>&nbsp;&nbsp;&nbsp;_printf_u
</UL>

<P><STRONG><a name="[52]"></a>_printf_x</STRONG> (Thumb, 0 bytes, Stack size unknown bytes, _printf_x.o(.ARM.Collect$$_printf_percent$$0000000C))
<BR><BR>[Stack]<UL><LI>Max Depth = 96 + Unknown Stack Size
<LI>Call Chain = _printf_x &rArr; _printf_int_hex &rArr; _printf_longlong_hex &rArr; _printf_int_common &rArr; _printf_post_padding
</UL>
<BR>[Calls]<UL><LI><a href="#[54]">&gt;&gt;</a>&nbsp;&nbsp;&nbsp;_printf_lli
<LI><a href="#[55]">&gt;&gt;</a>&nbsp;&nbsp;&nbsp;_printf_int_hex
</UL>
<BR>[Called By]<UL><LI><a href="#[51]">&gt;&gt;</a>&nbsp;&nbsp;&nbsp;_printf_o
</UL>

<P><STRONG><a name="[54]"></a>_printf_lli</STRONG> (Thumb, 0 bytes, Stack size unknown bytes, _printf_lli.o(.ARM.Collect$$_printf_percent$$0000000D))
<BR><BR>[Stack]<UL><LI>Max Depth = 88 + Unknown Stack Size
<LI>Call Chain = _printf_lli &rArr; _printf_lld &rArr; _printf_llu &rArr; _printf_llo &rArr; _printf_llx &rArr; _printf_l &rArr; _printf_c &rArr; _printf_s &rArr; _printf_lc &rArr; _printf_wchar &rArr; _printf_lcs_common &rArr; _printf_wctomb &rArr; _wcrtomb &rArr; __rt_ctype_table
</UL>
<BR>[Calls]<UL><LI><a href="#[56]">&gt;&gt;</a>&nbsp;&nbsp;&nbsp;_printf_lld
<LI><a href="#[57]">&gt;&gt;</a>&nbsp;&nbsp;&nbsp;_printf_longlong_dec
</UL>
<BR>[Called By]<UL><LI><a href="#[52]">&gt;&gt;</a>&nbsp;&nbsp;&nbsp;_printf_x
</UL>

<P><STRONG><a name="[56]"></a>_printf_lld</STRONG> (Thumb, 0 bytes, Stack size unknown bytes, _printf_lld.o(.ARM.Collect$$_printf_percent$$0000000E))
<BR><BR>[Stack]<UL><LI>Max Depth = 88 + Unknown Stack Size
<LI>Call Chain = _printf_lld &rArr; _printf_llu &rArr; _printf_llo &rArr; _printf_llx &rArr; _printf_l &rArr; _printf_c &rArr; _printf_s &rArr; _printf_lc &rArr; _printf_wchar &rArr; _printf_lcs_common &rArr; _printf_wctomb &rArr; _wcrtomb &rArr; __rt_ctype_table
</UL>
<BR>[Calls]<UL><LI><a href="#[58]">&gt;&gt;</a>&nbsp;&nbsp;&nbsp;_printf_llu
<LI><a href="#[57]">&gt;&gt;</a>&nbsp;&nbsp;&nbsp;_printf_longlong_dec
</UL>
<BR>[Called By]<UL><LI><a href="#[54]">&gt;&gt;</a>&nbsp;&nbsp;&nbsp;_printf_lli
</UL>

<P><STRONG><a name="[58]"></a>_printf_llu</STRONG> (Thumb, 0 bytes, Stack size unknown bytes, _printf_llu.o(.ARM.Collect$$_printf_percent$$0000000F))
<BR><BR>[Stack]<UL><LI>Max Depth = 88 + Unknown Stack Size
<LI>Call Chain = _printf_llu &rArr; _printf_llo &rArr; _printf_llx &rArr; _printf_l &rArr; _printf_c &rArr; _printf_s &rArr; _printf_lc &rArr; _printf_wchar &rArr; _printf_lcs_common &rArr; _printf_wctomb &rArr; _wcrtomb &rArr; __rt_ctype_table
</UL>
<BR>[Calls]<UL><LI><a href="#[59]">&gt;&gt;</a>&nbsp;&nbsp;&nbsp;_printf_llo
<LI><a href="#[57]">&gt;&gt;</a>&nbsp;&nbsp;&nbsp;_printf_longlong_dec
</UL>
<BR>[Called By]<UL><LI><a href="#[56]">&gt;&gt;</a>&nbsp;&nbsp;&nbsp;_printf_lld
</UL>

<P><STRONG><a name="[59]"></a>_printf_llo</STRONG> (Thumb, 0 bytes, Stack size unknown bytes, _printf_llo.o(.ARM.Collect$$_printf_percent$$00000010))
<BR><BR>[Stack]<UL><LI>Max Depth = 88 + Unknown Stack Size
<LI>Call Chain = _printf_llo &rArr; _printf_llx &rArr; _printf_l &rArr; _printf_c &rArr; _printf_s &rArr; _printf_lc &rArr; _printf_wchar &rArr; _printf_lcs_common &rArr; _printf_wctomb &rArr; _wcrtomb &rArr; __rt_ctype_table
</UL>
<BR>[Calls]<UL><LI><a href="#[5a]">&gt;&gt;</a>&nbsp;&nbsp;&nbsp;_printf_llx
<LI><a href="#[5b]">&gt;&gt;</a>&nbsp;&nbsp;&nbsp;_printf_ll_oct
</UL>
<BR>[Called By]<UL><LI><a href="#[58]">&gt;&gt;</a>&nbsp;&nbsp;&nbsp;_printf_llu
</UL>

<P><STRONG><a name="[5a]"></a>_printf_llx</STRONG> (Thumb, 0 bytes, Stack size unknown bytes, _printf_llx.o(.ARM.Collect$$_printf_percent$$00000011))
<BR><BR>[Stack]<UL><LI>Max Depth = 88 + Unknown Stack Size
<LI>Call Chain = _printf_llx &rArr; _printf_l &rArr; _printf_c &rArr; _printf_s &rArr; _printf_lc &rArr; _printf_wchar &rArr; _printf_lcs_common &rArr; _printf_wctomb &rArr; _wcrtomb &rArr; __rt_ctype_table
</UL>
<BR>[Calls]<UL><LI><a href="#[5c]">&gt;&gt;</a>&nbsp;&nbsp;&nbsp;_printf_l
<LI><a href="#[5d]">&gt;&gt;</a>&nbsp;&nbsp;&nbsp;_printf_ll_hex
</UL>
<BR>[Called By]<UL><LI><a href="#[59]">&gt;&gt;</a>&nbsp;&nbsp;&nbsp;_printf_llo
</UL>

<P><STRONG><a name="[5c]"></a>_printf_l</STRONG> (Thumb, 0 bytes, Stack size unknown bytes, _printf_l.o(.ARM.Collect$$_printf_percent$$00000012))
<BR><BR>[Stack]<UL><LI>Max Depth = 88 + Unknown Stack Size
<LI>Call Chain = _printf_l &rArr; _printf_c &rArr; _printf_s &rArr; _printf_lc &rArr; _printf_wchar &rArr; _printf_lcs_common &rArr; _printf_wctomb &rArr; _wcrtomb &rArr; __rt_ctype_table
</UL>
<BR>[Calls]<UL><LI><a href="#[5e]">&gt;&gt;</a>&nbsp;&nbsp;&nbsp;_printf_c
</UL>
<BR>[Called By]<UL><LI><a href="#[5a]">&gt;&gt;</a>&nbsp;&nbsp;&nbsp;_printf_llx
</UL>

<P><STRONG><a name="[5e]"></a>_printf_c</STRONG> (Thumb, 0 bytes, Stack size unknown bytes, _printf_c.o(.ARM.Collect$$_printf_percent$$00000013))
<BR><BR>[Stack]<UL><LI>Max Depth = 88 + Unknown Stack Size
<LI>Call Chain = _printf_c &rArr; _printf_s &rArr; _printf_lc &rArr; _printf_wchar &rArr; _printf_lcs_common &rArr; _printf_wctomb &rArr; _wcrtomb &rArr; __rt_ctype_table
</UL>
<BR>[Calls]<UL><LI><a href="#[60]">&gt;&gt;</a>&nbsp;&nbsp;&nbsp;_printf_char
<LI><a href="#[5f]">&gt;&gt;</a>&nbsp;&nbsp;&nbsp;_printf_s
</UL>
<BR>[Called By]<UL><LI><a href="#[5c]">&gt;&gt;</a>&nbsp;&nbsp;&nbsp;_printf_l
</UL>

<P><STRONG><a name="[5f]"></a>_printf_s</STRONG> (Thumb, 0 bytes, Stack size unknown bytes, _printf_s.o(.ARM.Collect$$_printf_percent$$00000014))
<BR><BR>[Stack]<UL><LI>Max Depth = 88 + Unknown Stack Size
<LI>Call Chain = _printf_s &rArr; _printf_lc &rArr; _printf_wchar &rArr; _printf_lcs_common &rArr; _printf_wctomb &rArr; _wcrtomb &rArr; __rt_ctype_table
</UL>
<BR>[Calls]<UL><LI><a href="#[62]">&gt;&gt;</a>&nbsp;&nbsp;&nbsp;_printf_string
<LI><a href="#[61]">&gt;&gt;</a>&nbsp;&nbsp;&nbsp;_printf_lc
</UL>
<BR>[Called By]<UL><LI><a href="#[5e]">&gt;&gt;</a>&nbsp;&nbsp;&nbsp;_printf_c
</UL>

<P><STRONG><a name="[61]"></a>_printf_lc</STRONG> (Thumb, 0 bytes, Stack size unknown bytes, _printf_lc.o(.ARM.Collect$$_printf_percent$$00000015))
<BR><BR>[Stack]<UL><LI>Max Depth = 88 + Unknown Stack Size
<LI>Call Chain = _printf_lc &rArr; _printf_wchar &rArr; _printf_lcs_common &rArr; _printf_wctomb &rArr; _wcrtomb &rArr; __rt_ctype_table
</UL>
<BR>[Calls]<UL><LI><a href="#[64]">&gt;&gt;</a>&nbsp;&nbsp;&nbsp;_printf_wchar
<LI><a href="#[63]">&gt;&gt;</a>&nbsp;&nbsp;&nbsp;_printf_ls
</UL>
<BR>[Called By]<UL><LI><a href="#[5f]">&gt;&gt;</a>&nbsp;&nbsp;&nbsp;_printf_s
</UL>

<P><STRONG><a name="[63]"></a>_printf_ls</STRONG> (Thumb, 0 bytes, Stack size unknown bytes, _printf_ls.o(.ARM.Collect$$_printf_percent$$00000016))
<BR><BR>[Stack]<UL><LI>Max Depth = 88 + Unknown Stack Size
<LI>Call Chain = _printf_ls &rArr; _printf_wstring &rArr; _printf_lcs_common &rArr; _printf_wctomb &rArr; _wcrtomb &rArr; __rt_ctype_table
</UL>
<BR>[Calls]<UL><LI><a href="#[66]">&gt;&gt;</a>&nbsp;&nbsp;&nbsp;_printf_wstring
<LI><a href="#[65]">&gt;&gt;</a>&nbsp;&nbsp;&nbsp;_printf_percent_end
</UL>
<BR>[Called By]<UL><LI><a href="#[61]">&gt;&gt;</a>&nbsp;&nbsp;&nbsp;_printf_lc
</UL>

<P><STRONG><a name="[65]"></a>_printf_percent_end</STRONG> (Thumb, 0 bytes, Stack size unknown bytes, _printf_percent_end.o(.ARM.Collect$$_printf_percent$$00000017))
<BR><BR>[Called By]<UL><LI><a href="#[63]">&gt;&gt;</a>&nbsp;&nbsp;&nbsp;_printf_ls
</UL>

<P><STRONG><a name="[75]"></a>__rt_lib_init</STRONG> (Thumb, 0 bytes, Stack size unknown bytes, libinit.o(.ARM.Collect$$libinit$$00000000))
<BR><BR>[Called By]<UL><LI><a href="#[74]">&gt;&gt;</a>&nbsp;&nbsp;&nbsp;__rt_entry_li
</UL>

<P><STRONG><a name="[148]"></a>__rt_lib_init_fp_1</STRONG> (Thumb, 0 bytes, Stack size unknown bytes, libinit2.o(.ARM.Collect$$libinit$$00000002))

<P><STRONG><a name="[67]"></a>__rt_lib_init_heap_2</STRONG> (Thumb, 0 bytes, Stack size unknown bytes, libinit2.o(.ARM.Collect$$libinit$$00000005))
<BR><BR>[Stack]<UL><LI>Max Depth = 64 + Unknown Stack Size
<LI>Call Chain = __rt_lib_init_heap_2 &rArr; _init_alloc &rArr; __rt_SIGRTMEM &rArr; __rt_SIGRTMEM_inner &rArr; __default_signal_display &rArr; _ttywrch
</UL>
<BR>[Calls]<UL><LI><a href="#[68]">&gt;&gt;</a>&nbsp;&nbsp;&nbsp;_init_alloc
</UL>

<P><STRONG><a name="[149]"></a>__rt_lib_init_preinit_1</STRONG> (Thumb, 0 bytes, Stack size unknown bytes, libinit2.o(.ARM.Collect$$libinit$$00000004))

<P><STRONG><a name="[14a]"></a>__rt_lib_init_heap_1</STRONG> (Thumb, 0 bytes, Stack size unknown bytes, libinit2.o(.ARM.Collect$$libinit$$0000000A))

<P><STRONG><a name="[69]"></a>__rt_lib_init_lc_common</STRONG> (Thumb, 0 bytes, Stack size unknown bytes, libinit2.o(.ARM.Collect$$libinit$$0000000F))
<BR><BR>[Calls]<UL><LI><a href="#[6a]">&gt;&gt;</a>&nbsp;&nbsp;&nbsp;__rt_locale
</UL>

<P><STRONG><a name="[14b]"></a>__rt_lib_init_rand_1</STRONG> (Thumb, 0 bytes, Stack size unknown bytes, libinit2.o(.ARM.Collect$$libinit$$0000000E))

<P><STRONG><a name="[14c]"></a>__rt_lib_init_user_alloc_1</STRONG> (Thumb, 0 bytes, Stack size unknown bytes, libinit2.o(.ARM.Collect$$libinit$$0000000C))

<P><STRONG><a name="[14d]"></a>__rt_lib_init_lc_collate_1</STRONG> (Thumb, 0 bytes, Stack size unknown bytes, libinit2.o(.ARM.Collect$$libinit$$00000011))

<P><STRONG><a name="[6b]"></a>__rt_lib_init_lc_ctype_2</STRONG> (Thumb, 0 bytes, Stack size unknown bytes, libinit2.o(.ARM.Collect$$libinit$$00000012))
<BR><BR>[Stack]<UL><LI>Max Depth = 24 + Unknown Stack Size
<LI>Call Chain = __rt_lib_init_lc_ctype_2 &rArr; _get_lc_ctype &rArr; strcmp
</UL>
<BR>[Calls]<UL><LI><a href="#[3a]">&gt;&gt;</a>&nbsp;&nbsp;&nbsp;_get_lc_ctype
</UL>

<P><STRONG><a name="[14e]"></a>__rt_lib_init_lc_ctype_1</STRONG> (Thumb, 0 bytes, Stack size unknown bytes, libinit2.o(.ARM.Collect$$libinit$$00000013))

<P><STRONG><a name="[14f]"></a>__rt_lib_init_lc_monetary_1</STRONG> (Thumb, 0 bytes, Stack size unknown bytes, libinit2.o(.ARM.Collect$$libinit$$00000015))

<P><STRONG><a name="[6c]"></a>__rt_lib_init_lc_numeric_2</STRONG> (Thumb, 0 bytes, Stack size unknown bytes, libinit2.o(.ARM.Collect$$libinit$$00000016))
<BR><BR>[Stack]<UL><LI>Max Depth = 24 + Unknown Stack Size
<LI>Call Chain = __rt_lib_init_lc_numeric_2 &rArr; _get_lc_numeric &rArr; strcmp
</UL>
<BR>[Calls]<UL><LI><a href="#[6d]">&gt;&gt;</a>&nbsp;&nbsp;&nbsp;_get_lc_numeric
</UL>

<P><STRONG><a name="[150]"></a>__rt_lib_init_atexit_1</STRONG> (Thumb, 0 bytes, Stack size unknown bytes, libinit2.o(.ARM.Collect$$libinit$$0000001B))

<P><STRONG><a name="[151]"></a>__rt_lib_init_clock_1</STRONG> (Thumb, 0 bytes, Stack size unknown bytes, libinit2.o(.ARM.Collect$$libinit$$00000021))

<P><STRONG><a name="[152]"></a>__rt_lib_init_fp_trap_1</STRONG> (Thumb, 0 bytes, Stack size unknown bytes, libinit2.o(.ARM.Collect$$libinit$$0000001F))

<P><STRONG><a name="[153]"></a>__rt_lib_init_getenv_1</STRONG> (Thumb, 0 bytes, Stack size unknown bytes, libinit2.o(.ARM.Collect$$libinit$$00000023))

<P><STRONG><a name="[154]"></a>__rt_lib_init_lc_numeric_1</STRONG> (Thumb, 0 bytes, Stack size unknown bytes, libinit2.o(.ARM.Collect$$libinit$$00000017))

<P><STRONG><a name="[155]"></a>__rt_lib_init_lc_time_1</STRONG> (Thumb, 0 bytes, Stack size unknown bytes, libinit2.o(.ARM.Collect$$libinit$$00000019))

<P><STRONG><a name="[156]"></a>__rt_lib_init_signal_1</STRONG> (Thumb, 0 bytes, Stack size unknown bytes, libinit2.o(.ARM.Collect$$libinit$$0000001D))

<P><STRONG><a name="[6e]"></a>__rt_lib_init_stdio_2</STRONG> (Thumb, 0 bytes, Stack size unknown bytes, libinit2.o(.ARM.Collect$$libinit$$00000024))
<BR><BR>[Stack]<UL><LI>Max Depth = 144 + Unknown Stack Size
<LI>Call Chain = __rt_lib_init_stdio_2 &rArr; _initio &rArr; freopen &rArr; _fclose_internal &rArr; _fflush &rArr; _writebuf &rArr; _sys_write
</UL>
<BR>[Calls]<UL><LI><a href="#[6f]">&gt;&gt;</a>&nbsp;&nbsp;&nbsp;_initio
</UL>

<P><STRONG><a name="[157]"></a>__rt_lib_init_alloca_1</STRONG> (Thumb, 0 bytes, Stack size unknown bytes, libinit2.o(.ARM.Collect$$libinit$$0000002E))

<P><STRONG><a name="[158]"></a>__rt_lib_init_argv_1</STRONG> (Thumb, 0 bytes, Stack size unknown bytes, libinit2.o(.ARM.Collect$$libinit$$0000002C))

<P><STRONG><a name="[159]"></a>__rt_lib_init_cpp_1</STRONG> (Thumb, 0 bytes, Stack size unknown bytes, libinit2.o(.ARM.Collect$$libinit$$00000032))

<P><STRONG><a name="[15a]"></a>__rt_lib_init_exceptions_1</STRONG> (Thumb, 0 bytes, Stack size unknown bytes, libinit2.o(.ARM.Collect$$libinit$$00000030))

<P><STRONG><a name="[15b]"></a>__rt_lib_init_return</STRONG> (Thumb, 0 bytes, Stack size unknown bytes, libinit2.o(.ARM.Collect$$libinit$$00000033))

<P><STRONG><a name="[15c]"></a>__rt_lib_init_stdio_1</STRONG> (Thumb, 0 bytes, Stack size unknown bytes, libinit2.o(.ARM.Collect$$libinit$$00000025))

<P><STRONG><a name="[7a]"></a>__rt_lib_shutdown</STRONG> (Thumb, 0 bytes, Stack size unknown bytes, libshutdown.o(.ARM.Collect$$libshutdown$$00000000))
<BR><BR>[Called By]<UL><LI><a href="#[79]">&gt;&gt;</a>&nbsp;&nbsp;&nbsp;__rt_exit_ls
</UL>

<P><STRONG><a name="[15d]"></a>__rt_lib_shutdown_cpp_1</STRONG> (Thumb, 0 bytes, Stack size unknown bytes, libshutdown2.o(.ARM.Collect$$libshutdown$$00000002))

<P><STRONG><a name="[70]"></a>__rt_lib_shutdown_stdio_2</STRONG> (Thumb, 0 bytes, Stack size unknown bytes, libshutdown2.o(.ARM.Collect$$libshutdown$$00000003))
<BR><BR>[Stack]<UL><LI>Max Depth = 120 + Unknown Stack Size
<LI>Call Chain = __rt_lib_shutdown_stdio_2 &rArr; _terminateio &rArr; _fclose_internal &rArr; _fflush &rArr; _writebuf &rArr; _sys_write
</UL>
<BR>[Calls]<UL><LI><a href="#[71]">&gt;&gt;</a>&nbsp;&nbsp;&nbsp;_terminateio
</UL>

<P><STRONG><a name="[15e]"></a>__rt_lib_shutdown_fp_trap_1</STRONG> (Thumb, 0 bytes, Stack size unknown bytes, libshutdown2.o(.ARM.Collect$$libshutdown$$00000007))

<P><STRONG><a name="[15f]"></a>__rt_lib_shutdown_heap_1</STRONG> (Thumb, 0 bytes, Stack size unknown bytes, libshutdown2.o(.ARM.Collect$$libshutdown$$0000000F))

<P><STRONG><a name="[160]"></a>__rt_lib_shutdown_return</STRONG> (Thumb, 0 bytes, Stack size unknown bytes, libshutdown2.o(.ARM.Collect$$libshutdown$$00000010))

<P><STRONG><a name="[161]"></a>__rt_lib_shutdown_signal_1</STRONG> (Thumb, 0 bytes, Stack size unknown bytes, libshutdown2.o(.ARM.Collect$$libshutdown$$0000000A))

<P><STRONG><a name="[162]"></a>__rt_lib_shutdown_stdio_1</STRONG> (Thumb, 0 bytes, Stack size unknown bytes, libshutdown2.o(.ARM.Collect$$libshutdown$$00000004))

<P><STRONG><a name="[163]"></a>__rt_lib_shutdown_user_alloc_1</STRONG> (Thumb, 0 bytes, Stack size unknown bytes, libshutdown2.o(.ARM.Collect$$libshutdown$$0000000C))

<P><STRONG><a name="[3f]"></a>__rt_entry</STRONG> (Thumb, 0 bytes, Stack size unknown bytes, __rtentry.o(.ARM.Collect$$rtentry$$00000000))
<BR><BR>[Called By]<UL><LI><a href="#[3d]">&gt;&gt;</a>&nbsp;&nbsp;&nbsp;__main
<LI><a href="#[40]">&gt;&gt;</a>&nbsp;&nbsp;&nbsp;__scatterload_rt2
</UL>

<P><STRONG><a name="[164]"></a>__rt_entry_presh_1</STRONG> (Thumb, 0 bytes, Stack size unknown bytes, __rtentry2.o(.ARM.Collect$$rtentry$$00000002))

<P><STRONG><a name="[72]"></a>__rt_entry_sh</STRONG> (Thumb, 0 bytes, Stack size unknown bytes, __rtentry4.o(.ARM.Collect$$rtentry$$00000004))
<BR><BR>[Stack]<UL><LI>Max Depth = 8 + Unknown Stack Size
<LI>Call Chain = __rt_entry_sh &rArr; __user_setup_stackheap
</UL>
<BR>[Calls]<UL><LI><a href="#[73]">&gt;&gt;</a>&nbsp;&nbsp;&nbsp;__user_setup_stackheap
</UL>

<P><STRONG><a name="[74]"></a>__rt_entry_li</STRONG> (Thumb, 0 bytes, Stack size unknown bytes, __rtentry2.o(.ARM.Collect$$rtentry$$0000000A))
<BR><BR>[Calls]<UL><LI><a href="#[75]">&gt;&gt;</a>&nbsp;&nbsp;&nbsp;__rt_lib_init
</UL>

<P><STRONG><a name="[165]"></a>__rt_entry_postsh_1</STRONG> (Thumb, 0 bytes, Stack size unknown bytes, __rtentry2.o(.ARM.Collect$$rtentry$$00000009))

<P><STRONG><a name="[76]"></a>__rt_entry_main</STRONG> (Thumb, 0 bytes, Stack size unknown bytes, __rtentry2.o(.ARM.Collect$$rtentry$$0000000D))
<BR><BR>[Stack]<UL><LI>Max Depth = 336 + Unknown Stack Size
<LI>Call Chain = __rt_entry_main &rArr; main &rArr; SetPhaseVoltage &rArr; sin &rArr; __ieee754_rem_pio2 &rArr; __aeabi_dmul
</UL>
<BR>[Calls]<UL><LI><a href="#[77]">&gt;&gt;</a>&nbsp;&nbsp;&nbsp;main
<LI><a href="#[78]">&gt;&gt;</a>&nbsp;&nbsp;&nbsp;exit
</UL>

<P><STRONG><a name="[166]"></a>__rt_entry_postli_1</STRONG> (Thumb, 0 bytes, Stack size unknown bytes, __rtentry2.o(.ARM.Collect$$rtentry$$0000000C))

<P><STRONG><a name="[d0]"></a>__rt_exit</STRONG> (Thumb, 0 bytes, Stack size unknown bytes, rtexit.o(.ARM.Collect$$rtexit$$00000000))
<BR><BR>[Called By]<UL><LI><a href="#[78]">&gt;&gt;</a>&nbsp;&nbsp;&nbsp;exit
</UL>

<P><STRONG><a name="[79]"></a>__rt_exit_ls</STRONG> (Thumb, 0 bytes, Stack size unknown bytes, rtexit2.o(.ARM.Collect$$rtexit$$00000003))
<BR><BR>[Calls]<UL><LI><a href="#[7a]">&gt;&gt;</a>&nbsp;&nbsp;&nbsp;__rt_lib_shutdown
</UL>

<P><STRONG><a name="[167]"></a>__rt_exit_prels_1</STRONG> (Thumb, 0 bytes, Stack size unknown bytes, rtexit2.o(.ARM.Collect$$rtexit$$00000002))

<P><STRONG><a name="[7b]"></a>__rt_exit_exit</STRONG> (Thumb, 0 bytes, Stack size unknown bytes, rtexit2.o(.ARM.Collect$$rtexit$$00000004))
<BR><BR>[Calls]<UL><LI><a href="#[7c]">&gt;&gt;</a>&nbsp;&nbsp;&nbsp;_sys_exit
</UL>

<P><STRONG><a name="[f]"></a>Reset_Handler</STRONG> (Thumb, 8 bytes, Stack size 0 bytes, startup_fm33lc0xx.o(.text))
<BR>[Address Reference Count : 1]<UL><LI> startup_fm33lc0xx.o(RESET)
</UL>
<P><STRONG><a name="[168]"></a>_maybe_terminate_alloc</STRONG> (Thumb, 0 bytes, Stack size 0 bytes, maybetermalloc1.o(.emb_text), UNUSED)

<P><STRONG><a name="[10]"></a>NMI_Handler</STRONG> (Thumb, 2 bytes, Stack size 0 bytes, startup_fm33lc0xx.o(.text))
<BR><BR>[Calls]<UL><LI><a href="#[10]">&gt;&gt;</a>&nbsp;&nbsp;&nbsp;NMI_Handler
</UL>
<BR>[Called By]<UL><LI><a href="#[10]">&gt;&gt;</a>&nbsp;&nbsp;&nbsp;NMI_Handler
</UL>
<BR>[Address Reference Count : 1]<UL><LI> startup_fm33lc0xx.o(RESET)
</UL>
<P><STRONG><a name="[11]"></a>HardFault_Handler</STRONG> (Thumb, 2 bytes, Stack size 0 bytes, startup_fm33lc0xx.o(.text))
<BR><BR>[Calls]<UL><LI><a href="#[11]">&gt;&gt;</a>&nbsp;&nbsp;&nbsp;HardFault_Handler
</UL>
<BR>[Called By]<UL><LI><a href="#[11]">&gt;&gt;</a>&nbsp;&nbsp;&nbsp;HardFault_Handler
</UL>
<BR>[Address Reference Count : 1]<UL><LI> startup_fm33lc0xx.o(RESET)
</UL>
<P><STRONG><a name="[12]"></a>SVC_Handler</STRONG> (Thumb, 2 bytes, Stack size 0 bytes, startup_fm33lc0xx.o(.text))
<BR><BR>[Calls]<UL><LI><a href="#[12]">&gt;&gt;</a>&nbsp;&nbsp;&nbsp;SVC_Handler
</UL>
<BR>[Called By]<UL><LI><a href="#[12]">&gt;&gt;</a>&nbsp;&nbsp;&nbsp;SVC_Handler
</UL>
<BR>[Address Reference Count : 1]<UL><LI> startup_fm33lc0xx.o(RESET)
</UL>
<P><STRONG><a name="[13]"></a>PendSV_Handler</STRONG> (Thumb, 2 bytes, Stack size 0 bytes, startup_fm33lc0xx.o(.text))
<BR><BR>[Calls]<UL><LI><a href="#[13]">&gt;&gt;</a>&nbsp;&nbsp;&nbsp;PendSV_Handler
</UL>
<BR>[Called By]<UL><LI><a href="#[13]">&gt;&gt;</a>&nbsp;&nbsp;&nbsp;PendSV_Handler
</UL>
<BR>[Address Reference Count : 1]<UL><LI> startup_fm33lc0xx.o(RESET)
</UL>
<P><STRONG><a name="[14]"></a>SysTick_Handler</STRONG> (Thumb, 2 bytes, Stack size 0 bytes, startup_fm33lc0xx.o(.text))
<BR><BR>[Calls]<UL><LI><a href="#[14]">&gt;&gt;</a>&nbsp;&nbsp;&nbsp;SysTick_Handler
</UL>
<BR>[Called By]<UL><LI><a href="#[14]">&gt;&gt;</a>&nbsp;&nbsp;&nbsp;SysTick_Handler
</UL>
<BR>[Address Reference Count : 1]<UL><LI> startup_fm33lc0xx.o(RESET)
</UL>
<P><STRONG><a name="[1a]"></a>ADC_IRQHandler</STRONG> (Thumb, 0 bytes, Stack size 0 bytes, startup_fm33lc0xx.o(.text))
<BR><BR>[Calls]<UL><LI><a href="#[1a]">&gt;&gt;</a>&nbsp;&nbsp;&nbsp;ADC_IRQHandler
</UL>
<BR>[Called By]<UL><LI><a href="#[1a]">&gt;&gt;</a>&nbsp;&nbsp;&nbsp;ADC_IRQHandler
</UL>
<BR>[Address Reference Count : 1]<UL><LI> startup_fm33lc0xx.o(RESET)
</UL>
<P><STRONG><a name="[28]"></a>AES_IRQHandler</STRONG> (Thumb, 0 bytes, Stack size 0 bytes, startup_fm33lc0xx.o(.text))
<BR>[Address Reference Count : 1]<UL><LI> startup_fm33lc0xx.o(RESET)
</UL>
<P><STRONG><a name="[31]"></a>ATIM_IRQHandler</STRONG> (Thumb, 0 bytes, Stack size 0 bytes, startup_fm33lc0xx.o(.text))
<BR>[Address Reference Count : 1]<UL><LI> startup_fm33lc0xx.o(RESET)
</UL>
<P><STRONG><a name="[2d]"></a>BSTIM_IRQHandler</STRONG> (Thumb, 0 bytes, Stack size 0 bytes, startup_fm33lc0xx.o(.text))
<BR>[Address Reference Count : 1]<UL><LI> startup_fm33lc0xx.o(RESET)
</UL>
<P><STRONG><a name="[2e]"></a>COMPx_IRQHandler</STRONG> (Thumb, 0 bytes, Stack size 0 bytes, startup_fm33lc0xx.o(.text))
<BR>[Address Reference Count : 1]<UL><LI> startup_fm33lc0xx.o(RESET)
</UL>
<P><STRONG><a name="[2a]"></a>DMA_IRQHandler</STRONG> (Thumb, 0 bytes, Stack size 0 bytes, startup_fm33lc0xx.o(.text))
<BR>[Address Reference Count : 1]<UL><LI> startup_fm33lc0xx.o(RESET)
</UL>
<P><STRONG><a name="[18]"></a>FLASH_IRQHandler</STRONG> (Thumb, 0 bytes, Stack size 0 bytes, startup_fm33lc0xx.o(.text))
<BR>[Address Reference Count : 1]<UL><LI> startup_fm33lc0xx.o(RESET)
</UL>
<P><STRONG><a name="[33]"></a>GPIO_IRQHandler</STRONG> (Thumb, 0 bytes, Stack size 0 bytes, startup_fm33lc0xx.o(.text))
<BR>[Address Reference Count : 1]<UL><LI> startup_fm33lc0xx.o(RESET)
</UL>
<P><STRONG><a name="[2f]"></a>GPTIM0_IRQHandler</STRONG> (Thumb, 0 bytes, Stack size 0 bytes, startup_fm33lc0xx.o(.text))
<BR>[Address Reference Count : 1]<UL><LI> startup_fm33lc0xx.o(RESET)
</UL>
<P><STRONG><a name="[30]"></a>GPTIM1_IRQHandler</STRONG> (Thumb, 0 bytes, Stack size 0 bytes, startup_fm33lc0xx.o(.text))
<BR>[Address Reference Count : 1]<UL><LI> startup_fm33lc0xx.o(RESET)
</UL>
<P><STRONG><a name="[26]"></a>I2C_IRQHandler</STRONG> (Thumb, 0 bytes, Stack size 0 bytes, startup_fm33lc0xx.o(.text))
<BR>[Address Reference Count : 1]<UL><LI> startup_fm33lc0xx.o(RESET)
</UL>
<P><STRONG><a name="[1b]"></a>IWDT_IRQHandler</STRONG> (Thumb, 0 bytes, Stack size 0 bytes, startup_fm33lc0xx.o(.text))
<BR>[Address Reference Count : 1]<UL><LI> startup_fm33lc0xx.o(RESET)
</UL>
<P><STRONG><a name="[1e]"></a>LCD_IRQHandler</STRONG> (Thumb, 0 bytes, Stack size 0 bytes, startup_fm33lc0xx.o(.text))
<BR>[Address Reference Count : 1]<UL><LI> startup_fm33lc0xx.o(RESET)
</UL>
<P><STRONG><a name="[19]"></a>LFDET_IRQHandler</STRONG> (Thumb, 0 bytes, Stack size 0 bytes, startup_fm33lc0xx.o(.text))
<BR>[Address Reference Count : 1]<UL><LI> startup_fm33lc0xx.o(RESET)
</UL>
<P><STRONG><a name="[29]"></a>LPTIM_IRQHandler</STRONG> (Thumb, 0 bytes, Stack size 0 bytes, startup_fm33lc0xx.o(.text))
<BR>[Address Reference Count : 1]<UL><LI> startup_fm33lc0xx.o(RESET)
</UL>
<P><STRONG><a name="[34]"></a>LPUART0_IRQHandler</STRONG> (Thumb, 0 bytes, Stack size 0 bytes, startup_fm33lc0xx.o(.text))
<BR>[Address Reference Count : 1]<UL><LI> startup_fm33lc0xx.o(RESET)
</UL>
<P><STRONG><a name="[25]"></a>LPUART1_IRQHandler</STRONG> (Thumb, 0 bytes, Stack size 0 bytes, startup_fm33lc0xx.o(.text))
<BR>[Address Reference Count : 1]<UL><LI> startup_fm33lc0xx.o(RESET)
</UL>
<P><STRONG><a name="[2c]"></a>OPAx_IRQHandler</STRONG> (Thumb, 0 bytes, Stack size 0 bytes, startup_fm33lc0xx.o(.text))
<BR>[Address Reference Count : 1]<UL><LI> startup_fm33lc0xx.o(RESET)
</UL>
<P><STRONG><a name="[17]"></a>RTC_IRQHandler</STRONG> (Thumb, 0 bytes, Stack size 0 bytes, startup_fm33lc0xx.o(.text))
<BR>[Address Reference Count : 1]<UL><LI> startup_fm33lc0xx.o(RESET)
</UL>
<P><STRONG><a name="[1c]"></a>SPI1_IRQHandler</STRONG> (Thumb, 0 bytes, Stack size 0 bytes, startup_fm33lc0xx.o(.text))
<BR>[Address Reference Count : 1]<UL><LI> startup_fm33lc0xx.o(RESET)
</UL>
<P><STRONG><a name="[1d]"></a>SPI2_IRQHandler</STRONG> (Thumb, 0 bytes, Stack size 0 bytes, startup_fm33lc0xx.o(.text))
<BR>[Address Reference Count : 1]<UL><LI> startup_fm33lc0xx.o(RESET)
</UL>
<P><STRONG><a name="[16]"></a>SVD_IRQHandler</STRONG> (Thumb, 0 bytes, Stack size 0 bytes, startup_fm33lc0xx.o(.text))
<BR>[Address Reference Count : 1]<UL><LI> startup_fm33lc0xx.o(RESET)
</UL>
<P><STRONG><a name="[24]"></a>U7816_IRQHandler</STRONG> (Thumb, 0 bytes, Stack size 0 bytes, startup_fm33lc0xx.o(.text))
<BR>[Address Reference Count : 1]<UL><LI> startup_fm33lc0xx.o(RESET)
</UL>
<P><STRONG><a name="[20]"></a>UART1_IRQHandler</STRONG> (Thumb, 0 bytes, Stack size 0 bytes, startup_fm33lc0xx.o(.text))
<BR>[Address Reference Count : 1]<UL><LI> startup_fm33lc0xx.o(RESET)
</UL>
<P><STRONG><a name="[21]"></a>UART4_IRQHandler</STRONG> (Thumb, 0 bytes, Stack size 0 bytes, startup_fm33lc0xx.o(.text))
<BR>[Address Reference Count : 1]<UL><LI> startup_fm33lc0xx.o(RESET)
</UL>
<P><STRONG><a name="[22]"></a>UART5_IRQHandler</STRONG> (Thumb, 0 bytes, Stack size 0 bytes, startup_fm33lc0xx.o(.text))
<BR>[Address Reference Count : 1]<UL><LI> startup_fm33lc0xx.o(RESET)
</UL>
<P><STRONG><a name="[27]"></a>USB_IRQHandler</STRONG> (Thumb, 0 bytes, Stack size 0 bytes, startup_fm33lc0xx.o(.text))
<BR>[Address Reference Count : 1]<UL><LI> startup_fm33lc0xx.o(RESET)
</UL>
<P><STRONG><a name="[32]"></a>VREF_IRQHandler</STRONG> (Thumb, 0 bytes, Stack size 0 bytes, startup_fm33lc0xx.o(.text))
<BR>[Address Reference Count : 1]<UL><LI> startup_fm33lc0xx.o(RESET)
</UL>
<P><STRONG><a name="[2b]"></a>WKUP_IRQHandler</STRONG> (Thumb, 0 bytes, Stack size 0 bytes, startup_fm33lc0xx.o(.text))
<BR>[Address Reference Count : 1]<UL><LI> startup_fm33lc0xx.o(RESET)
</UL>
<P><STRONG><a name="[15]"></a>WWDT_IRQHandler</STRONG> (Thumb, 0 bytes, Stack size 0 bytes, startup_fm33lc0xx.o(.text))
<BR>[Address Reference Count : 1]<UL><LI> startup_fm33lc0xx.o(RESET)
</UL>
<P><STRONG><a name="[c8]"></a>__user_initial_stackheap</STRONG> (Thumb, 0 bytes, Stack size unknown bytes, startup_fm33lc0xx.o(.text))
<BR><BR>[Called By]<UL><LI><a href="#[73]">&gt;&gt;</a>&nbsp;&nbsp;&nbsp;__user_setup_stackheap
</UL>

<P><STRONG><a name="[7d]"></a>vsprintf</STRONG> (Thumb, 32 bytes, Stack size 16 bytes, vsprintf.o(.text))
<BR><BR>[Stack]<UL><LI>Max Depth = 112 + Unknown Stack Size
<LI>Call Chain = vsprintf &rArr; _printf_char_common &rArr; __printf
</UL>
<BR>[Calls]<UL><LI><a href="#[37]">&gt;&gt;</a>&nbsp;&nbsp;&nbsp;_sputc
<LI><a href="#[7e]">&gt;&gt;</a>&nbsp;&nbsp;&nbsp;_printf_char_common
</UL>
<BR>[Called By]<UL><LI><a href="#[119]">&gt;&gt;</a>&nbsp;&nbsp;&nbsp;Serial_Printf
</UL>

<P><STRONG><a name="[7f]"></a>__2printf</STRONG> (Thumb, 22 bytes, Stack size 24 bytes, __2printf.o(.text))
<BR><BR>[Stack]<UL><LI>Max Depth = 136 + Unknown Stack Size
<LI>Call Chain = __2printf &rArr; _printf_char_file &rArr; _printf_char_common &rArr; __printf
</UL>
<BR>[Calls]<UL><LI><a href="#[80]">&gt;&gt;</a>&nbsp;&nbsp;&nbsp;_printf_char_file
</UL>
<BR>[Called By]<UL><LI><a href="#[77]">&gt;&gt;</a>&nbsp;&nbsp;&nbsp;main
</UL>

<P><STRONG><a name="[81]"></a>__printf</STRONG> (Thumb, 386 bytes, Stack size 32 bytes, __printf_flags_ss_wp.o(.text))
<BR><BR>[Stack]<UL><LI>Max Depth = 32 + Unknown Stack Size
<LI>Call Chain = __printf
</UL>
<BR>[Calls]<UL><LI><a href="#[83]">&gt;&gt;</a>&nbsp;&nbsp;&nbsp;_printf_percent
<LI><a href="#[82]">&gt;&gt;</a>&nbsp;&nbsp;&nbsp;_is_digit
</UL>
<BR>[Called By]<UL><LI><a href="#[7e]">&gt;&gt;</a>&nbsp;&nbsp;&nbsp;_printf_char_common
</UL>

<P><STRONG><a name="[85]"></a>_memset_w</STRONG> (Thumb, 26 bytes, Stack size 0 bytes, rt_memclr.o(.text), UNUSED)
<BR><BR>[Called By]<UL><LI><a href="#[87]">&gt;&gt;</a>&nbsp;&nbsp;&nbsp;__rt_memclr_w
<LI><a href="#[84]">&gt;&gt;</a>&nbsp;&nbsp;&nbsp;_memset
</UL>

<P><STRONG><a name="[84]"></a>_memset</STRONG> (Thumb, 30 bytes, Stack size 0 bytes, rt_memclr.o(.text), UNUSED)
<BR><BR>[Calls]<UL><LI><a href="#[85]">&gt;&gt;</a>&nbsp;&nbsp;&nbsp;_memset_w
</UL>
<BR>[Called By]<UL><LI><a href="#[86]">&gt;&gt;</a>&nbsp;&nbsp;&nbsp;__aeabi_memclr
</UL>

<P><STRONG><a name="[86]"></a>__aeabi_memclr</STRONG> (Thumb, 4 bytes, Stack size 0 bytes, rt_memclr.o(.text), UNUSED)
<BR><BR>[Calls]<UL><LI><a href="#[84]">&gt;&gt;</a>&nbsp;&nbsp;&nbsp;_memset
</UL>

<P><STRONG><a name="[169]"></a>__rt_memclr</STRONG> (Thumb, 0 bytes, Stack size 0 bytes, rt_memclr.o(.text), UNUSED)

<P><STRONG><a name="[bd]"></a>__aeabi_memclr4</STRONG> (Thumb, 0 bytes, Stack size 0 bytes, rt_memclr.o(.text))
<BR><BR>[Called By]<UL><LI><a href="#[6f]">&gt;&gt;</a>&nbsp;&nbsp;&nbsp;_initio
<LI><a href="#[c1]">&gt;&gt;</a>&nbsp;&nbsp;&nbsp;_fclose_internal
<LI><a href="#[cb]">&gt;&gt;</a>&nbsp;&nbsp;&nbsp;fopen
</UL>

<P><STRONG><a name="[16a]"></a>__aeabi_memclr8</STRONG> (Thumb, 0 bytes, Stack size 0 bytes, rt_memclr.o(.text), UNUSED)

<P><STRONG><a name="[87]"></a>__rt_memclr_w</STRONG> (Thumb, 4 bytes, Stack size 0 bytes, rt_memclr.o(.text), UNUSED)
<BR><BR>[Calls]<UL><LI><a href="#[85]">&gt;&gt;</a>&nbsp;&nbsp;&nbsp;_memset_w
</UL>

<P><STRONG><a name="[16b]"></a>__aeabi_uidiv</STRONG> (Thumb, 0 bytes, Stack size 0 bytes, aeabi_sdiv.o(.text), UNUSED)

<P><STRONG><a name="[fb]"></a>__aeabi_uidivmod</STRONG> (Thumb, 20 bytes, Stack size 0 bytes, aeabi_sdiv.o(.text))
<BR><BR>[Called By]<UL><LI><a href="#[12e]">&gt;&gt;</a>&nbsp;&nbsp;&nbsp;SystemPLLClockUpdate
<LI><a href="#[106]">&gt;&gt;</a>&nbsp;&nbsp;&nbsp;FL_UART_Init
<LI><a href="#[f5]">&gt;&gt;</a>&nbsp;&nbsp;&nbsp;FL_I2C_MasterMode_Init
<LI><a href="#[103]">&gt;&gt;</a>&nbsp;&nbsp;&nbsp;FL_RCC_GetPLLClockFreq
</UL>

<P><STRONG><a name="[16c]"></a>__aeabi_idiv</STRONG> (Thumb, 0 bytes, Stack size 8 bytes, aeabi_sdiv.o(.text), UNUSED)

<P><STRONG><a name="[b3]"></a>__aeabi_idivmod</STRONG> (Thumb, 326 bytes, Stack size 8 bytes, aeabi_sdiv.o(.text))
<BR><BR>[Stack]<UL><LI>Max Depth = 8<LI>Call Chain = __aeabi_idivmod
</UL>
<BR>[Called By]<UL><LI><a href="#[a2]">&gt;&gt;</a>&nbsp;&nbsp;&nbsp;_btod_etento
<LI><a href="#[3c]">&gt;&gt;</a>&nbsp;&nbsp;&nbsp;_printf_fp_hex_real
</UL>

<P><STRONG><a name="[16d]"></a>__use_two_region_memory</STRONG> (Thumb, 2 bytes, Stack size 0 bytes, heapauxi.o(.text), UNUSED)

<P><STRONG><a name="[9]"></a>__rt_heap_escrow</STRONG> (Thumb, 2 bytes, Stack size 0 bytes, heapauxi.o(.text), UNUSED)

<P><STRONG><a name="[8]"></a>__rt_heap_expand</STRONG> (Thumb, 2 bytes, Stack size 0 bytes, heapauxi.o(.text), UNUSED)

<P><STRONG><a name="[122]"></a>__aeabi_d2f</STRONG> (Thumb, 0 bytes, Stack size 12 bytes, d2f.o(.text))
<BR><BR>[Stack]<UL><LI>Max Depth = 12<LI>Call Chain = __aeabi_d2f
</UL>
<BR>[Called By]<UL><LI><a href="#[129]">&gt;&gt;</a>&nbsp;&nbsp;&nbsp;_normalizeAngle
<LI><a href="#[139]">&gt;&gt;</a>&nbsp;&nbsp;&nbsp;bsp_as5600GetAngle
<LI><a href="#[11c]">&gt;&gt;</a>&nbsp;&nbsp;&nbsp;SetPhaseVoltage
</UL>

<P><STRONG><a name="[16e]"></a>_d2f</STRONG> (Thumb, 120 bytes, Stack size 12 bytes, d2f.o(.text), UNUSED)

<P><STRONG><a name="[fd]"></a>__aeabi_dadd</STRONG> (Thumb, 0 bytes, Stack size 8 bytes, daddsub.o(.text))
<BR><BR>[Stack]<UL><LI>Max Depth = 8<LI>Call Chain = __aeabi_dadd
</UL>
<BR>[Called By]<UL><LI><a href="#[129]">&gt;&gt;</a>&nbsp;&nbsp;&nbsp;_normalizeAngle
<LI><a href="#[139]">&gt;&gt;</a>&nbsp;&nbsp;&nbsp;bsp_as5600GetAngle
<LI><a href="#[11c]">&gt;&gt;</a>&nbsp;&nbsp;&nbsp;SetPhaseVoltage
<LI><a href="#[f5]">&gt;&gt;</a>&nbsp;&nbsp;&nbsp;FL_I2C_MasterMode_Init
<LI><a href="#[134]">&gt;&gt;</a>&nbsp;&nbsp;&nbsp;__kernel_sin
<LI><a href="#[12f]">&gt;&gt;</a>&nbsp;&nbsp;&nbsp;__ieee754_rem_pio2
<LI><a href="#[133]">&gt;&gt;</a>&nbsp;&nbsp;&nbsp;__kernel_poly
</UL>

<P><STRONG><a name="[88]"></a>_dadd</STRONG> (Thumb, 26 bytes, Stack size 8 bytes, daddsub.o(.text), UNUSED)
<BR><BR>[Calls]<UL><LI><a href="#[89]">&gt;&gt;</a>&nbsp;&nbsp;&nbsp;_dsub1
<LI><a href="#[8a]">&gt;&gt;</a>&nbsp;&nbsp;&nbsp;_dadd1
</UL>

<P><STRONG><a name="[121]"></a>__aeabi_dsub</STRONG> (Thumb, 0 bytes, Stack size 8 bytes, daddsub.o(.text))
<BR><BR>[Stack]<UL><LI>Max Depth = 8<LI>Call Chain = __aeabi_dsub
</UL>
<BR>[Called By]<UL><LI><a href="#[11c]">&gt;&gt;</a>&nbsp;&nbsp;&nbsp;SetPhaseVoltage
<LI><a href="#[134]">&gt;&gt;</a>&nbsp;&nbsp;&nbsp;__kernel_sin
<LI><a href="#[12f]">&gt;&gt;</a>&nbsp;&nbsp;&nbsp;__ieee754_rem_pio2
<LI><a href="#[132]">&gt;&gt;</a>&nbsp;&nbsp;&nbsp;__kernel_cos
</UL>

<P><STRONG><a name="[8b]"></a>_dsub</STRONG> (Thumb, 22 bytes, Stack size 8 bytes, daddsub.o(.text), UNUSED)
<BR><BR>[Calls]<UL><LI><a href="#[89]">&gt;&gt;</a>&nbsp;&nbsp;&nbsp;_dsub1
<LI><a href="#[8a]">&gt;&gt;</a>&nbsp;&nbsp;&nbsp;_dadd1
</UL>

<P><STRONG><a name="[130]"></a>__aeabi_drsub</STRONG> (Thumb, 0 bytes, Stack size 16 bytes, daddsub.o(.text))
<BR><BR>[Stack]<UL><LI>Max Depth = 16<LI>Call Chain = __aeabi_drsub
</UL>
<BR>[Called By]<UL><LI><a href="#[134]">&gt;&gt;</a>&nbsp;&nbsp;&nbsp;__kernel_sin
<LI><a href="#[12f]">&gt;&gt;</a>&nbsp;&nbsp;&nbsp;__ieee754_rem_pio2
<LI><a href="#[132]">&gt;&gt;</a>&nbsp;&nbsp;&nbsp;__kernel_cos
<LI><a href="#[138]">&gt;&gt;</a>&nbsp;&nbsp;&nbsp;fmod
</UL>

<P><STRONG><a name="[8c]"></a>_drsb</STRONG> (Thumb, 28 bytes, Stack size 16 bytes, daddsub.o(.text), UNUSED)
<BR><BR>[Calls]<UL><LI><a href="#[89]">&gt;&gt;</a>&nbsp;&nbsp;&nbsp;_dsub1
<LI><a href="#[8a]">&gt;&gt;</a>&nbsp;&nbsp;&nbsp;_dadd1
</UL>

<P><STRONG><a name="[fc]"></a>__aeabi_ddiv</STRONG> (Thumb, 0 bytes, Stack size 64 bytes, ddiv.o(.text))
<BR><BR>[Stack]<UL><LI>Max Depth = 64<LI>Call Chain = __aeabi_ddiv
</UL>
<BR>[Called By]<UL><LI><a href="#[11c]">&gt;&gt;</a>&nbsp;&nbsp;&nbsp;SetPhaseVoltage
<LI><a href="#[f5]">&gt;&gt;</a>&nbsp;&nbsp;&nbsp;FL_I2C_MasterMode_Init
<LI><a href="#[137]">&gt;&gt;</a>&nbsp;&nbsp;&nbsp;__mathlib_dbl_invalid
</UL>

<P><STRONG><a name="[8e]"></a>_ddiv</STRONG> (Thumb, 1072 bytes, Stack size 64 bytes, ddiv.o(.text), UNUSED)
<BR><BR>[Called By]<UL><LI><a href="#[8d]">&gt;&gt;</a>&nbsp;&nbsp;&nbsp;_drdiv
</UL>

<P><STRONG><a name="[8d]"></a>_drdiv</STRONG> (Thumb, 20 bytes, Stack size 16 bytes, ddiv.o(.text), UNUSED)
<BR><BR>[Calls]<UL><LI><a href="#[8e]">&gt;&gt;</a>&nbsp;&nbsp;&nbsp;_ddiv
</UL>

<P><STRONG><a name="[12a]"></a>__aeabi_d2iz</STRONG> (Thumb, 0 bytes, Stack size 12 bytes, dfixi.o(.text))
<BR><BR>[Stack]<UL><LI>Max Depth = 12<LI>Call Chain = __aeabi_d2iz
</UL>
<BR>[Called By]<UL><LI><a href="#[11c]">&gt;&gt;</a>&nbsp;&nbsp;&nbsp;SetPhaseVoltage
<LI><a href="#[12f]">&gt;&gt;</a>&nbsp;&nbsp;&nbsp;__ieee754_rem_pio2
<LI><a href="#[132]">&gt;&gt;</a>&nbsp;&nbsp;&nbsp;__kernel_cos
</UL>

<P><STRONG><a name="[16f]"></a>_dfix</STRONG> (Thumb, 98 bytes, Stack size 12 bytes, dfixi.o(.text), UNUSED)

<P><STRONG><a name="[fe]"></a>__aeabi_d2uiz</STRONG> (Thumb, 0 bytes, Stack size 8 bytes, dfixui.o(.text))
<BR><BR>[Stack]<UL><LI>Max Depth = 8<LI>Call Chain = __aeabi_d2uiz
</UL>
<BR>[Called By]<UL><LI><a href="#[f5]">&gt;&gt;</a>&nbsp;&nbsp;&nbsp;FL_I2C_MasterMode_Init
</UL>

<P><STRONG><a name="[170]"></a>_dfixu</STRONG> (Thumb, 68 bytes, Stack size 8 bytes, dfixui.o(.text), UNUSED)

<P><STRONG><a name="[90]"></a>__aeabi_i2d_normalise</STRONG> (Thumb, 66 bytes, Stack size 0 bytes, dflti.o(.text))
<BR><BR>[Called By]<UL><LI><a href="#[91]">&gt;&gt;</a>&nbsp;&nbsp;&nbsp;__aeabi_ui2d
<LI><a href="#[8f]">&gt;&gt;</a>&nbsp;&nbsp;&nbsp;__aeabi_i2d
</UL>

<P><STRONG><a name="[8f]"></a>__aeabi_i2d</STRONG> (Thumb, 16 bytes, Stack size 0 bytes, dflti.o(.text))
<BR><BR>[Calls]<UL><LI><a href="#[90]">&gt;&gt;</a>&nbsp;&nbsp;&nbsp;__aeabi_i2d_normalise
</UL>
<BR>[Called By]<UL><LI><a href="#[11c]">&gt;&gt;</a>&nbsp;&nbsp;&nbsp;SetPhaseVoltage
<LI><a href="#[12f]">&gt;&gt;</a>&nbsp;&nbsp;&nbsp;__ieee754_rem_pio2
</UL>

<P><STRONG><a name="[171]"></a>_dflt</STRONG> (Thumb, 0 bytes, Stack size 0 bytes, dflti.o(.text), UNUSED)

<P><STRONG><a name="[91]"></a>__aeabi_ui2d</STRONG> (Thumb, 6 bytes, Stack size 0 bytes, dflti.o(.text))
<BR><BR>[Calls]<UL><LI><a href="#[90]">&gt;&gt;</a>&nbsp;&nbsp;&nbsp;__aeabi_i2d_normalise
</UL>
<BR>[Called By]<UL><LI><a href="#[f5]">&gt;&gt;</a>&nbsp;&nbsp;&nbsp;FL_I2C_MasterMode_Init
<LI><a href="#[12f]">&gt;&gt;</a>&nbsp;&nbsp;&nbsp;__ieee754_rem_pio2
</UL>

<P><STRONG><a name="[172]"></a>_dfltu</STRONG> (Thumb, 0 bytes, Stack size 0 bytes, dflti.o(.text), UNUSED)

<P><STRONG><a name="[11f]"></a>__aeabi_dmul</STRONG> (Thumb, 0 bytes, Stack size 56 bytes, dmul.o(.text))
<BR><BR>[Stack]<UL><LI>Max Depth = 56<LI>Call Chain = __aeabi_dmul
</UL>
<BR>[Called By]<UL><LI><a href="#[139]">&gt;&gt;</a>&nbsp;&nbsp;&nbsp;bsp_as5600GetAngle
<LI><a href="#[11c]">&gt;&gt;</a>&nbsp;&nbsp;&nbsp;SetPhaseVoltage
<LI><a href="#[134]">&gt;&gt;</a>&nbsp;&nbsp;&nbsp;__kernel_sin
<LI><a href="#[12f]">&gt;&gt;</a>&nbsp;&nbsp;&nbsp;__ieee754_rem_pio2
<LI><a href="#[132]">&gt;&gt;</a>&nbsp;&nbsp;&nbsp;__kernel_cos
<LI><a href="#[133]">&gt;&gt;</a>&nbsp;&nbsp;&nbsp;__kernel_poly
</UL>

<P><STRONG><a name="[173]"></a>_dmul</STRONG> (Thumb, 558 bytes, Stack size 56 bytes, dmul.o(.text), UNUSED)

<P><STRONG><a name="[11d]"></a>__aeabi_f2d</STRONG> (Thumb, 0 bytes, Stack size 0 bytes, f2d.o(.text))
<BR><BR>[Called By]<UL><LI><a href="#[129]">&gt;&gt;</a>&nbsp;&nbsp;&nbsp;_normalizeAngle
<LI><a href="#[139]">&gt;&gt;</a>&nbsp;&nbsp;&nbsp;bsp_as5600GetAngle
<LI><a href="#[11c]">&gt;&gt;</a>&nbsp;&nbsp;&nbsp;SetPhaseVoltage
<LI><a href="#[77]">&gt;&gt;</a>&nbsp;&nbsp;&nbsp;main
</UL>

<P><STRONG><a name="[174]"></a>_f2d</STRONG> (Thumb, 80 bytes, Stack size 0 bytes, f2d.o(.text), UNUSED)

<P><STRONG><a name="[12c]"></a>__aeabi_fdiv</STRONG> (Thumb, 0 bytes, Stack size 20 bytes, fdiv.o(.text))
<BR><BR>[Stack]<UL><LI>Max Depth = 20<LI>Call Chain = __aeabi_fdiv
</UL>
<BR>[Called By]<UL><LI><a href="#[139]">&gt;&gt;</a>&nbsp;&nbsp;&nbsp;bsp_as5600GetAngle
<LI><a href="#[11c]">&gt;&gt;</a>&nbsp;&nbsp;&nbsp;SetPhaseVoltage
</UL>

<P><STRONG><a name="[93]"></a>_fdiv</STRONG> (Thumb, 334 bytes, Stack size 20 bytes, fdiv.o(.text), UNUSED)
<BR><BR>[Called By]<UL><LI><a href="#[92]">&gt;&gt;</a>&nbsp;&nbsp;&nbsp;_frdiv
</UL>

<P><STRONG><a name="[92]"></a>_frdiv</STRONG> (Thumb, 8 bytes, Stack size 0 bytes, fdiv.o(.text), UNUSED)
<BR><BR>[Calls]<UL><LI><a href="#[93]">&gt;&gt;</a>&nbsp;&nbsp;&nbsp;_fdiv
</UL>

<P><STRONG><a name="[12d]"></a>__aeabi_f2uiz</STRONG> (Thumb, 0 bytes, Stack size 0 bytes, ffixui.o(.text))
<BR><BR>[Called By]<UL><LI><a href="#[11c]">&gt;&gt;</a>&nbsp;&nbsp;&nbsp;SetPhaseVoltage
</UL>

<P><STRONG><a name="[175]"></a>_ffixu</STRONG> (Thumb, 48 bytes, Stack size 0 bytes, ffixui.o(.text), UNUSED)

<P><STRONG><a name="[95]"></a>__aeabi_i2f_normalise</STRONG> (Thumb, 72 bytes, Stack size 0 bytes, fflti.o(.text))
<BR><BR>[Called By]<UL><LI><a href="#[96]">&gt;&gt;</a>&nbsp;&nbsp;&nbsp;__aeabi_ui2f
<LI><a href="#[94]">&gt;&gt;</a>&nbsp;&nbsp;&nbsp;__aeabi_i2f
</UL>

<P><STRONG><a name="[94]"></a>__aeabi_i2f</STRONG> (Thumb, 16 bytes, Stack size 0 bytes, fflti.o(.text), UNUSED)
<BR><BR>[Calls]<UL><LI><a href="#[95]">&gt;&gt;</a>&nbsp;&nbsp;&nbsp;__aeabi_i2f_normalise
</UL>

<P><STRONG><a name="[176]"></a>_fflt</STRONG> (Thumb, 0 bytes, Stack size 0 bytes, fflti.o(.text), UNUSED)

<P><STRONG><a name="[96]"></a>__aeabi_ui2f</STRONG> (Thumb, 6 bytes, Stack size 0 bytes, fflti.o(.text))
<BR><BR>[Calls]<UL><LI><a href="#[95]">&gt;&gt;</a>&nbsp;&nbsp;&nbsp;__aeabi_i2f_normalise
</UL>
<BR>[Called By]<UL><LI><a href="#[139]">&gt;&gt;</a>&nbsp;&nbsp;&nbsp;bsp_as5600GetAngle
</UL>

<P><STRONG><a name="[177]"></a>_ffltu</STRONG> (Thumb, 0 bytes, Stack size 0 bytes, fflti.o(.text), UNUSED)

<P><STRONG><a name="[97]"></a>__read_errno</STRONG> (Thumb, 10 bytes, Stack size 8 bytes, _rserrno.o(.text), UNUSED)
<BR><BR>[Calls]<UL><LI><a href="#[98]">&gt;&gt;</a>&nbsp;&nbsp;&nbsp;__aeabi_errno_addr
</UL>

<P><STRONG><a name="[99]"></a>__set_errno</STRONG> (Thumb, 12 bytes, Stack size 8 bytes, _rserrno.o(.text))
<BR><BR>[Stack]<UL><LI>Max Depth = 8<LI>Call Chain = __set_errno
</UL>
<BR>[Calls]<UL><LI><a href="#[98]">&gt;&gt;</a>&nbsp;&nbsp;&nbsp;__aeabi_errno_addr
</UL>
<BR>[Called By]<UL><LI><a href="#[125]">&gt;&gt;</a>&nbsp;&nbsp;&nbsp;sqrt
<LI><a href="#[11e]">&gt;&gt;</a>&nbsp;&nbsp;&nbsp;sin
<LI><a href="#[138]">&gt;&gt;</a>&nbsp;&nbsp;&nbsp;fmod
<LI><a href="#[120]">&gt;&gt;</a>&nbsp;&nbsp;&nbsp;cos
</UL>

<P><STRONG><a name="[9b]"></a>_printf_pre_padding</STRONG> (Thumb, 44 bytes, Stack size 16 bytes, _printf_pad.o(.text))
<BR><BR>[Stack]<UL><LI>Max Depth = 16<LI>Call Chain = _printf_pre_padding
</UL>
<BR>[Called By]<UL><LI><a href="#[a8]">&gt;&gt;</a>&nbsp;&nbsp;&nbsp;_printf_fp_infnan
<LI><a href="#[3c]">&gt;&gt;</a>&nbsp;&nbsp;&nbsp;_printf_fp_hex_real
<LI><a href="#[a0]">&gt;&gt;</a>&nbsp;&nbsp;&nbsp;_printf_int_common
<LI><a href="#[aa]">&gt;&gt;</a>&nbsp;&nbsp;&nbsp;_printf_wctomb
<LI><a href="#[3b]">&gt;&gt;</a>&nbsp;&nbsp;&nbsp;_printf_fp_dec_real
<LI><a href="#[9a]">&gt;&gt;</a>&nbsp;&nbsp;&nbsp;_printf_str
</UL>

<P><STRONG><a name="[9c]"></a>_printf_post_padding</STRONG> (Thumb, 34 bytes, Stack size 16 bytes, _printf_pad.o(.text))
<BR><BR>[Stack]<UL><LI>Max Depth = 16<LI>Call Chain = _printf_post_padding
</UL>
<BR>[Called By]<UL><LI><a href="#[a8]">&gt;&gt;</a>&nbsp;&nbsp;&nbsp;_printf_fp_infnan
<LI><a href="#[3c]">&gt;&gt;</a>&nbsp;&nbsp;&nbsp;_printf_fp_hex_real
<LI><a href="#[a0]">&gt;&gt;</a>&nbsp;&nbsp;&nbsp;_printf_int_common
<LI><a href="#[aa]">&gt;&gt;</a>&nbsp;&nbsp;&nbsp;_printf_wctomb
<LI><a href="#[3b]">&gt;&gt;</a>&nbsp;&nbsp;&nbsp;_printf_fp_dec_real
<LI><a href="#[9a]">&gt;&gt;</a>&nbsp;&nbsp;&nbsp;_printf_str
</UL>

<P><STRONG><a name="[9d]"></a>_printf_truncate_signed</STRONG> (Thumb, 18 bytes, Stack size 0 bytes, _printf_truncate.o(.text))
<BR><BR>[Called By]<UL><LI><a href="#[4f]">&gt;&gt;</a>&nbsp;&nbsp;&nbsp;_printf_int_dec
</UL>

<P><STRONG><a name="[9e]"></a>_printf_truncate_unsigned</STRONG> (Thumb, 18 bytes, Stack size 0 bytes, _printf_truncate.o(.text))
<BR><BR>[Called By]<UL><LI><a href="#[55]">&gt;&gt;</a>&nbsp;&nbsp;&nbsp;_printf_int_hex
<LI><a href="#[53]">&gt;&gt;</a>&nbsp;&nbsp;&nbsp;_printf_int_oct
<LI><a href="#[4f]">&gt;&gt;</a>&nbsp;&nbsp;&nbsp;_printf_int_dec
</UL>

<P><STRONG><a name="[9a]"></a>_printf_str</STRONG> (Thumb, 82 bytes, Stack size 16 bytes, _printf_str.o(.text))
<BR><BR>[Stack]<UL><LI>Max Depth = 32<LI>Call Chain = _printf_str &rArr; _printf_post_padding
</UL>
<BR>[Calls]<UL><LI><a href="#[9c]">&gt;&gt;</a>&nbsp;&nbsp;&nbsp;_printf_post_padding
<LI><a href="#[9b]">&gt;&gt;</a>&nbsp;&nbsp;&nbsp;_printf_pre_padding
</UL>
<BR>[Called By]<UL><LI><a href="#[b4]">&gt;&gt;</a>&nbsp;&nbsp;&nbsp;_printf_cs_common
</UL>

<P><STRONG><a name="[4f]"></a>_printf_int_dec</STRONG> (Thumb, 90 bytes, Stack size 32 bytes, _printf_dec.o(.text))
<BR><BR>[Stack]<UL><LI>Max Depth = 88<LI>Call Chain = _printf_int_dec &rArr; _printf_int_common &rArr; _printf_post_padding
</UL>
<BR>[Calls]<UL><LI><a href="#[9f]">&gt;&gt;</a>&nbsp;&nbsp;&nbsp;__rt_udiv10
<LI><a href="#[a0]">&gt;&gt;</a>&nbsp;&nbsp;&nbsp;_printf_int_common
<LI><a href="#[9e]">&gt;&gt;</a>&nbsp;&nbsp;&nbsp;_printf_truncate_unsigned
<LI><a href="#[9d]">&gt;&gt;</a>&nbsp;&nbsp;&nbsp;_printf_truncate_signed
</UL>
<BR>[Called By]<UL><LI><a href="#[50]">&gt;&gt;</a>&nbsp;&nbsp;&nbsp;_printf_u
<LI><a href="#[4e]">&gt;&gt;</a>&nbsp;&nbsp;&nbsp;_printf_d
<LI><a href="#[4d]">&gt;&gt;</a>&nbsp;&nbsp;&nbsp;_printf_i
</UL>

<P><STRONG><a name="[44]"></a>_printf_charcount</STRONG> (Thumb, 38 bytes, Stack size 0 bytes, _printf_charcount.o(.text))
<BR><BR>[Called By]<UL><LI><a href="#[42]">&gt;&gt;</a>&nbsp;&nbsp;&nbsp;_printf_n
</UL>

<P><STRONG><a name="[178]"></a>__lib_sel_fp_printf</STRONG> (Thumb, 2 bytes, Stack size 0 bytes, _printf_fp_dec.o(.text), UNUSED)

<P><STRONG><a name="[3b]"></a>_printf_fp_dec_real</STRONG> (Thumb, 620 bytes, Stack size 96 bytes, _printf_fp_dec.o(.text))
<BR><BR>[Stack]<UL><LI>Max Depth = 368<LI>Call Chain = _printf_fp_dec_real &rArr; _fp_digits &rArr; _btod_etento &rArr; _btod_emul &rArr; btod_internal_mul &rArr; __ARM_common_ll_muluu
</UL>
<BR>[Calls]<UL><LI><a href="#[9f]">&gt;&gt;</a>&nbsp;&nbsp;&nbsp;__rt_udiv10
<LI><a href="#[a8]">&gt;&gt;</a>&nbsp;&nbsp;&nbsp;_printf_fp_infnan
<LI><a href="#[6a]">&gt;&gt;</a>&nbsp;&nbsp;&nbsp;__rt_locale
<LI><a href="#[a1]">&gt;&gt;</a>&nbsp;&nbsp;&nbsp;_fp_digits
<LI><a href="#[9c]">&gt;&gt;</a>&nbsp;&nbsp;&nbsp;_printf_post_padding
<LI><a href="#[9b]">&gt;&gt;</a>&nbsp;&nbsp;&nbsp;_printf_pre_padding
<LI><a href="#[a7]">&gt;&gt;</a>&nbsp;&nbsp;&nbsp;__ARM_fpclassify
</UL>
<BR>[Address Reference Count : 1]<UL><LI> printf1.o(x$fpl$printf1)
</UL>
<P><STRONG><a name="[7e]"></a>_printf_char_common</STRONG> (Thumb, 32 bytes, Stack size 64 bytes, _printf_char_common.o(.text))
<BR><BR>[Stack]<UL><LI>Max Depth = 96 + Unknown Stack Size
<LI>Call Chain = _printf_char_common &rArr; __printf
</UL>
<BR>[Calls]<UL><LI><a href="#[81]">&gt;&gt;</a>&nbsp;&nbsp;&nbsp;__printf
</UL>
<BR>[Called By]<UL><LI><a href="#[80]">&gt;&gt;</a>&nbsp;&nbsp;&nbsp;_printf_char_file
<LI><a href="#[7d]">&gt;&gt;</a>&nbsp;&nbsp;&nbsp;vsprintf
</UL>

<P><STRONG><a name="[37]"></a>_sputc</STRONG> (Thumb, 10 bytes, Stack size 0 bytes, _sputc.o(.text))
<BR><BR>[Called By]<UL><LI><a href="#[7d]">&gt;&gt;</a>&nbsp;&nbsp;&nbsp;vsprintf
</UL>
<BR>[Address Reference Count : 1]<UL><LI> vsprintf.o(.text)
</UL>
<P><STRONG><a name="[80]"></a>_printf_char_file</STRONG> (Thumb, 34 bytes, Stack size 16 bytes, _printf_char_file.o(.text))
<BR><BR>[Stack]<UL><LI>Max Depth = 112 + Unknown Stack Size
<LI>Call Chain = _printf_char_file &rArr; _printf_char_common &rArr; __printf
</UL>
<BR>[Calls]<UL><LI><a href="#[a9]">&gt;&gt;</a>&nbsp;&nbsp;&nbsp;ferror
<LI><a href="#[7e]">&gt;&gt;</a>&nbsp;&nbsp;&nbsp;_printf_char_common
</UL>
<BR>[Called By]<UL><LI><a href="#[7f]">&gt;&gt;</a>&nbsp;&nbsp;&nbsp;__2printf
</UL>

<P><STRONG><a name="[aa]"></a>_printf_wctomb</STRONG> (Thumb, 182 bytes, Stack size 56 bytes, _printf_wctomb.o(.text))
<BR><BR>[Stack]<UL><LI>Max Depth = 80<LI>Call Chain = _printf_wctomb &rArr; _wcrtomb &rArr; __rt_ctype_table
</UL>
<BR>[Calls]<UL><LI><a href="#[ab]">&gt;&gt;</a>&nbsp;&nbsp;&nbsp;_wcrtomb
<LI><a href="#[9c]">&gt;&gt;</a>&nbsp;&nbsp;&nbsp;_printf_post_padding
<LI><a href="#[9b]">&gt;&gt;</a>&nbsp;&nbsp;&nbsp;_printf_pre_padding
</UL>
<BR>[Called By]<UL><LI><a href="#[b6]">&gt;&gt;</a>&nbsp;&nbsp;&nbsp;_printf_lcs_common
</UL>

<P><STRONG><a name="[57]"></a>_printf_longlong_dec</STRONG> (Thumb, 94 bytes, Stack size 32 bytes, _printf_longlong_dec.o(.text))
<BR><BR>[Stack]<UL><LI>Max Depth = 88<LI>Call Chain = _printf_longlong_dec &rArr; _printf_int_common &rArr; _printf_post_padding
</UL>
<BR>[Calls]<UL><LI><a href="#[a0]">&gt;&gt;</a>&nbsp;&nbsp;&nbsp;_printf_int_common
<LI><a href="#[a6]">&gt;&gt;</a>&nbsp;&nbsp;&nbsp;_ll_udiv10
</UL>
<BR>[Called By]<UL><LI><a href="#[58]">&gt;&gt;</a>&nbsp;&nbsp;&nbsp;_printf_llu
<LI><a href="#[56]">&gt;&gt;</a>&nbsp;&nbsp;&nbsp;_printf_lld
<LI><a href="#[54]">&gt;&gt;</a>&nbsp;&nbsp;&nbsp;_printf_lli
</UL>

<P><STRONG><a name="[ac]"></a>_printf_longlong_oct</STRONG> (Thumb, 68 bytes, Stack size 16 bytes, _printf_oct_int_ll.o(.text))
<BR><BR>[Stack]<UL><LI>Max Depth = 72<LI>Call Chain = _printf_longlong_oct &rArr; _printf_int_common &rArr; _printf_post_padding
</UL>
<BR>[Calls]<UL><LI><a href="#[a0]">&gt;&gt;</a>&nbsp;&nbsp;&nbsp;_printf_int_common
</UL>
<BR>[Called By]<UL><LI><a href="#[5b]">&gt;&gt;</a>&nbsp;&nbsp;&nbsp;_printf_ll_oct
<LI><a href="#[53]">&gt;&gt;</a>&nbsp;&nbsp;&nbsp;_printf_int_oct
</UL>

<P><STRONG><a name="[53]"></a>_printf_int_oct</STRONG> (Thumb, 24 bytes, Stack size 8 bytes, _printf_oct_int_ll.o(.text))
<BR><BR>[Stack]<UL><LI>Max Depth = 80<LI>Call Chain = _printf_int_oct &rArr; _printf_longlong_oct &rArr; _printf_int_common &rArr; _printf_post_padding
</UL>
<BR>[Calls]<UL><LI><a href="#[ac]">&gt;&gt;</a>&nbsp;&nbsp;&nbsp;_printf_longlong_oct
<LI><a href="#[9e]">&gt;&gt;</a>&nbsp;&nbsp;&nbsp;_printf_truncate_unsigned
</UL>
<BR>[Called By]<UL><LI><a href="#[51]">&gt;&gt;</a>&nbsp;&nbsp;&nbsp;_printf_o
</UL>

<P><STRONG><a name="[5b]"></a>_printf_ll_oct</STRONG> (Thumb, 10 bytes, Stack size 0 bytes, _printf_oct_int_ll.o(.text))
<BR><BR>[Stack]<UL><LI>Max Depth = 72<LI>Call Chain = _printf_ll_oct &rArr; _printf_longlong_oct &rArr; _printf_int_common &rArr; _printf_post_padding
</UL>
<BR>[Calls]<UL><LI><a href="#[ac]">&gt;&gt;</a>&nbsp;&nbsp;&nbsp;_printf_longlong_oct
</UL>
<BR>[Called By]<UL><LI><a href="#[59]">&gt;&gt;</a>&nbsp;&nbsp;&nbsp;_printf_llo
</UL>

<P><STRONG><a name="[ad]"></a>_printf_longlong_hex</STRONG> (Thumb, 88 bytes, Stack size 24 bytes, _printf_hex_int_ll_ptr.o(.text))
<BR><BR>[Stack]<UL><LI>Max Depth = 80<LI>Call Chain = _printf_longlong_hex &rArr; _printf_int_common &rArr; _printf_post_padding
</UL>
<BR>[Calls]<UL><LI><a href="#[a0]">&gt;&gt;</a>&nbsp;&nbsp;&nbsp;_printf_int_common
</UL>
<BR>[Called By]<UL><LI><a href="#[46]">&gt;&gt;</a>&nbsp;&nbsp;&nbsp;_printf_hex_ptr
<LI><a href="#[5d]">&gt;&gt;</a>&nbsp;&nbsp;&nbsp;_printf_ll_hex
<LI><a href="#[55]">&gt;&gt;</a>&nbsp;&nbsp;&nbsp;_printf_int_hex
</UL>

<P><STRONG><a name="[55]"></a>_printf_int_hex</STRONG> (Thumb, 28 bytes, Stack size 16 bytes, _printf_hex_int_ll_ptr.o(.text))
<BR><BR>[Stack]<UL><LI>Max Depth = 96<LI>Call Chain = _printf_int_hex &rArr; _printf_longlong_hex &rArr; _printf_int_common &rArr; _printf_post_padding
</UL>
<BR>[Calls]<UL><LI><a href="#[ad]">&gt;&gt;</a>&nbsp;&nbsp;&nbsp;_printf_longlong_hex
<LI><a href="#[9e]">&gt;&gt;</a>&nbsp;&nbsp;&nbsp;_printf_truncate_unsigned
</UL>
<BR>[Called By]<UL><LI><a href="#[52]">&gt;&gt;</a>&nbsp;&nbsp;&nbsp;_printf_x
</UL>

<P><STRONG><a name="[5d]"></a>_printf_ll_hex</STRONG> (Thumb, 10 bytes, Stack size 0 bytes, _printf_hex_int_ll_ptr.o(.text))
<BR><BR>[Stack]<UL><LI>Max Depth = 80<LI>Call Chain = _printf_ll_hex &rArr; _printf_longlong_hex &rArr; _printf_int_common &rArr; _printf_post_padding
</UL>
<BR>[Calls]<UL><LI><a href="#[ad]">&gt;&gt;</a>&nbsp;&nbsp;&nbsp;_printf_longlong_hex
</UL>
<BR>[Called By]<UL><LI><a href="#[5a]">&gt;&gt;</a>&nbsp;&nbsp;&nbsp;_printf_llx
</UL>

<P><STRONG><a name="[46]"></a>_printf_hex_ptr</STRONG> (Thumb, 22 bytes, Stack size 8 bytes, _printf_hex_int_ll_ptr.o(.text))
<BR><BR>[Stack]<UL><LI>Max Depth = 88<LI>Call Chain = _printf_hex_ptr &rArr; _printf_longlong_hex &rArr; _printf_int_common &rArr; _printf_post_padding
</UL>
<BR>[Calls]<UL><LI><a href="#[ad]">&gt;&gt;</a>&nbsp;&nbsp;&nbsp;_printf_longlong_hex
</UL>
<BR>[Called By]<UL><LI><a href="#[43]">&gt;&gt;</a>&nbsp;&nbsp;&nbsp;_printf_p
</UL>

<P><STRONG><a name="[ae]"></a>__fpl_dcmp_InfNaN</STRONG> (Thumb, 140 bytes, Stack size 24 bytes, dcmpin.o(.text), UNUSED)
<BR><BR>[Calls]<UL><LI><a href="#[b0]">&gt;&gt;</a>&nbsp;&nbsp;&nbsp;__fpl_dcheck_NaN2
<LI><a href="#[af]">&gt;&gt;</a>&nbsp;&nbsp;&nbsp;__fpl_cmpreturn
</UL>
<BR>[Called By]<UL><LI><a href="#[13f]">&gt;&gt;</a>&nbsp;&nbsp;&nbsp;_drcmple
<LI><a href="#[13e]">&gt;&gt;</a>&nbsp;&nbsp;&nbsp;_dcmple
</UL>

<P><STRONG><a name="[13b]"></a>_drem</STRONG> (Thumb, 368 bytes, Stack size 20 bytes, drem.o(.text))
<BR><BR>[Stack]<UL><LI>Max Depth = 20<LI>Call Chain = _drem
</UL>
<BR>[Called By]<UL><LI><a href="#[138]">&gt;&gt;</a>&nbsp;&nbsp;&nbsp;fmod
</UL>

<P><STRONG><a name="[13c]"></a>_dsqrt</STRONG> (Thumb, 248 bytes, Stack size 20 bytes, dsqrt.o(.text))
<BR><BR>[Stack]<UL><LI>Max Depth = 20<LI>Call Chain = _dsqrt
</UL>
<BR>[Called By]<UL><LI><a href="#[125]">&gt;&gt;</a>&nbsp;&nbsp;&nbsp;sqrt
</UL>

<P><STRONG><a name="[b1]"></a>__fpl_fcmp_InfNaN</STRONG> (Thumb, 96 bytes, Stack size 8 bytes, fcmpin.o(.text), UNUSED)
<BR><BR>[Calls]<UL><LI><a href="#[b2]">&gt;&gt;</a>&nbsp;&nbsp;&nbsp;__fpl_fcheck_NaN2
<LI><a href="#[af]">&gt;&gt;</a>&nbsp;&nbsp;&nbsp;__fpl_cmpreturn
</UL>
<BR>[Called By]<UL><LI><a href="#[142]">&gt;&gt;</a>&nbsp;&nbsp;&nbsp;_frcmple
</UL>

<P><STRONG><a name="[6a]"></a>__rt_locale</STRONG> (Thumb, 8 bytes, Stack size 0 bytes, rt_locale_intlibspace.o(.text))
<BR><BR>[Called By]<UL><LI><a href="#[3b]">&gt;&gt;</a>&nbsp;&nbsp;&nbsp;_printf_fp_dec_real
<LI><a href="#[69]">&gt;&gt;</a>&nbsp;&nbsp;&nbsp;__rt_lib_init_lc_common
<LI><a href="#[c3]">&gt;&gt;</a>&nbsp;&nbsp;&nbsp;__rt_ctype_table
</UL>

<P><STRONG><a name="[98]"></a>__aeabi_errno_addr</STRONG> (Thumb, 8 bytes, Stack size 0 bytes, rt_errno_addr_intlibspace.o(.text))
<BR><BR>[Called By]<UL><LI><a href="#[99]">&gt;&gt;</a>&nbsp;&nbsp;&nbsp;__set_errno
<LI><a href="#[97]">&gt;&gt;</a>&nbsp;&nbsp;&nbsp;__read_errno
<LI><a href="#[d9]">&gt;&gt;</a>&nbsp;&nbsp;&nbsp;_ftell_internal
</UL>

<P><STRONG><a name="[179]"></a>__errno$intlibspace</STRONG> (Thumb, 0 bytes, Stack size 0 bytes, rt_errno_addr_intlibspace.o(.text), UNUSED)

<P><STRONG><a name="[17a]"></a>__rt_errno_addr$intlibspace</STRONG> (Thumb, 0 bytes, Stack size 0 bytes, rt_errno_addr_intlibspace.o(.text), UNUSED)

<P><STRONG><a name="[a6]"></a>_ll_udiv10</STRONG> (Thumb, 122 bytes, Stack size 16 bytes, lludiv10.o(.text))
<BR><BR>[Stack]<UL><LI>Max Depth = 16<LI>Call Chain = _ll_udiv10
</UL>
<BR>[Called By]<UL><LI><a href="#[57]">&gt;&gt;</a>&nbsp;&nbsp;&nbsp;_printf_longlong_dec
<LI><a href="#[a1]">&gt;&gt;</a>&nbsp;&nbsp;&nbsp;_fp_digits
</UL>

<P><STRONG><a name="[a0]"></a>_printf_int_common</STRONG> (Thumb, 176 bytes, Stack size 40 bytes, _printf_intcommon.o(.text))
<BR><BR>[Stack]<UL><LI>Max Depth = 56<LI>Call Chain = _printf_int_common &rArr; _printf_post_padding
</UL>
<BR>[Calls]<UL><LI><a href="#[9c]">&gt;&gt;</a>&nbsp;&nbsp;&nbsp;_printf_post_padding
<LI><a href="#[9b]">&gt;&gt;</a>&nbsp;&nbsp;&nbsp;_printf_pre_padding
</UL>
<BR>[Called By]<UL><LI><a href="#[ad]">&gt;&gt;</a>&nbsp;&nbsp;&nbsp;_printf_longlong_hex
<LI><a href="#[ac]">&gt;&gt;</a>&nbsp;&nbsp;&nbsp;_printf_longlong_oct
<LI><a href="#[57]">&gt;&gt;</a>&nbsp;&nbsp;&nbsp;_printf_longlong_dec
<LI><a href="#[4f]">&gt;&gt;</a>&nbsp;&nbsp;&nbsp;_printf_int_dec
</UL>

<P><STRONG><a name="[3c]"></a>_printf_fp_hex_real</STRONG> (Thumb, 718 bytes, Stack size 72 bytes, _printf_fp_hex.o(.text))
<BR><BR>[Stack]<UL><LI>Max Depth = 112<LI>Call Chain = _printf_fp_hex_real &rArr; _printf_fp_infnan &rArr; _printf_post_padding
</UL>
<BR>[Calls]<UL><LI><a href="#[a8]">&gt;&gt;</a>&nbsp;&nbsp;&nbsp;_printf_fp_infnan
<LI><a href="#[9c]">&gt;&gt;</a>&nbsp;&nbsp;&nbsp;_printf_post_padding
<LI><a href="#[9b]">&gt;&gt;</a>&nbsp;&nbsp;&nbsp;_printf_pre_padding
<LI><a href="#[b3]">&gt;&gt;</a>&nbsp;&nbsp;&nbsp;__aeabi_idivmod
<LI><a href="#[a7]">&gt;&gt;</a>&nbsp;&nbsp;&nbsp;__ARM_fpclassify
</UL>
<BR>[Address Reference Count : 1]<UL><LI> printf2.o(x$fpl$printf2)
</UL>
<P><STRONG><a name="[a8]"></a>_printf_fp_infnan</STRONG> (Thumb, 120 bytes, Stack size 24 bytes, _printf_fp_infnan.o(.text))
<BR><BR>[Stack]<UL><LI>Max Depth = 40<LI>Call Chain = _printf_fp_infnan &rArr; _printf_post_padding
</UL>
<BR>[Calls]<UL><LI><a href="#[9c]">&gt;&gt;</a>&nbsp;&nbsp;&nbsp;_printf_post_padding
<LI><a href="#[9b]">&gt;&gt;</a>&nbsp;&nbsp;&nbsp;_printf_pre_padding
</UL>
<BR>[Called By]<UL><LI><a href="#[3c]">&gt;&gt;</a>&nbsp;&nbsp;&nbsp;_printf_fp_hex_real
<LI><a href="#[3b]">&gt;&gt;</a>&nbsp;&nbsp;&nbsp;_printf_fp_dec_real
</UL>

<P><STRONG><a name="[b4]"></a>_printf_cs_common</STRONG> (Thumb, 22 bytes, Stack size 8 bytes, _printf_char.o(.text))
<BR><BR>[Stack]<UL><LI>Max Depth = 40<LI>Call Chain = _printf_cs_common &rArr; _printf_str &rArr; _printf_post_padding
</UL>
<BR>[Calls]<UL><LI><a href="#[b5]">&gt;&gt;</a>&nbsp;&nbsp;&nbsp;_printf_mbtowc (Weak Reference)
<LI><a href="#[9a]">&gt;&gt;</a>&nbsp;&nbsp;&nbsp;_printf_str
</UL>
<BR>[Called By]<UL><LI><a href="#[62]">&gt;&gt;</a>&nbsp;&nbsp;&nbsp;_printf_string
<LI><a href="#[60]">&gt;&gt;</a>&nbsp;&nbsp;&nbsp;_printf_char
</UL>

<P><STRONG><a name="[60]"></a>_printf_char</STRONG> (Thumb, 16 bytes, Stack size 0 bytes, _printf_char.o(.text))
<BR><BR>[Stack]<UL><LI>Max Depth = 40<LI>Call Chain = _printf_char &rArr; _printf_cs_common &rArr; _printf_str &rArr; _printf_post_padding
</UL>
<BR>[Calls]<UL><LI><a href="#[b4]">&gt;&gt;</a>&nbsp;&nbsp;&nbsp;_printf_cs_common
</UL>
<BR>[Called By]<UL><LI><a href="#[5e]">&gt;&gt;</a>&nbsp;&nbsp;&nbsp;_printf_c
</UL>

<P><STRONG><a name="[62]"></a>_printf_string</STRONG> (Thumb, 8 bytes, Stack size 0 bytes, _printf_char.o(.text))
<BR><BR>[Stack]<UL><LI>Max Depth = 40<LI>Call Chain = _printf_string &rArr; _printf_cs_common &rArr; _printf_str &rArr; _printf_post_padding
</UL>
<BR>[Calls]<UL><LI><a href="#[b4]">&gt;&gt;</a>&nbsp;&nbsp;&nbsp;_printf_cs_common
</UL>
<BR>[Called By]<UL><LI><a href="#[5f]">&gt;&gt;</a>&nbsp;&nbsp;&nbsp;_printf_s
</UL>

<P><STRONG><a name="[b6]"></a>_printf_lcs_common</STRONG> (Thumb, 22 bytes, Stack size 8 bytes, _printf_wchar.o(.text))
<BR><BR>[Stack]<UL><LI>Max Depth = 88<LI>Call Chain = _printf_lcs_common &rArr; _printf_wctomb &rArr; _wcrtomb &rArr; __rt_ctype_table
</UL>
<BR>[Calls]<UL><LI><a href="#[b7]">&gt;&gt;</a>&nbsp;&nbsp;&nbsp;_printf_wc (Weak Reference)
<LI><a href="#[aa]">&gt;&gt;</a>&nbsp;&nbsp;&nbsp;_printf_wctomb
</UL>
<BR>[Called By]<UL><LI><a href="#[66]">&gt;&gt;</a>&nbsp;&nbsp;&nbsp;_printf_wstring
<LI><a href="#[64]">&gt;&gt;</a>&nbsp;&nbsp;&nbsp;_printf_wchar
</UL>

<P><STRONG><a name="[64]"></a>_printf_wchar</STRONG> (Thumb, 16 bytes, Stack size 0 bytes, _printf_wchar.o(.text))
<BR><BR>[Stack]<UL><LI>Max Depth = 88<LI>Call Chain = _printf_wchar &rArr; _printf_lcs_common &rArr; _printf_wctomb &rArr; _wcrtomb &rArr; __rt_ctype_table
</UL>
<BR>[Calls]<UL><LI><a href="#[b6]">&gt;&gt;</a>&nbsp;&nbsp;&nbsp;_printf_lcs_common
</UL>
<BR>[Called By]<UL><LI><a href="#[61]">&gt;&gt;</a>&nbsp;&nbsp;&nbsp;_printf_lc
</UL>

<P><STRONG><a name="[66]"></a>_printf_wstring</STRONG> (Thumb, 8 bytes, Stack size 0 bytes, _printf_wchar.o(.text))
<BR><BR>[Stack]<UL><LI>Max Depth = 88<LI>Call Chain = _printf_wstring &rArr; _printf_lcs_common &rArr; _printf_wctomb &rArr; _wcrtomb &rArr; __rt_ctype_table
</UL>
<BR>[Calls]<UL><LI><a href="#[b6]">&gt;&gt;</a>&nbsp;&nbsp;&nbsp;_printf_lcs_common
</UL>
<BR>[Called By]<UL><LI><a href="#[63]">&gt;&gt;</a>&nbsp;&nbsp;&nbsp;_printf_ls
</UL>

<P><STRONG><a name="[a2]"></a>_btod_etento</STRONG> (Thumb, 210 bytes, Stack size 72 bytes, bigflt0.o(.text))
<BR><BR>[Stack]<UL><LI>Max Depth = 176<LI>Call Chain = _btod_etento &rArr; _btod_emul &rArr; btod_internal_mul &rArr; __ARM_common_ll_muluu
</UL>
<BR>[Calls]<UL><LI><a href="#[a4]">&gt;&gt;</a>&nbsp;&nbsp;&nbsp;_btod_ediv
<LI><a href="#[a5]">&gt;&gt;</a>&nbsp;&nbsp;&nbsp;_btod_emul
<LI><a href="#[b3]">&gt;&gt;</a>&nbsp;&nbsp;&nbsp;__aeabi_idivmod
</UL>
<BR>[Called By]<UL><LI><a href="#[a1]">&gt;&gt;</a>&nbsp;&nbsp;&nbsp;_fp_digits
</UL>

<P><STRONG><a name="[a3]"></a>_btod_d2e</STRONG> (Thumb, 64 bytes, Stack size 8 bytes, btod.o(.text))
<BR><BR>[Stack]<UL><LI>Max Depth = 8<LI>Call Chain = _btod_d2e
</UL>
<BR>[Called By]<UL><LI><a href="#[a1]">&gt;&gt;</a>&nbsp;&nbsp;&nbsp;_fp_digits
</UL>

<P><STRONG><a name="[a5]"></a>_btod_emul</STRONG> (Thumb, 28 bytes, Stack size 24 bytes, btod.o(.text))
<BR><BR>[Stack]<UL><LI>Max Depth = 104<LI>Call Chain = _btod_emul &rArr; btod_internal_mul &rArr; __ARM_common_ll_muluu
</UL>
<BR>[Calls]<UL><LI><a href="#[b8]">&gt;&gt;</a>&nbsp;&nbsp;&nbsp;btod_internal_mul
</UL>
<BR>[Called By]<UL><LI><a href="#[a2]">&gt;&gt;</a>&nbsp;&nbsp;&nbsp;_btod_etento
<LI><a href="#[a1]">&gt;&gt;</a>&nbsp;&nbsp;&nbsp;_fp_digits
</UL>

<P><STRONG><a name="[ba]"></a>_btod_emuld</STRONG> (Thumb, 144 bytes, Stack size 56 bytes, btod.o(.text), UNUSED)
<BR><BR>[Calls]<UL><LI><a href="#[b8]">&gt;&gt;</a>&nbsp;&nbsp;&nbsp;btod_internal_mul
</UL>

<P><STRONG><a name="[a4]"></a>_btod_ediv</STRONG> (Thumb, 26 bytes, Stack size 24 bytes, btod.o(.text))
<BR><BR>[Stack]<UL><LI>Max Depth = 88<LI>Call Chain = _btod_ediv &rArr; btod_internal_div
</UL>
<BR>[Calls]<UL><LI><a href="#[bb]">&gt;&gt;</a>&nbsp;&nbsp;&nbsp;btod_internal_div
</UL>
<BR>[Called By]<UL><LI><a href="#[a2]">&gt;&gt;</a>&nbsp;&nbsp;&nbsp;_btod_etento
<LI><a href="#[a1]">&gt;&gt;</a>&nbsp;&nbsp;&nbsp;_fp_digits
</UL>

<P><STRONG><a name="[bc]"></a>_btod_edivd</STRONG> (Thumb, 124 bytes, Stack size 56 bytes, btod.o(.text), UNUSED)
<BR><BR>[Calls]<UL><LI><a href="#[bb]">&gt;&gt;</a>&nbsp;&nbsp;&nbsp;btod_internal_div
</UL>

<P><STRONG><a name="[a9]"></a>ferror</STRONG> (Thumb, 8 bytes, Stack size 0 bytes, ferror.o(.text))
<BR><BR>[Called By]<UL><LI><a href="#[80]">&gt;&gt;</a>&nbsp;&nbsp;&nbsp;_printf_char_file
</UL>

<P><STRONG><a name="[6f]"></a>_initio</STRONG> (Thumb, 216 bytes, Stack size 8 bytes, initio.o(.text))
<BR><BR>[Stack]<UL><LI>Max Depth = 144<LI>Call Chain = _initio &rArr; freopen &rArr; _fclose_internal &rArr; _fflush &rArr; _writebuf &rArr; _sys_write
</UL>
<BR>[Calls]<UL><LI><a href="#[bd]">&gt;&gt;</a>&nbsp;&nbsp;&nbsp;__aeabi_memclr4
<LI><a href="#[bf]">&gt;&gt;</a>&nbsp;&nbsp;&nbsp;__rt_SIGRTRED
<LI><a href="#[be]">&gt;&gt;</a>&nbsp;&nbsp;&nbsp;freopen
<LI><a href="#[c0]">&gt;&gt;</a>&nbsp;&nbsp;&nbsp;setvbuf
</UL>
<BR>[Called By]<UL><LI><a href="#[6e]">&gt;&gt;</a>&nbsp;&nbsp;&nbsp;__rt_lib_init_stdio_2
</UL>

<P><STRONG><a name="[71]"></a>_terminateio</STRONG> (Thumb, 56 bytes, Stack size 16 bytes, initio.o(.text))
<BR><BR>[Stack]<UL><LI>Max Depth = 120<LI>Call Chain = _terminateio &rArr; _fclose_internal &rArr; _fflush &rArr; _writebuf &rArr; _sys_write
</UL>
<BR>[Calls]<UL><LI><a href="#[c1]">&gt;&gt;</a>&nbsp;&nbsp;&nbsp;_fclose_internal
<LI><a href="#[c2]">&gt;&gt;</a>&nbsp;&nbsp;&nbsp;free
</UL>
<BR>[Called By]<UL><LI><a href="#[70]">&gt;&gt;</a>&nbsp;&nbsp;&nbsp;__rt_lib_shutdown_stdio_2
</UL>

<P><STRONG><a name="[ab]"></a>_wcrtomb</STRONG> (Thumb, 64 bytes, Stack size 16 bytes, _wcrtomb.o(.text))
<BR><BR>[Stack]<UL><LI>Max Depth = 24<LI>Call Chain = _wcrtomb &rArr; __rt_ctype_table
</UL>
<BR>[Calls]<UL><LI><a href="#[c3]">&gt;&gt;</a>&nbsp;&nbsp;&nbsp;__rt_ctype_table
</UL>
<BR>[Called By]<UL><LI><a href="#[aa]">&gt;&gt;</a>&nbsp;&nbsp;&nbsp;_printf_wctomb
</UL>

<P><STRONG><a name="[9f]"></a>__rt_udiv10</STRONG> (Thumb, 40 bytes, Stack size 0 bytes, rtudiv10.o(.text))
<BR><BR>[Called By]<UL><LI><a href="#[3b]">&gt;&gt;</a>&nbsp;&nbsp;&nbsp;_printf_fp_dec_real
<LI><a href="#[4f]">&gt;&gt;</a>&nbsp;&nbsp;&nbsp;_printf_int_dec
</UL>

<P><STRONG><a name="[af]"></a>__fpl_cmpreturn</STRONG> (Thumb, 46 bytes, Stack size 0 bytes, cmpret.o(.text), UNUSED)
<BR><BR>[Called By]<UL><LI><a href="#[b1]">&gt;&gt;</a>&nbsp;&nbsp;&nbsp;__fpl_fcmp_InfNaN
<LI><a href="#[ae]">&gt;&gt;</a>&nbsp;&nbsp;&nbsp;__fpl_dcmp_InfNaN
<LI><a href="#[c4]">&gt;&gt;</a>&nbsp;&nbsp;&nbsp;__fpl_return_NaN
</UL>

<P><STRONG><a name="[b0]"></a>__fpl_dcheck_NaN2</STRONG> (Thumb, 14 bytes, Stack size 8 bytes, dnan2.o(.text), UNUSED)
<BR><BR>[Calls]<UL><LI><a href="#[c4]">&gt;&gt;</a>&nbsp;&nbsp;&nbsp;__fpl_return_NaN
</UL>
<BR>[Called By]<UL><LI><a href="#[ae]">&gt;&gt;</a>&nbsp;&nbsp;&nbsp;__fpl_dcmp_InfNaN
</UL>

<P><STRONG><a name="[131]"></a>__ARM_scalbn</STRONG> (Thumb, 84 bytes, Stack size 16 bytes, dscalbn.o(.text))
<BR><BR>[Stack]<UL><LI>Max Depth = 16<LI>Call Chain = __ARM_scalbn
</UL>
<BR>[Called By]<UL><LI><a href="#[134]">&gt;&gt;</a>&nbsp;&nbsp;&nbsp;__kernel_sin
<LI><a href="#[12f]">&gt;&gt;</a>&nbsp;&nbsp;&nbsp;__ieee754_rem_pio2
<LI><a href="#[135]">&gt;&gt;</a>&nbsp;&nbsp;&nbsp;__mathlib_dbl_underflow
<LI><a href="#[136]">&gt;&gt;</a>&nbsp;&nbsp;&nbsp;__mathlib_dbl_infnan
<LI><a href="#[132]">&gt;&gt;</a>&nbsp;&nbsp;&nbsp;__kernel_cos
</UL>

<P><STRONG><a name="[b2]"></a>__fpl_fcheck_NaN2</STRONG> (Thumb, 10 bytes, Stack size 8 bytes, fnan2.o(.text), UNUSED)
<BR><BR>[Calls]<UL><LI><a href="#[c4]">&gt;&gt;</a>&nbsp;&nbsp;&nbsp;__fpl_return_NaN
</UL>
<BR>[Called By]<UL><LI><a href="#[b1]">&gt;&gt;</a>&nbsp;&nbsp;&nbsp;__fpl_fcmp_InfNaN
</UL>

<P><STRONG><a name="[c5]"></a>_sys_open</STRONG> (Thumb, 20 bytes, Stack size 16 bytes, sys_io.o(.text))
<BR><BR>[Stack]<UL><LI>Max Depth = 28<LI>Call Chain = _sys_open &rArr; strlen
</UL>
<BR>[Calls]<UL><LI><a href="#[c6]">&gt;&gt;</a>&nbsp;&nbsp;&nbsp;strlen
</UL>
<BR>[Called By]<UL><LI><a href="#[be]">&gt;&gt;</a>&nbsp;&nbsp;&nbsp;freopen
</UL>

<P><STRONG><a name="[ce]"></a>_sys_close</STRONG> (Thumb, 12 bytes, Stack size 8 bytes, sys_io.o(.text))
<BR><BR>[Stack]<UL><LI>Max Depth = 8<LI>Call Chain = _sys_close
</UL>
<BR>[Called By]<UL><LI><a href="#[c1]">&gt;&gt;</a>&nbsp;&nbsp;&nbsp;_fclose_internal
</UL>

<P><STRONG><a name="[de]"></a>_sys_write</STRONG> (Thumb, 16 bytes, Stack size 24 bytes, sys_io.o(.text))
<BR><BR>[Stack]<UL><LI>Max Depth = 24<LI>Call Chain = _sys_write
</UL>
<BR>[Called By]<UL><LI><a href="#[dc]">&gt;&gt;</a>&nbsp;&nbsp;&nbsp;_writebuf
</UL>

<P><STRONG><a name="[17b]"></a>_sys_read</STRONG> (Thumb, 14 bytes, Stack size 24 bytes, sys_io.o(.text), UNUSED)

<P><STRONG><a name="[d8]"></a>_sys_istty</STRONG> (Thumb, 12 bytes, Stack size 8 bytes, sys_io.o(.text))
[...]
</UL>
<BR>[Called By]<UL><LI><a href="#[11c]">&gt;&gt;</a>&nbsp;&nbsp;&nbsp;SetPhaseVoltage
</UL>

<P><STRONG><a name="[139]"></a>bsp_as5600GetAngle</STRONG> (Thumb, 188 bytes, Stack size 56 bytes, as5600.o(i.bsp_as5600GetAngle))
<BR><BR>[Stack]<UL><LI>Max Depth = 328 + Unknown Stack Size
<LI>Call Chain = bsp_as5600GetAngle &rArr; bsp_as5600GetRawAngle &rArr; Serial_Printf &rArr; vsprintf &rArr; _printf_char_common &rArr; __printf
</UL>
<BR>[Calls]<UL><LI><a href="#[13a]">&gt;&gt;</a>&nbsp;&nbsp;&nbsp;bsp_as5600GetRawAngle
<LI><a href="#[128]">&gt;&gt;</a>&nbsp;&nbsp;&nbsp;__aeabi_cfrcmple
<LI><a href="#[96]">&gt;&gt;</a>&nbsp;&nbsp;&nbsp;__aeabi_ui2f
<LI><a href="#[12c]">&gt;&gt;</a>&nbsp;&nbsp;&nbsp;__aeabi_fdiv
<LI><a href="#[12b]">&gt;&gt;</a>&nbsp;&nbsp;&nbsp;__aeabi_fsub
<LI><a href="#[11d]">&gt;&gt;</a>&nbsp;&nbsp;&nbsp;__aeabi_f2d
<LI><a href="#[126]">&gt;&gt;</a>&nbsp;&nbsp;&nbsp;__aeabi_cdrcmple
<LI><a href="#[11f]">&gt;&gt;</a>&nbsp;&nbsp;&nbsp;__aeabi_dmul
<LI><a href="#[fd]">&gt;&gt;</a>&nbsp;&nbsp;&nbsp;__aeabi_dadd
<LI><a href="#[122]">&gt;&gt;</a>&nbsp;&nbsp;&nbsp;__aeabi_d2f
</UL>
<BR>[Called By]<UL><LI><a href="#[77]">&gt;&gt;</a>&nbsp;&nbsp;&nbsp;main
</UL>

<P><STRONG><a name="[13a]"></a>bsp_as5600GetRawAngle</STRONG> (Thumb, 66 bytes, Stack size 32 bytes, as5600.o(i.bsp_as5600GetRawAngle))
<BR><BR>[Stack]<UL><LI>Max Depth = 272 + Unknown Stack Size
<LI>Call Chain = bsp_as5600GetRawAngle &rArr; Serial_Printf &rArr; vsprintf &rArr; _printf_char_common &rArr; __printf
</UL>
<BR>[Calls]<UL><LI><a href="#[109]">&gt;&gt;</a>&nbsp;&nbsp;&nbsp;I2C_Read_Bottom
<LI><a href="#[11a]">&gt;&gt;</a>&nbsp;&nbsp;&nbsp;Serial_SendString
<LI><a href="#[119]">&gt;&gt;</a>&nbsp;&nbsp;&nbsp;Serial_Printf
</UL>
<BR>[Called By]<UL><LI><a href="#[139]">&gt;&gt;</a>&nbsp;&nbsp;&nbsp;bsp_as5600GetAngle
</UL>

<P><STRONG><a name="[120]"></a>cos</STRONG> (Thumb, 142 bytes, Stack size 32 bytes, cos.o(i.cos))
<BR><BR>[Stack]<UL><LI>Max Depth = 208<LI>Call Chain = cos &rArr; __ieee754_rem_pio2 &rArr; __aeabi_dmul
</UL>
<BR>[Calls]<UL><LI><a href="#[134]">&gt;&gt;</a>&nbsp;&nbsp;&nbsp;__kernel_sin
<LI><a href="#[12f]">&gt;&gt;</a>&nbsp;&nbsp;&nbsp;__ieee754_rem_pio2
<LI><a href="#[137]">&gt;&gt;</a>&nbsp;&nbsp;&nbsp;__mathlib_dbl_invalid
<LI><a href="#[136]">&gt;&gt;</a>&nbsp;&nbsp;&nbsp;__mathlib_dbl_infnan
<LI><a href="#[132]">&gt;&gt;</a>&nbsp;&nbsp;&nbsp;__kernel_cos
<LI><a href="#[99]">&gt;&gt;</a>&nbsp;&nbsp;&nbsp;__set_errno
</UL>
<BR>[Called By]<UL><LI><a href="#[11c]">&gt;&gt;</a>&nbsp;&nbsp;&nbsp;SetPhaseVoltage
</UL>

<P><STRONG><a name="[138]"></a>fmod</STRONG> (Thumb, 144 bytes, Stack size 16 bytes, fmod.o(i.fmod))
<BR><BR>[Stack]<UL><LI>Max Depth = 88<LI>Call Chain = fmod &rArr; __mathlib_dbl_invalid &rArr; __aeabi_ddiv
</UL>
<BR>[Calls]<UL><LI><a href="#[137]">&gt;&gt;</a>&nbsp;&nbsp;&nbsp;__mathlib_dbl_invalid
<LI><a href="#[13b]">&gt;&gt;</a>&nbsp;&nbsp;&nbsp;_drem
<LI><a href="#[99]">&gt;&gt;</a>&nbsp;&nbsp;&nbsp;__set_errno
<LI><a href="#[130]">&gt;&gt;</a>&nbsp;&nbsp;&nbsp;__aeabi_drsub
</UL>
<BR>[Called By]<UL><LI><a href="#[129]">&gt;&gt;</a>&nbsp;&nbsp;&nbsp;_normalizeAngle
</UL>

<P><STRONG><a name="[39]"></a>fputc</STRONG> (Thumb, 16 bytes, Stack size 8 bytes, myuart.o(i.fputc))
<BR><BR>[Stack]<UL><LI>Max Depth = 8<LI>Call Chain = fputc
</UL>
<BR>[Calls]<UL><LI><a href="#[11b]">&gt;&gt;</a>&nbsp;&nbsp;&nbsp;Send_Byte
</UL>
<BR>[Address Reference Count : 1]<UL><LI> _printf_char_file.o(.text)
</UL>
<P><STRONG><a name="[77]"></a>main</STRONG> (Thumb, 138 bytes, Stack size 0 bytes, main.o(i.main))
<BR><BR>[Stack]<UL><LI>Max Depth = 336 + Unknown Stack Size
<LI>Call Chain = main &rArr; SetPhaseVoltage &rArr; sin &rArr; __ieee754_rem_pio2 &rArr; __aeabi_dmul
</UL>
<BR>[Calls]<UL><LI><a href="#[139]">&gt;&gt;</a>&nbsp;&nbsp;&nbsp;bsp_as5600GetAngle
<LI><a href="#[11c]">&gt;&gt;</a>&nbsp;&nbsp;&nbsp;SetPhaseVoltage
<LI><a href="#[ff]">&gt;&gt;</a>&nbsp;&nbsp;&nbsp;FL_Init
<LI><a href="#[115]">&gt;&gt;</a>&nbsp;&nbsp;&nbsp;MF_Config_Init
<LI><a href="#[113]">&gt;&gt;</a>&nbsp;&nbsp;&nbsp;MF_Clock_Init
<LI><a href="#[123]">&gt;&gt;</a>&nbsp;&nbsp;&nbsp;__aeabi_fmul
<LI><a href="#[11d]">&gt;&gt;</a>&nbsp;&nbsp;&nbsp;__aeabi_f2d
<LI><a href="#[7f]">&gt;&gt;</a>&nbsp;&nbsp;&nbsp;__2printf
</UL>
<BR>[Called By]<UL><LI><a href="#[76]">&gt;&gt;</a>&nbsp;&nbsp;&nbsp;__rt_entry_main
</UL>

<P><STRONG><a name="[11e]"></a>sin</STRONG> (Thumb, 146 bytes, Stack size 32 bytes, sin.o(i.sin))
<BR><BR>[Stack]<UL><LI>Max Depth = 208<LI>Call Chain = sin &rArr; __ieee754_rem_pio2 &rArr; __aeabi_dmul
</UL>
<BR>[Calls]<UL><LI><a href="#[134]">&gt;&gt;</a>&nbsp;&nbsp;&nbsp;__kernel_sin
<LI><a href="#[12f]">&gt;&gt;</a>&nbsp;&nbsp;&nbsp;__ieee754_rem_pio2
<LI><a href="#[137]">&gt;&gt;</a>&nbsp;&nbsp;&nbsp;__mathlib_dbl_invalid
<LI><a href="#[136]">&gt;&gt;</a>&nbsp;&nbsp;&nbsp;__mathlib_dbl_infnan
<LI><a href="#[132]">&gt;&gt;</a>&nbsp;&nbsp;&nbsp;__kernel_cos
<LI><a href="#[99]">&gt;&gt;</a>&nbsp;&nbsp;&nbsp;__set_errno
</UL>
<BR>[Called By]<UL><LI><a href="#[11c]">&gt;&gt;</a>&nbsp;&nbsp;&nbsp;SetPhaseVoltage
</UL>

<P><STRONG><a name="[125]"></a>sqrt</STRONG> (Thumb, 66 bytes, Stack size 24 bytes, sqrt.o(i.sqrt))
<BR><BR>[Stack]<UL><LI>Max Depth = 44<LI>Call Chain = sqrt &rArr; _dsqrt
</UL>
<BR>[Calls]<UL><LI><a href="#[13c]">&gt;&gt;</a>&nbsp;&nbsp;&nbsp;_dsqrt
<LI><a href="#[99]">&gt;&gt;</a>&nbsp;&nbsp;&nbsp;__set_errno
</UL>
<BR>[Called By]<UL><LI><a href="#[11c]">&gt;&gt;</a>&nbsp;&nbsp;&nbsp;SetPhaseVoltage
</UL>

<P><STRONG><a name="[6d]"></a>_get_lc_numeric</STRONG> (Thumb, 44 bytes, Stack size 8 bytes, lc_numeric_c.o(locale$$code))
<BR><BR>[Stack]<UL><LI>Max Depth = 24<LI>Call Chain = _get_lc_numeric &rArr; strcmp
</UL>
<BR>[Calls]<UL><LI><a href="#[13d]">&gt;&gt;</a>&nbsp;&nbsp;&nbsp;strcmp
</UL>
<BR>[Called By]<UL><LI><a href="#[6c]">&gt;&gt;</a>&nbsp;&nbsp;&nbsp;__rt_lib_init_lc_numeric_2
</UL>

<P><STRONG><a name="[3a]"></a>_get_lc_ctype</STRONG> (Thumb, 44 bytes, Stack size 8 bytes, lc_ctype_c.o(locale$$code))
<BR><BR>[Stack]<UL><LI>Max Depth = 24<LI>Call Chain = _get_lc_ctype &rArr; strcmp
</UL>
<BR>[Calls]<UL><LI><a href="#[13d]">&gt;&gt;</a>&nbsp;&nbsp;&nbsp;strcmp
</UL>
<BR>[Called By]<UL><LI><a href="#[6b]">&gt;&gt;</a>&nbsp;&nbsp;&nbsp;__rt_lib_init_lc_ctype_2
</UL>
<BR>[Address Reference Count : 1]<UL><LI> rt_ctype_table.o(.text)
</UL>
<P><STRONG><a name="[127]"></a>__aeabi_cdcmple</STRONG> (Thumb, 0 bytes, Stack size 24 bytes, dlef.o(x$fpl$dleqf))
<BR><BR>[Stack]<UL><LI>Max Depth = 24<LI>Call Chain = __aeabi_cdcmple
</UL>
<BR>[Called By]<UL><LI><a href="#[11c]">&gt;&gt;</a>&nbsp;&nbsp;&nbsp;SetPhaseVoltage
</UL>

<P><STRONG><a name="[13e]"></a>_dcmple</STRONG> (Thumb, 94 bytes, Stack size 24 bytes, dlef.o(x$fpl$dleqf), UNUSED)
<BR><BR>[Calls]<UL><LI><a href="#[ae]">&gt;&gt;</a>&nbsp;&nbsp;&nbsp;__fpl_dcmp_InfNaN
</UL>

<P><STRONG><a name="[126]"></a>__aeabi_cdrcmple</STRONG> (Thumb, 0 bytes, Stack size 32 bytes, drlef.o(x$fpl$drleqf))
<BR><BR>[Stack]<UL><LI>Max Depth = 32<LI>Call Chain = __aeabi_cdrcmple
</UL>
<BR>[Called By]<UL><LI><a href="#[139]">&gt;&gt;</a>&nbsp;&nbsp;&nbsp;bsp_as5600GetAngle
<LI><a href="#[11c]">&gt;&gt;</a>&nbsp;&nbsp;&nbsp;SetPhaseVoltage
</UL>

<P><STRONG><a name="[13f]"></a>_drcmple</STRONG> (Thumb, 100 bytes, Stack size 32 bytes, drlef.o(x$fpl$drleqf), UNUSED)
<BR><BR>[Calls]<UL><LI><a href="#[ae]">&gt;&gt;</a>&nbsp;&nbsp;&nbsp;__fpl_dcmp_InfNaN
</UL>

<P><STRONG><a name="[124]"></a>__aeabi_fadd</STRONG> (Thumb, 0 bytes, Stack size 16 bytes, faddsub.o(x$fpl$fadd))
<BR><BR>[Stack]<UL><LI>Max Depth = 16<LI>Call Chain = __aeabi_fadd
</UL>
<BR>[Called By]<UL><LI><a href="#[11c]">&gt;&gt;</a>&nbsp;&nbsp;&nbsp;SetPhaseVoltage
</UL>

<P><STRONG><a name="[140]"></a>_fadd</STRONG> (Thumb, 134 bytes, Stack size 16 bytes, faddsub.o(x$fpl$fadd), UNUSED)
<BR><BR>[Calls]<UL><LI><a href="#[141]">&gt;&gt;</a>&nbsp;&nbsp;&nbsp;_fsub1
</UL>

<P><STRONG><a name="[123]"></a>__aeabi_fmul</STRONG> (Thumb, 0 bytes, Stack size 16 bytes, fmul.o(x$fpl$fmul))
<BR><BR>[Stack]<UL><LI>Max Depth = 16<LI>Call Chain = __aeabi_fmul
</UL>
<BR>[Called By]<UL><LI><a href="#[11c]">&gt;&gt;</a>&nbsp;&nbsp;&nbsp;SetPhaseVoltage
<LI><a href="#[77]">&gt;&gt;</a>&nbsp;&nbsp;&nbsp;main
</UL>

<P><STRONG><a name="[187]"></a>_fmul</STRONG> (Thumb, 172 bytes, Stack size 16 bytes, fmul.o(x$fpl$fmul), UNUSED)

<P><STRONG><a name="[128]"></a>__aeabi_cfrcmple</STRONG> (Thumb, 0 bytes, Stack size 8 bytes, frlef.o(x$fpl$frleqf))
<BR><BR>[Stack]<UL><LI>Max Depth = 8<LI>Call Chain = __aeabi_cfrcmple
</UL>
<BR>[Called By]<UL><LI><a href="#[129]">&gt;&gt;</a>&nbsp;&nbsp;&nbsp;_normalizeAngle
<LI><a href="#[139]">&gt;&gt;</a>&nbsp;&nbsp;&nbsp;bsp_as5600GetAngle
<LI><a href="#[11c]">&gt;&gt;</a>&nbsp;&nbsp;&nbsp;SetPhaseVoltage
</UL>

<P><STRONG><a name="[142]"></a>_frcmple</STRONG> (Thumb, 84 bytes, Stack size 8 bytes, frlef.o(x$fpl$frleqf), UNUSED)
<BR><BR>[Calls]<UL><LI><a href="#[b1]">&gt;&gt;</a>&nbsp;&nbsp;&nbsp;__fpl_fcmp_InfNaN
</UL>

<P><STRONG><a name="[12b]"></a>__aeabi_fsub</STRONG> (Thumb, 0 bytes, Stack size 16 bytes, faddsub.o(x$fpl$fsub))
<BR><BR>[Stack]<UL><LI>Max Depth = 16<LI>Call Chain = __aeabi_fsub
</UL>
<BR>[Called By]<UL><LI><a href="#[139]">&gt;&gt;</a>&nbsp;&nbsp;&nbsp;bsp_as5600GetAngle
<LI><a href="#[11c]">&gt;&gt;</a>&nbsp;&nbsp;&nbsp;SetPhaseVoltage
</UL>

<P><STRONG><a name="[143]"></a>_fsub</STRONG> (Thumb, 204 bytes, Stack size 16 bytes, faddsub.o(x$fpl$fsub), UNUSED)
<BR><BR>[Calls]<UL><LI><a href="#[144]">&gt;&gt;</a>&nbsp;&nbsp;&nbsp;_fadd1
</UL>

<P><STRONG><a name="[48]"></a>_printf_fp_dec</STRONG> (Thumb, 16 bytes, Stack size 8 bytes, printf1.o(x$fpl$printf1))
<BR><BR>[Stack]<UL><LI>Max Depth = 8<LI>Call Chain = _printf_fp_dec
</UL>
<BR>[Called By]<UL><LI><a href="#[49]">&gt;&gt;</a>&nbsp;&nbsp;&nbsp;_printf_g
<LI><a href="#[47]">&gt;&gt;</a>&nbsp;&nbsp;&nbsp;_printf_e
<LI><a href="#[45]">&gt;&gt;</a>&nbsp;&nbsp;&nbsp;_printf_f
</UL>

<P><STRONG><a name="[4c]"></a>_printf_fp_hex</STRONG> (Thumb, 16 bytes, Stack size 8 bytes, printf2.o(x$fpl$printf2))
<BR><BR>[Stack]<UL><LI>Max Depth = 8<LI>Call Chain = _printf_fp_hex
</UL>
<BR>[Called By]<UL><LI><a href="#[4a]">&gt;&gt;</a>&nbsp;&nbsp;&nbsp;_printf_a
</UL>
<P>
<H3>
Local Symbols
</H3>
<P><STRONG><a name="[10e]"></a>FL_I2C_Master_IsActiveFlag_Start</STRONG> (Thumb, 12 bytes, Stack size 0 bytes, myi2c.o(i.FL_I2C_Master_IsActiveFlag_Start))
<BR><BR>[Called By]<UL><LI><a href="#[10d]">&gt;&gt;</a>&nbsp;&nbsp;&nbsp;I2C_Send_Bit
</UL>

<P><STRONG><a name="[10b]"></a>FL_I2C_Master_SetRespond</STRONG> (Thumb, 12 bytes, Stack size 0 bytes, myi2c.o(i.FL_I2C_Master_SetRespond))
<BR><BR>[Called By]<UL><LI><a href="#[109]">&gt;&gt;</a>&nbsp;&nbsp;&nbsp;I2C_Read_Bottom
</UL>

<P><STRONG><a name="[12e]"></a>SystemPLLClockUpdate</STRONG> (Thumb, 174 bytes, Stack size 8 bytes, system_fm33lc0xx.o(i.SystemPLLClockUpdate))
<BR><BR>[Stack]<UL><LI>Max Depth = 16<LI>Call Chain = SystemPLLClockUpdate &rArr; __ARM_common_switch8
</UL>
<BR>[Calls]<UL><LI><a href="#[104]">&gt;&gt;</a>&nbsp;&nbsp;&nbsp;__ARM_common_switch8
<LI><a href="#[fb]">&gt;&gt;</a>&nbsp;&nbsp;&nbsp;__aeabi_uidivmod
</UL>
<BR>[Called By]<UL><LI><a href="#[114]">&gt;&gt;</a>&nbsp;&nbsp;&nbsp;SystemCoreClockUpdate
</UL>

<P><STRONG><a name="[f6]"></a>FL_RCC_EnableGroup3BusClock</STRONG> (Thumb, 12 bytes, Stack size 0 bytes, fm33lc0xx_fl_i2c.o(i.FL_RCC_EnableGroup3BusClock))
<BR><BR>[Called By]<UL><LI><a href="#[f5]">&gt;&gt;</a>&nbsp;&nbsp;&nbsp;FL_I2C_MasterMode_Init
</UL>

<P><STRONG><a name="[f2]"></a>FL_GPIO_DisablePinAnalogSwitch</STRONG> (Thumb, 10 bytes, Stack size 0 bytes, fm33lc0xx_fl_gpio.o(i.FL_GPIO_DisablePinAnalogSwitch))
<BR><BR>[Called By]<UL><LI><a href="#[ee]">&gt;&gt;</a>&nbsp;&nbsp;&nbsp;FL_GPIO_Init
</UL>

<P><STRONG><a name="[ef]"></a>FL_GPIO_DisablePinInput</STRONG> (Thumb, 10 bytes, Stack size 0 bytes, fm33lc0xx_fl_gpio.o(i.FL_GPIO_DisablePinInput))
<BR><BR>[Called By]<UL><LI><a href="#[ee]">&gt;&gt;</a>&nbsp;&nbsp;&nbsp;FL_GPIO_Init
</UL>

<P><STRONG><a name="[f1]"></a>FL_GPIO_DisablePinOpenDrain</STRONG> (Thumb, 10 bytes, Stack size 0 bytes, fm33lc0xx_fl_gpio.o(i.FL_GPIO_DisablePinOpenDrain))
<BR><BR>[Called By]<UL><LI><a href="#[ee]">&gt;&gt;</a>&nbsp;&nbsp;&nbsp;FL_GPIO_Init
</UL>

<P><STRONG><a name="[f0]"></a>FL_GPIO_DisablePinPullup</STRONG> (Thumb, 10 bytes, Stack size 0 bytes, fm33lc0xx_fl_gpio.o(i.FL_GPIO_DisablePinPullup))
<BR><BR>[Called By]<UL><LI><a href="#[ee]">&gt;&gt;</a>&nbsp;&nbsp;&nbsp;FL_GPIO_Init
</UL>

<P><STRONG><a name="[f3]"></a>FL_GPIO_DisablePinRemap</STRONG> (Thumb, 10 bytes, Stack size 0 bytes, fm33lc0xx_fl_gpio.o(i.FL_GPIO_DisablePinRemap))
<BR><BR>[Called By]<UL><LI><a href="#[ee]">&gt;&gt;</a>&nbsp;&nbsp;&nbsp;FL_GPIO_Init
</UL>

<P><STRONG><a name="[f4]"></a>FL_GPIO_SetPinMode</STRONG> (Thumb, 26 bytes, Stack size 12 bytes, fm33lc0xx_fl_gpio.o(i.FL_GPIO_SetPinMode))
<BR><BR>[Stack]<UL><LI>Max Depth = 12<LI>Call Chain = FL_GPIO_SetPinMode
</UL>
<BR>[Called By]<UL><LI><a href="#[ee]">&gt;&gt;</a>&nbsp;&nbsp;&nbsp;FL_GPIO_Init
</UL>

<P><STRONG><a name="[ec]"></a>FL_ATIM_CC_SetChannelMode</STRONG> (Thumb, 54 bytes, Stack size 12 bytes, fm33lc0xx_fl_atim.o(i.FL_ATIM_CC_SetChannelMode))
<BR><BR>[Stack]<UL><LI>Max Depth = 12<LI>Call Chain = FL_ATIM_CC_SetChannelMode
</UL>
<BR>[Called By]<UL><LI><a href="#[e9]">&gt;&gt;</a>&nbsp;&nbsp;&nbsp;FL_ATIM_OC_Init
</UL>

<P><STRONG><a name="[e7]"></a>FL_ATIM_GenerateUpdateEvent</STRONG> (Thumb, 10 bytes, Stack size 0 bytes, fm33lc0xx_fl_atim.o(i.FL_ATIM_GenerateUpdateEvent))
<BR><BR>[Called By]<UL><LI><a href="#[e9]">&gt;&gt;</a>&nbsp;&nbsp;&nbsp;FL_ATIM_OC_Init
<LI><a href="#[e3]">&gt;&gt;</a>&nbsp;&nbsp;&nbsp;FL_ATIM_Init
</UL>

<P><STRONG><a name="[e8]"></a>FL_ATIM_IsActiveFlag_Update</STRONG> (Thumb, 16 bytes, Stack size 0 bytes, fm33lc0xx_fl_atim.o(i.FL_ATIM_IsActiveFlag_Update))
<BR><BR>[Called By]<UL><LI><a href="#[e9]">&gt;&gt;</a>&nbsp;&nbsp;&nbsp;FL_ATIM_OC_Init
<LI><a href="#[e3]">&gt;&gt;</a>&nbsp;&nbsp;&nbsp;FL_ATIM_Init
</UL>

<P><STRONG><a name="[ea]"></a>FL_ATIM_OC_DisableChannel</STRONG> (Thumb, 16 bytes, Stack size 8 bytes, fm33lc0xx_fl_atim.o(i.FL_ATIM_OC_DisableChannel))
<BR><BR>[Stack]<UL><LI>Max Depth = 8<LI>Call Chain = FL_ATIM_OC_DisableChannel
</UL>
<BR>[Called By]<UL><LI><a href="#[e9]">&gt;&gt;</a>&nbsp;&nbsp;&nbsp;FL_ATIM_OC_Init
<LI><a href="#[ed]">&gt;&gt;</a>&nbsp;&nbsp;&nbsp;OCConfig
</UL>

<P><STRONG><a name="[eb]"></a>FL_ATIM_OC_DisableReverseChannel</STRONG> (Thumb, 16 bytes, Stack size 8 bytes, fm33lc0xx_fl_atim.o(i.FL_ATIM_OC_DisableReverseChannel))
<BR><BR>[Stack]<UL><LI>Max Depth = 8<LI>Call Chain = FL_ATIM_OC_DisableReverseChannel
</UL>
<BR>[Called By]<UL><LI><a href="#[e9]">&gt;&gt;</a>&nbsp;&nbsp;&nbsp;FL_ATIM_OC_Init
<LI><a href="#[ed]">&gt;&gt;</a>&nbsp;&nbsp;&nbsp;OCConfig
</UL>

<P><STRONG><a name="[e6]"></a>FL_ATIM_SetCounterAlignedMode</STRONG> (Thumb, 12 bytes, Stack size 0 bytes, fm33lc0xx_fl_atim.o(i.FL_ATIM_SetCounterAlignedMode))
<BR><BR>[Called By]<UL><LI><a href="#[e3]">&gt;&gt;</a>&nbsp;&nbsp;&nbsp;FL_ATIM_Init
</UL>

<P><STRONG><a name="[e5]"></a>FL_RCC_EnableGroup1OperationClock</STRONG> (Thumb, 12 bytes, Stack size 0 bytes, fm33lc0xx_fl_atim.o(i.FL_RCC_EnableGroup1OperationClock))
<BR><BR>[Called By]<UL><LI><a href="#[e3]">&gt;&gt;</a>&nbsp;&nbsp;&nbsp;FL_ATIM_Init
</UL>

<P><STRONG><a name="[e4]"></a>FL_RCC_EnableGroup4BusClock</STRONG> (Thumb, 12 bytes, Stack size 0 bytes, fm33lc0xx_fl_atim.o(i.FL_RCC_EnableGroup4BusClock))
<BR><BR>[Called By]<UL><LI><a href="#[e3]">&gt;&gt;</a>&nbsp;&nbsp;&nbsp;FL_ATIM_Init
</UL>

<P><STRONG><a name="[ed]"></a>OCConfig</STRONG> (Thumb, 472 bytes, Stack size 24 bytes, fm33lc0xx_fl_atim.o(i.OCConfig))
<BR><BR>[Stack]<UL><LI>Max Depth = 32<LI>Call Chain = OCConfig &rArr; FL_ATIM_OC_DisableReverseChannel
</UL>
<BR>[Calls]<UL><LI><a href="#[eb]">&gt;&gt;</a>&nbsp;&nbsp;&nbsp;FL_ATIM_OC_DisableReverseChannel
<LI><a href="#[ea]">&gt;&gt;</a>&nbsp;&nbsp;&nbsp;FL_ATIM_OC_DisableChannel
</UL>
<BR>[Called By]<UL><LI><a href="#[e9]">&gt;&gt;</a>&nbsp;&nbsp;&nbsp;FL_ATIM_OC_Init
</UL>

<P><STRONG><a name="[108]"></a>FL_RCC_EnableGroup1OperationClock</STRONG> (Thumb, 12 bytes, Stack size 0 bytes, fm33lc0xx_fl_uart.o(i.FL_RCC_EnableGroup1OperationClock))
<BR><BR>[Called By]<UL><LI><a href="#[106]">&gt;&gt;</a>&nbsp;&nbsp;&nbsp;FL_UART_Init
</UL>

<P><STRONG><a name="[107]"></a>FL_RCC_EnableGroup3BusClock</STRONG> (Thumb, 12 bytes, Stack size 0 bytes, fm33lc0xx_fl_uart.o(i.FL_RCC_EnableGroup3BusClock))
<BR><BR>[Called By]<UL><LI><a href="#[106]">&gt;&gt;</a>&nbsp;&nbsp;&nbsp;FL_UART_Init
</UL>

<P><STRONG><a name="[8a]"></a>_dadd1</STRONG> (Thumb, 290 bytes, Stack size 20 bytes, daddsub.o(.text), UNUSED)
<BR><BR>[Called By]<UL><LI><a href="#[8c]">&gt;&gt;</a>&nbsp;&nbsp;&nbsp;_drsb
<LI><a href="#[8b]">&gt;&gt;</a>&nbsp;&nbsp;&nbsp;_dsub
<LI><a href="#[88]">&gt;&gt;</a>&nbsp;&nbsp;&nbsp;_dadd
</UL>

<P><STRONG><a name="[89]"></a>_dsub1</STRONG> (Thumb, 470 bytes, Stack size 40 bytes, daddsub.o(.text), UNUSED)
<BR><BR>[Called By]<UL><LI><a href="#[8c]">&gt;&gt;</a>&nbsp;&nbsp;&nbsp;_drsb
<LI><a href="#[8b]">&gt;&gt;</a>&nbsp;&nbsp;&nbsp;_dsub
<LI><a href="#[88]">&gt;&gt;</a>&nbsp;&nbsp;&nbsp;_dadd
</UL>

<P><STRONG><a name="[144]"></a>_fadd1</STRONG> (Thumb, 0 bytes, Stack size unknown bytes, faddsub.o(x$fpl$fadd), UNUSED)
<BR><BR>[Called By]<UL><LI><a href="#[143]">&gt;&gt;</a>&nbsp;&nbsp;&nbsp;_fsub
</UL>

<P><STRONG><a name="[141]"></a>_fsub1</STRONG> (Thumb, 0 bytes, Stack size unknown bytes, faddsub.o(x$fpl$fsub), UNUSED)
<BR><BR>[Called By]<UL><LI><a href="#[140]">&gt;&gt;</a>&nbsp;&nbsp;&nbsp;_fadd
</UL>

<P><STRONG><a name="[a1]"></a>_fp_digits</STRONG> (Thumb, 412 bytes, Stack size 96 bytes, _printf_fp_dec.o(.text))
<BR><BR>[Stack]<UL><LI>Max Depth = 272<LI>Call Chain = _fp_digits &rArr; _btod_etento &rArr; _btod_emul &rArr; btod_internal_mul &rArr; __ARM_common_ll_muluu
</UL>
<BR>[Calls]<UL><LI><a href="#[a4]">&gt;&gt;</a>&nbsp;&nbsp;&nbsp;_btod_ediv
<LI><a href="#[a5]">&gt;&gt;</a>&nbsp;&nbsp;&nbsp;_btod_emul
<LI><a href="#[a3]">&gt;&gt;</a>&nbsp;&nbsp;&nbsp;_btod_d2e
<LI><a href="#[a2]">&gt;&gt;</a>&nbsp;&nbsp;&nbsp;_btod_etento
<LI><a href="#[a6]">&gt;&gt;</a>&nbsp;&nbsp;&nbsp;_ll_udiv10
</UL>
<BR>[Called By]<UL><LI><a href="#[3b]">&gt;&gt;</a>&nbsp;&nbsp;&nbsp;_printf_fp_dec_real
</UL>

<P><STRONG><a name="[38]"></a>_printf_input_char</STRONG> (Thumb, 10 bytes, Stack size 0 bytes, _printf_char_common.o(.text))
<BR>[Address Reference Count : 1]<UL><LI> _printf_char_common.o(.text)
</UL>
<P><STRONG><a name="[b8]"></a>btod_internal_mul</STRONG> (Thumb, 492 bytes, Stack size 56 bytes, btod.o(.text))
<BR><BR>[Stack]<UL><LI>Max Depth = 80<LI>Call Chain = btod_internal_mul &rArr; __ARM_common_ll_muluu
</UL>
<BR>[Calls]<UL><LI><a href="#[b9]">&gt;&gt;</a>&nbsp;&nbsp;&nbsp;__ARM_common_ll_muluu
</UL>
<BR>[Called By]<UL><LI><a href="#[ba]">&gt;&gt;</a>&nbsp;&nbsp;&nbsp;_btod_emuld
<LI><a href="#[a5]">&gt;&gt;</a>&nbsp;&nbsp;&nbsp;_btod_emul
</UL>

<P><STRONG><a name="[bb]"></a>btod_internal_div</STRONG> (Thumb, 520 bytes, Stack size 64 bytes, btod.o(.text))
<BR><BR>[Stack]<UL><LI>Max Depth = 64<LI>Call Chain = btod_internal_div
</UL>
<BR>[Called By]<UL><LI><a href="#[bc]">&gt;&gt;</a>&nbsp;&nbsp;&nbsp;_btod_edivd
<LI><a href="#[a4]">&gt;&gt;</a>&nbsp;&nbsp;&nbsp;_btod_ediv
</UL>
<P>
<H3>
Undefined Global Symbols
</H3>
<P><STRONG><a name="[cf]"></a>_call_atexit_fns</STRONG> (ARM, 0 bytes, Stack size 0 bytes, UNDEFINED)
<BR><BR>[Called By]<UL><LI><a href="#[78]">&gt;&gt;</a>&nbsp;&nbsp;&nbsp;exit
</UL>

<P><STRONG><a name="[b5]"></a>_printf_mbtowc</STRONG> (ARM, 0 bytes, Stack size 0 bytes, UNDEFINED)
<BR><BR>[Called By]<UL><LI><a href="#[b4]">&gt;&gt;</a>&nbsp;&nbsp;&nbsp;_printf_cs_common
</UL>

<P><STRONG><a name="[b7]"></a>_printf_wc</STRONG> (ARM, 0 bytes, Stack size 0 bytes, UNDEFINED)
<BR><BR>[Called By]<UL><LI><a href="#[b6]">&gt;&gt;</a>&nbsp;&nbsp;&nbsp;_printf_lcs_common
</UL>
<HR></body></html>
