<html>
<body>
<pre>
<h1>µVision Build Log</h1>
<h2>Tool Versions:</h2>
IDE-Version: ¦ÌVision V5.31.0.0
Copyright (C) 2020 ARM Ltd and ARM Germany GmbH. All rights reserved.
License Information: A A A Flex license: MDK Essential 5.31 (Flex): 1 user(s) (mdk_essential) Support: Sep 2021
 
Tool Versions:
Toolchain:       MDK Essential 5.31 (Flex): 1 user(s)  Version: 5.31.0.0
Toolchain Path:  E:\Keil_v5\ARM\ARMCC\Bin
C Compiler:      Armcc.exe V5.06 update 6 (build 750)
Assembler:       Armasm.exe V5.06 update 6 (build 750)
Linker/Locator:  ArmLink.exe V5.06 update 6 (build 750)
Library Manager: ArmAr.exe V5.06 update 6 (build 750)
Hex Converter:   FromElf.exe V5.06 update 6 (build 750)
CPU DLL:         SARMCM3.DLL V5.31.0.0
Dialog DLL:      DARMCM1.DLL V1.19.3.0
Target DLL:      Segger\JL2CM3.dll V2.99.38.0
Dialog DLL:      TARMCM1.DLL V1.14.2.0
 
<h2>Project:</h2>
E:\Project\KEIL\LC0_Motor_RCHF\MDK-ARM\LC0_Motor_RCHF.uvprojx
Project File Date:  12/22/2023

<h2>Output:</h2>
*** Using Compiler 'V5.06 update 6 (build 750)', folder: 'E:\Keil_v5\ARM\ARMCC\Bin'
Build target 'LC0_Motor_RCHF'
compiling FOC_kenal.c...
linking...
Program Size: Code=25204 RO-data=1272 RW-data=52 ZI-data=4444  
FromELF: creating hex file...
".\Objects\LC0_Motor_RCHF.axf" - 0 Error(s), 0 Warning(s).

<h2>Software Packages used:</h2>

Package Vendor: FMSH
                https://fmdevelopers.oss-cn-shanghai.aliyuncs.com/FMSH.FM33LC0XX_DFP.3.0.4.pack
                FMSH.FM33LC0XX_DFP.3.0.4
                FMSH FM33LC0XX Series Device Family Pack

<h2>Collection of Component include folders:</h2>
  E:\Users\16562\AppData\Local\Arm\Packs\FMSH\FM33LC0XX_DFP\3.0.4\Device\Include

<h2>Collection of Component Files used:</h2>
Build Time Elapsed:  00:00:01
</pre>
</body>
</html>
